warning: in the working copy of 'ROADMAP.md', LF will be replaced by CRLF the next time Git touches it
warning: in the working copy of 'docs/02-technical-architecture.md', LF will be replaced by CRLF the next time Git touches it
warning: in the working copy of 'docs/07-responsive-ui-web-spec.md', LF will be replaced by CRLF the next time Git touches it
warning: in the working copy of 'docs/08-building-presentation-and-era-expansion.md', LF will be replaced by CRLF the next time Git touches it
warning: in the working copy of 'docs/abode-presentation-map.md', LF will be replaced by CRLF the next time Git touches it
warning: in the working copy of 'docs/development-status.md', LF will be replaced by CRLF the next time Git touches it
warning: in the working copy of 'docs/rule-differences.md', LF will be replaced by CRLF the next time Git touches it
warning: in the working copy of 'src/abode/abode_camera.gd', LF will be replaced by CRLF the next time Git touches it
warning: in the working copy of 'src/abode/living_abode.gd', LF will be replaced by CRLF the next time Git touches it
warning: in the working copy of 'src/application/game_session.gd', LF will be replaced by CRLF the next time Git touches it
warning: in the working copy of 'src/domain/game_state.gd', LF will be replaced by CRLF the next time Git touches it
warning: in the working copy of 'src/persistence/save_codec.gd', LF will be replaced by CRLF the next time Git touches it
warning: in the working copy of 'src/presentation/ui_material.gd', LF will be replaced by CRLF the next time Git touches it
warning: in the working copy of 'src/simulation/command_processor.gd', LF will be replaced by CRLF the next time Git touches it
warning: in the working copy of 'src/simulation/reincarnation_rules.gd', LF will be replaced by CRLF the next time Git touches it
warning: in the working copy of 'src/simulation/time_advancer.gd', LF will be replaced by CRLF the next time Git touches it
warning: in the working copy of 'tests/living_abode_runner.gd', LF will be replaced by CRLF the next time Git touches it
warning: in the working copy of 'tests/ui_material_states_runner.gd', LF will be replaced by CRLF the next time Git touches it
warning: in the working copy of 'tools/run_all_runners.ps1', LF will be replaced by CRLF the next time Git touches it
warning: in the working copy of 'updata.txt', LF will be replaced by CRLF the next time Git touches it
