ERROR: Failed to open 'user://logs/godot2026-10-03T12.35.24.log'.
   at: copy (core/io/dir_access.cpp:429)
ERROR: Failed to open log file for writing: user://logs/godot.log
   at: rotate_file (core/io/logger.cpp:169)
Godot Engine v4.7.2.stable.official.ed1daf0bf - https://godotengine.org

REJECT: join_sect SECT_LOCKED
ERROR: refresh_sect_tasks rejected command must leave all state unchanged
   at: push_error (core/variant/variant_utility.cpp:1023)
   GDScript backtrace (most recent call first):
       [0] _check (res://tests/m4a_session_integration_runner.gd:93)
       [1] _reject (res://tests/m4a_session_integration_runner.gd:103)
       [2] _init (res://tests/m4a_session_integration_runner.gd:11)
SCRIPT ERROR: Assertion failed: refresh_sect_tasks rejected command must leave all state unchanged
   at: _check (res://tests/m4a_session_integration_runner.gd:95)
   GDScript backtrace (most recent call first):
       [0] _check (res://tests/m4a_session_integration_runner.gd:95)
       [1] _reject (res://tests/m4a_session_integration_runner.gd:103)
       [2] _init (res://tests/m4a_session_integration_runner.gd:11)
ERROR: refresh_sect_tasks rejected command must leave all state unchanged
   at: push_error (core/variant/variant_utility.cpp:1023)
   GDScript backtrace (most recent call first):
       [0] _check (res://tests/m4a_session_integration_runner.gd:93)
       [1] _reject (res://tests/m4a_session_integration_runner.gd:103)
       [2] _init (res://tests/m4a_session_integration_runner.gd:11)
SCRIPT ERROR: Assertion failed: refresh_sect_tasks rejected command must leave all state unchanged
   at: _check (res://tests/m4a_session_integration_runner.gd:95)
   GDScript backtrace (most recent call first):
       [0] _check (res://tests/m4a_session_integration_runner.gd:95)
       [1] _reject (res://tests/m4a_session_integration_runner.gd:103)
       [2] _init (res://tests/m4a_session_integration_runner.gd:11)
REJECT: refresh_sect_tasks SECT_LOCKED
REJECT: start_sect_expedition 
REJECT: claim_sect_expedition SECT_LOCKED
REJECT: learn_sect_technique 
REJECT: buy_sect_market_item 
REJECT: switch_realm SPIRIT_REALM_LOCKED
REJECT: upgrade_realm_outpost REALM_LOCKED
REJECT: apply_buff EMPTY_BUFF_ID
REJECT: remove_buff EMPTY_BUFF_ID
ERROR: join_sect duplicate after reload
   at: push_error (core/variant/variant_utility.cpp:1023)
   GDScript backtrace (most recent call first):
       [0] _check (res://tests/m4a_session_integration_runner.gd:93)
       [1] _success (res://tests/m4a_session_integration_runner.gd:121)
       [2] _init (res://tests/m4a_session_integration_runner.gd:17)
SCRIPT ERROR: Assertion failed: join_sect duplicate after reload
   at: _check (res://tests/m4a_session_integration_runner.gd:95)
   GDScript backtrace (most recent call first):
       [0] _check (res://tests/m4a_session_integration_runner.gd:95)
       [1] _success (res://tests/m4a_session_integration_runner.gd:121)
       [2] _init (res://tests/m4a_session_integration_runner.gd:17)
SUCCESS + REPLAY + RELOAD: join_sect
REJECT: join_sect ALREADY_JOINED_SECT
REJECT: refresh_sect_tasks REFRESH_COOLDOWN
ERROR: refresh_sect_tasks duplicate after reload
   at: push_error (core/variant/variant_utility.cpp:1023)
   GDScript backtrace (most recent call first):
       [0] _check (res://tests/m4a_session_integration_runner.gd:93)
       [1] _success (res://tests/m4a_session_integration_runner.gd:121)
       [2] _init (res://tests/m4a_session_integration_runner.gd:20)
SCRIPT ERROR: Assertion failed: refresh_sect_tasks duplicate after reload
   at: _check (res://tests/m4a_session_integration_runner.gd:95)
   GDScript backtrace (most recent call first):
       [0] _check (res://tests/m4a_session_integration_runner.gd:95)
       [1] _success (res://tests/m4a_session_integration_runner.gd:121)
       [2] _init (res://tests/m4a_session_integration_runner.gd:20)
SUCCESS + REPLAY + RELOAD: refresh_sect_tasks
REJECT: start_sect_expedition TASK_NOT_FOUND
ERROR: start_sect_expedition duplicate after reload
   at: push_error (core/variant/variant_utility.cpp:1023)
   GDScript backtrace (most recent call first):
       [0] _check (res://tests/m4a_session_integration_runner.gd:93)
       [1] _success (res://tests/m4a_session_integration_runner.gd:121)
       [2] _init (res://tests/m4a_session_integration_runner.gd:23)
SCRIPT ERROR: Assertion failed: start_sect_expedition duplicate after reload
   at: _check (res://tests/m4a_session_integration_runner.gd:95)
   GDScript backtrace (most recent call first):
       [0] _check (res://tests/m4a_session_integration_runner.gd:95)
       [1] _success (res://tests/m4a_session_integration_runner.gd:121)
       [2] _init (res://tests/m4a_session_integration_runner.gd:23)
SUCCESS + REPLAY + RELOAD: start_sect_expedition
REJECT: start_sect_expedition EXPEDITION_ALREADY_ACTIVE
REJECT: claim_sect_expedition EXPEDITION_NOT_FINISHED
SCRIPT ERROR: Invalid call. Nonexistent function 'get_sect_view' in base 'RefCounted (GameSession)'.
   at: _ready_notice (res://tests/m4a_session_integration_runner.gd:135)
   GDScript backtrace (most recent call first):
       [0] _ready_notice (res://tests/m4a_session_integration_runner.gd:135)
       [1] _init (res://tests/m4a_session_integration_runner.gd:27)
ERROR: completion notification appears without granting reward
   at: push_error (core/variant/variant_utility.cpp:1023)
   GDScript backtrace (most recent call first):
       [0] _check (res://tests/m4a_session_integration_runner.gd:93)
       [1] _init (res://tests/m4a_session_integration_runner.gd:27)
SCRIPT ERROR: Assertion failed: completion notification appears without granting reward
   at: _check (res://tests/m4a_session_integration_runner.gd:95)
   GDScript backtrace (most recent call first):
       [0] _check (res://tests/m4a_session_integration_runner.gd:95)
       [1] _init (res://tests/m4a_session_integration_runner.gd:27)
ERROR: claim_sect_expedition duplicate after reload
   at: push_error (core/variant/variant_utility.cpp:1023)
   GDScript backtrace (most recent call first):
       [0] _check (res://tests/m4a_session_integration_runner.gd:93)
       [1] _success (res://tests/m4a_session_integration_runner.gd:121)
       [2] _init (res://tests/m4a_session_integration_runner.gd:29)
SCRIPT ERROR: Assertion failed: claim_sect_expedition duplicate after reload
   at: _check (res://tests/m4a_session_integration_runner.gd:95)
   GDScript backtrace (most recent call first):
       [0] _check (res://tests/m4a_session_integration_runner.gd:95)
       [1] _success (res://tests/m4a_session_integration_runner.gd:121)
       [2] _init (res://tests/m4a_session_integration_runner.gd:29)
SUCCESS + REPLAY + RELOAD: claim_sect_expedition
SCRIPT ERROR: Invalid call. Nonexistent function 'get_sect_view' in base 'RefCounted (GameSession)'.
   at: _ready_notice (res://tests/m4a_session_integration_runner.gd:135)
   GDScript backtrace (most recent call first):
       [0] _ready_notice (res://tests/m4a_session_integration_runner.gd:135)
       [1] _init (res://tests/m4a_session_integration_runner.gd:31)
REJECT: claim_sect_expedition NO_ACTIVE_EXPEDITION
REJECT: learn_sect_technique UNKNOWN_TECHNIQUE
REJECT: buy_sect_market_item UNKNOWN_MARKET_ITEM
REJECT: learn_sect_technique INSUFFICIENT_CONTRIBUTION
REJECT: buy_sect_market_item INSUFFICIENT_CONTRIBUTION
REJECT: learn_sect_technique INSUFFICIENT_WOOD
ERROR: learn_sect_technique duplicate after reload
   at: push_error (core/variant/variant_utility.cpp:1023)
   GDScript backtrace (most recent call first):
       [0] _check (res://tests/m4a_session_integration_runner.gd:93)
       [1] _success (res://tests/m4a_session_integration_runner.gd:121)
       [2] _init (res://tests/m4a_session_integration_runner.gd:42)
SCRIPT ERROR: Assertion failed: learn_sect_technique duplicate after reload
   at: _check (res://tests/m4a_session_integration_runner.gd:95)
   GDScript backtrace (most recent call first):
       [0] _check (res://tests/m4a_session_integration_runner.gd:95)
       [1] _success (res://tests/m4a_session_integration_runner.gd:121)
       [2] _init (res://tests/m4a_session_integration_runner.gd:42)
SUCCESS + REPLAY + RELOAD: learn_sect_technique
ERROR: buy_sect_market_item duplicate after reload
   at: push_error (core/variant/variant_utility.cpp:1023)
   GDScript backtrace (most recent call first):
       [0] _check (res://tests/m4a_session_integration_runner.gd:93)
       [1] _success (res://tests/m4a_session_integration_runner.gd:121)
       [2] _init (res://tests/m4a_session_integration_runner.gd:44)
SCRIPT ERROR: Assertion failed: buy_sect_market_item duplicate after reload
   at: _check (res://tests/m4a_session_integration_runner.gd:95)
   GDScript backtrace (most recent call first):
       [0] _check (res://tests/m4a_session_integration_runner.gd:95)
       [1] _success (res://tests/m4a_session_integration_runner.gd:121)
       [2] _init (res://tests/m4a_session_integration_runner.gd:44)
SUCCESS + REPLAY + RELOAD: buy_sect_market_item
SCRIPT ERROR: Invalid access to property or key 'herb' on a base object of type 'Dictionary'.
   at: _init (res://tests/m4a_session_integration_runner.gd:45)
   GDScript backtrace (most recent call first):
       [0] _init (res://tests/m4a_session_integration_runner.gd:45)
ERROR: Failed to read the root certificate store.
   at: get_system_ca_certificates (platform/windows/os_windows.cpp:2582)
