Godot Engine v4.7.2.stable.official.ed1daf0bf - https://godotengine.org

ERROR: Failed to read the root certificate store.
   at: get_system_ca_certificates (platform/windows/os_windows.cpp:2582)
[   0% ] [90m[1mfirst_scan_filesystem[22m | Started 專案初始化中 (5 steps)[39m[0m
[   0% ] [90m[1mfirst_scan_filesystem[22m | 正在掃描檔案結構…[39m[0m
[  16% ] [90m[1mfirst_scan_filesystem[22m | 正在載入全域類別名稱…[39m[0m
[  33% ] [90m[1mfirst_scan_filesystem[22m | 正在驗證 GDExtension…[39m[0m
[  50% ] [90m[1mfirst_scan_filesystem[22m | 正在建立自動載入腳本…[39m[0m
[  66% ] [90m[1mfirst_scan_filesystem[22m | 初始化外掛程式...[39m[0m
[  83% ] [90m[1mfirst_scan_filesystem[22m | 開始掃描檔案...[39m[0m
[92m[ DONE ][39m [1mfirst_scan_filesystem[22m
[0m
[   0% ] [90m[1mupdate_scripts_classes[22m | Started 註冊全域類別中... (4 steps)[39m[0m
[   0% ] [90m[1mupdate_scripts_classes[22m | [39m[0m
[  20% ] [90m[1mupdate_scripts_classes[22m | [39m[0m
[  40% ] [90m[1mupdate_scripts_classes[22m | [39m[0m
[  60% ] [90m[1mupdate_scripts_classes[22m | [39m[0m
[92m[ DONE ][39m [1mupdate_scripts_classes[22m
[0m
[   0% ] [90m[1m_update_scan_actions[22m | Started 掃描動作中... (12 steps)[39m[0m
[   0% ] [90m[1m_update_scan_actions[22m | web-alchemy-844x390.png[39m[0m
[   7% ] [90m[1m_update_scan_actions[22m | web-beasts-844x390.png[39m[0m
[  15% ] [90m[1m_update_scan_actions[22m | web-beasts-1280x720.png[39m[0m
[  23% ] [90m[1m_update_scan_actions[22m | web-decisions-844x390.png[39m[0m
[  30% ] [90m[1m_update_scan_actions[22m | web-fortune-844x390.png[39m[0m
[  38% ] [90m[1m_update_scan_actions[22m | web-outposts-844x390.png[39m[0m
[  46% ] [90m[1m_update_scan_actions[22m | web-portrait-cold-start-360x640.png[39m[0m
[  53% ] [90m[1m_update_scan_actions[22m | web-realms-844x390.png[39m[0m
[  61% ] [90m[1m_update_scan_actions[22m | web-realms-1280x720.png[39m[0m
[  69% ] [90m[1m_update_scan_actions[22m | ui-first-glimpse-v1.png[39m[0m
[  76% ] [90m[1m_update_scan_actions[22m | ui-home-v1.png[39m[0m
[  84% ] [90m[1m_update_scan_actions[22m | ui-nine-realms-v1.png[39m[0m
[92m[ DONE ][39m [1m_update_scan_actions[22m
[0m
[   0% ] [90m[1mloading_editor_layout[22m | Started 正在載入編輯器 (5 steps)[39m[0m
[   0% ] [90m[1mloading_editor_layout[22m | 正在載入編輯器佈局…[39m[0m
[  16% ] [90m[1mloading_editor_layout[22m | 正在載入面板…[39m[0m
[92m[ DONE ][39m [1mloading_editor_layout[22m
[0m
