Godot Engine v4.7.2.stable.official.ed1daf0bf - https://godotengine.org

ERROR: Could not open 'user://' directory: 'user://'.
   at: _get_and_create_snapshot_storage_dir (modules/objectdb_profiler/editor/objectdb_profiler_panel.cpp:157)
[   0% ] [90m[1mfirst_scan_filesystem[22m | Started 專案初始化中 (5 steps)[39m[0m
[   0% ] [90m[1mfirst_scan_filesystem[22m | 正在掃描檔案結構…[39m[0m
[  16% ] [90m[1mfirst_scan_filesystem[22m | 正在載入全域類別名稱…[39m[0m
[  33% ] [90m[1mfirst_scan_filesystem[22m | 正在驗證 GDExtension…[39m[0m
[  50% ] [90m[1mfirst_scan_filesystem[22m | 正在建立自動載入腳本…[39m[0m
[  66% ] [90m[1mfirst_scan_filesystem[22m | 初始化外掛程式...[39m[0m
[  83% ] [90m[1mfirst_scan_filesystem[22m | 開始掃描檔案...[39m[0m
[92m[ DONE ][39m [1mfirst_scan_filesystem[22m
[0m
[   0% ] [90m[1m_update_scan_actions[22m | Started 掃描動作中... (25 steps)[39m[0m
[   0% ] [90m[1m_update_scan_actions[22m | ore_body.png[39m[0m
[   3% ] [90m[1m_update_scan_actions[22m | ore_landmark.png[39m[0m
[   7% ] [90m[1m_update_scan_actions[22m | wood_body.png[39m[0m
[  11% ] [90m[1m_update_scan_actions[22m | wood_landmark.png[39m[0m
[  15% ] [90m[1m_update_scan_actions[22m | sky_tearfall_island_v6.png[39m[0m
[  19% ] [90m[1m_update_scan_actions[22m | terrain.png[39m[0m
[  23% ] [90m[1m_update_scan_actions[22m | web-alchemy-844x390.png[39m[0m
[  26% ] [90m[1m_update_scan_actions[22m | web-beasts-844x390.png[39m[0m
[  30% ] [90m[1m_update_scan_actions[22m | web-beasts-1280x720.png[39m[0m
[  34% ] [90m[1m_update_scan_actions[22m | web-decisions-844x390.png[39m[0m
[  38% ] [90m[1m_update_scan_actions[22m | web-fortune-844x390.png[39m[0m
[  42% ] [90m[1m_update_scan_actions[22m | web-outposts-844x390.png[39m[0m
[  46% ] [90m[1m_update_scan_actions[22m | web-portrait-cold-start-360x640.png[39m[0m
[  50% ] [90m[1m_update_scan_actions[22m | web-realms-844x390.png[39m[0m
[  53% ] [90m[1m_update_scan_actions[22m | web-realms-1280x720.png[39m[0m
[  57% ] [90m[1m_update_scan_actions[22m | text-level-desktop.png[39m[0m
[  61% ] [90m[1m_update_scan_actions[22m | text-level-reload.png[39m[0m
[  65% ] [90m[1m_update_scan_actions[22m | text-level-short.png[39m[0m
[  69% ] [90m[1m_update_scan_actions[22m | world-text-desktop.png[39m[0m
[  73% ] [90m[1m_update_scan_actions[22m | world-text-far.png[39m[0m
[  76% ] [90m[1m_update_scan_actions[22m | world-text-minimum.png[39m[0m
[  80% ] [90m[1m_update_scan_actions[22m | world-text-short.png[39m[0m
[  84% ] [90m[1m_update_scan_actions[22m | ui-first-glimpse-v1.png[39m[0m
[  88% ] [90m[1m_update_scan_actions[22m | ui-home-v1.png[39m[0m
[  92% ] [90m[1m_update_scan_actions[22m | ui-nine-realms-v1.png[39m[0m
[92m[ DONE ][39m [1m_update_scan_actions[22m
[0m
[   0% ] [90m[1mreimport[22m | Started （重新）匯入素材 (6 steps)[39m[0m
[   0% ] [90m[1mreimport[22m | 正在準備重新匯入檔案…[39m[0m
[  14% ] [90m[1mreimport[22m | 正在準備重新匯入檔案…[39m[0m
[  28% ] [90m[1mreimport[22m | 正在準備重新匯入檔案…[39m[0m
[  42% ] [90m[1mreimport[22m | 正在準備重新匯入檔案…[39m[0m
[  57% ] [90m[1mreimport[22m | 正在準備重新匯入檔案…[39m[0m
[  71% ] [90m[1mreimport[22m | 正在準備重新匯入檔案…[39m[0m
[   0% ] [90m[1mreimport[22m | 執行預先重新匯入作業…[39m[0m
[   0% ] [90m[1mreimport[22m | ore_body.png[39m[0m
[  14% ] [90m[1mreimport[22m | ore_landmark.png[39m[0m
[  28% ] [90m[1mreimport[22m | wood_body.png[39m[0m
[  42% ] [90m[1mreimport[22m | wood_landmark.png[39m[0m
[  57% ] [90m[1mreimport[22m | sky_tearfall_island_v6.png[39m[0m
[  71% ] [90m[1mreimport[22m | terrain.png[39m[0m
[  85% ] [90m[1mreimport[22m | 完成素材匯入...[39m[0m
[92m[ DONE ][39m [1mreimport[22m
[0m
[   0% ] [90m[1mreimport[22m | Started （重新）匯入素材 (6 steps)[39m[0m
[   0% ] [90m[1mreimport[22m | 執行重新匯入後續處理作業…[39m[0m
[92m[ DONE ][39m [1mreimport[22m
[0m
[   0% ] [90m[1mloading_editor_layout[22m | Started 正在載入編輯器 (5 steps)[39m[0m
[   0% ] [90m[1mloading_editor_layout[22m | 正在載入編輯器佈局…[39m[0m
[  16% ] [90m[1mloading_editor_layout[22m | 正在載入面板…[39m[0m
[92m[ DONE ][39m [1mloading_editor_layout[22m
[0m
