[RUNNING] tools/test_runner.gd
Godot Engine v4.7.2.stable.official.ed1daf0bf - https://godotengine.org

PASS: project script, JSON serialization, user storage, and Traditional Chinese font glyphs are available.
[RUNNING] tests/abode_state_runner.gd
Godot Engine v4.7.2.stable.official.ed1daf0bf - https://godotengine.org

PASS: abode state advances independently from visual flow, upgrades, and garden pause.
[RUNNING] tests/living_abode_runner.gd
Godot Engine v4.7.2.stable.official.ed1daf0bf - https://godotengine.org

ABODE_LAYOUT mode=portrait size=(1280.0, 1280.0)
ABODE_READY: native Camera2D, home landmark and managed building catalogue, autonomous state and flying swords
ABODE_LAYOUT mode=portrait size=(1280.0, 1280.0)
ABODE_LAYOUT mode=portrait size=(1280.0, 1280.0)
ABODE_LAYOUT mode=wide size=(1280.0, 720.0)
ABODE_CAMERA_HOME
ABODE_UPGRADE: hut level=1
ABODE_DIRECT_BUILD: hut
ABODE_LAYOUT mode=wide size=(1280.0, 720.0)
ABODE_LAYOUT mode=wide size=(1280.0, 720.0)
ABODE_LAYOUT mode=wide size=(1280.0, 720.0)
ABODE_SELECT: hut
ABODE_UPGRADE: hut level=2
ABODE_SCENERY_CLAIM 靈木萌枝 靈木 +6
ABODE_LAYOUT mode=wide size=(1280.0, 720.0)
ABODE_LAYOUT mode=wide size=(1280.0, 720.0)
ABODE_GARDEN_RUNNING: false
ABODE_LAYOUT mode=wide size=(1280.0, 720.0)
ABODE_LAYOUT mode=wide size=(1280.0, 720.0)
ABODE_CAMERA_REGION
ABODE_REGION: same world and simulation retained
ABODE_LAYOUT mode=wide size=(1280.0, 720.0)
ABODE_LAYOUT mode=wide size=(1280.0, 720.0)
ABODE_CAMERA_HOME
ABODE_HOME
PASS: living abode selects buildings, upgrades, pauses production, and changes scale.
ABODE_LAYOUT mode=portrait size=(1280.0, 1280.0)
ERROR: 1 RID allocations of type 'PN18TextServerAdvanced12FontAdvancedE' were leaked at exit.
WARNING: 1 RID of type "CanvasItem" was leaked.
   at: _free_rids (servers/rendering/renderer_canvas_cull.cpp:2733)
WARNING: 6 ObjectDB instances were leaked at exit (run with `--verbose` for details).
   at: cleanup (core/object/object.cpp:2536)
[RUNNING] tests/m0c_compat_v3_runner.gd
Godot Engine v4.7.2.stable.official.ed1daf0bf - https://godotengine.org

PASS: M0-C AmountCompat canonical contract and SeededRandomCompat match the fixture.
[RUNNING] tests/m1a_core_runner.gd
Godot Engine v4.7.2.stable.official.ed1daf0bf - https://godotengine.org

PASS: M1-A core contract, content validation, cost/onboarding parity, commands, idempotency, determinism.
[RUNNING] tests/res1a_processing_runner.gd
Godot Engine v4.7.2.stable.official.ed1daf0bf - https://godotengine.org

PASS: RES1-A 145 checks; sources, closure, atomic Craft, canonical inventory, Amount, Session replay.
[RUNNING] tests/res1b_economy_runner.gd
Godot Engine v4.7.2.stable.official.ed1daf0bf - https://godotengine.org

ERROR: Parse JSON failed. Error at line 0: Expected 'true', 'false', or 'null', got 'broken'
   at: parse_string (core/io/json.cpp:629)
   GDScript backtrace (most recent call first):
       [0] decode (res://src/persistence/save_codec.gd:44)
       [1] <anonymous lambda> (res://src/persistence/save_manager.gd:222)
       [2] read_best (res://src/persistence/save_slots.gd:62)
       [3] _load_from_slots (res://src/persistence/save_manager.gd:221)
       [4] current_state (res://src/persistence/save_manager.gd:89)
       [5] _test_persistence (res://tests/res1b_economy_runner.gd:353)
       [6] _init (res://tests/res1b_economy_runner.gd:33)
PASS: RES1-B 251 checks; timed batches, local inventory, cargo conservation, time, migration, offline retry, reincarnation.
[RUNNING] tests/res1c_progression_runner.gd
Godot Engine v4.7.2.stable.official.ed1daf0bf - https://godotengine.org

ERROR: Parse JSON failed. Error at line 0: Expected 'true', 'false', or 'null', got 'corrupt'
   at: parse_string (core/io/json.cpp:629)
   GDScript backtrace (most recent call first):
       [0] decode (res://src/persistence/save_codec.gd:44)
       [1] activate_islands (res://src/persistence/save_manager.gd:42)
       [2] _run (res://tests/res1c_progression_runner.gd:112)
RES1C_OFFLINE_CPU_MS: 12559 ticks=86400
PASS: RES1-C1 87 checks; blank Era2, T2 sinks, bottleneck, migration retry, saves, time and UI.
[RUNNING] tests/res1c2_offline_runner.gd
Godot Engine v4.7.2.stable.official.ed1daf0bf - https://godotengine.org

C2_CHUNKS: duration_ms=600000 yields=76
C2_CHUNKS: duration_ms=172800000 yields=1994
C2_CHUNKS: duration_ms=-1000 yields=0
C2_CHUNKS: duration_ms=850 yields=1
PASS: RES1-C2 chunked settlement 26 checks
[RUNNING] tests/resource_feedback_runner.gd
Godot Engine v4.7.2.stable.official.ed1daf0bf - https://godotengine.org

ABODE_LAYOUT mode=portrait size=(1280.0, 1280.0)
ABODE_READY: native Camera2D, home landmark and managed building catalogue, autonomous state and flying swords
ABODE_LAYOUT mode=portrait size=(1280.0, 1280.0)
ABODE_LAYOUT mode=portrait size=(1280.0, 1280.0)
ABODE_LAYOUT mode=wide size=(1280.0, 720.0)
ABODE_CAMERA_HOME
ABODE_LAYOUT mode=wide size=(1280.0, 720.0)
ABODE_LAYOUT mode=portrait size=(1280.0, 1280.0)
ABODE_LAYOUT mode=portrait size=(1280.0, 1280.0)
ABODE_LAYOUT mode=portrait size=(1280.0, 1280.0)
ABODE_LAYOUT mode=compact size=(844.0, 390.0)
ABODE_CAMERA_HOME
ABODE_LAYOUT mode=compact size=(844.0, 390.0)
ABODE_LAYOUT mode=compact size=(844.0, 390.0)
ABODE_LAYOUT mode=compact size=(844.0, 390.0)
PASS: RESOURCE-FEEDBACK-R1 738 checks
ERROR: 1 RID allocations of type 'PN18TextServerAdvanced12FontAdvancedE' were leaked at exit.
WARNING: 1 RID of type "CanvasItem" was leaked.
   at: _free_rids (servers/rendering/renderer_canvas_cull.cpp:2733)
WARNING: 8 ObjectDB instances were leaked at exit (run with `--verbose` for details).
   at: cleanup (core/object/object.cpp:2536)
ERROR: 1 resources still in use at exit (run with --verbose for details).
   at: clear (core/io/resource.cpp:822)
[RUNNING] tests/m1b_time_runner.gd
Godot Engine v4.7.2.stable.official.ed1daf0bf - https://godotengine.org

ERROR: File res://src/simulation/offline_settlement.gd contains Time. or OS. token
   at: push_error (core/variant/variant_utility.cpp:1023)
   GDScript backtrace (most recent call first):
       [0] _init (res://tests/m1b_time_runner.gd:28)
E:\WORK\Dao2\tools\run_all_runners.ps1 : Runner failed: tests/m1b_time_runner.gd with exit code 1
At E:\WORK\Dao2\tools\run_all_runners.ps1:62 char:9
+         Write-Error "Runner failed: $r with exit code $LASTEXITCODE"
+         ~~~~~~~~~~~~~~~~~~~~~~~~~~~~~~~~~~~~~~~~~~~~~~~~~~~~~~~~~~~~
    + CategoryInfo          : NotSpecified: (:) [Write-Error], WriteErrorException
    + FullyQualifiedErrorId : Microsoft.PowerShell.Commands.WriteErrorException,run_all_runners.ps1
 
