Godot Engine v4.7.2.stable.official.ed1daf0bf - https://godotengine.org

ABODE_LAYOUT mode=portrait size=(1280.0, 1280.0)
ABODE_READY: native Camera2D, home landmark and managed building catalogue, autonomous state and flying swords
ABODE_LAYOUT mode=portrait size=(1280.0, 1280.0)
ABODE_LAYOUT mode=portrait size=(1280.0, 1280.0)
ABODE_LAYOUT mode=portrait size=(1280.0, 1280.0)
ABODE_LAYOUT mode=portrait size=(1280.0, 1280.0)
ABODE_LAYOUT mode=wide size=(1280.0, 720.0)
ABODE_CAMERA_HOME
ABODE_LAYOUT mode=wide size=(1280.0, 720.0)
ABODE_LAYOUT mode=wide size=(1280.0, 720.0)
ABODE_LAYOUT mode=wide size=(1280.0, 720.0)
ABODE_LAYOUT mode=wide size=(1280.0, 720.0)
ABODE_LAYOUT mode=wide size=(1280.0, 720.0)
ABODE_LAYOUT mode=wide size=(1280.0, 720.0)
ABODE_LAYOUT mode=wide size=(1280.0, 720.0)
ABODE_LAYOUT mode=wide size=(1558.0, 720.0)
ABODE_CAMERA_HOME
ABODE_LAYOUT mode=compact size=(844.0, 390.0)
ABODE_CAMERA_HOME
ABODE_LAYOUT mode=compact size=(844.0, 390.0)
ABODE_LAYOUT mode=compact size=(844.0, 390.0)
ABODE_LAYOUT mode=compact size=(844.0, 390.0)
ABODE_LAYOUT mode=compact size=(844.0, 390.0)
ABODE_LAYOUT mode=compact size=(844.0, 390.0)
ABODE_LAYOUT mode=compact size=(866.0, 390.0)
ABODE_CAMERA_HOME
ABODE_LAYOUT mode=compact size=(800.0, 360.0)
ABODE_CAMERA_HOME
ABODE_LAYOUT mode=compact size=(800.0, 360.0)
ABODE_LAYOUT mode=compact size=(800.0, 360.0)
ABODE_LAYOUT mode=compact size=(800.0, 360.0)
ABODE_LAYOUT mode=compact size=(800.0, 360.0)
ABODE_LAYOUT mode=compact size=(800.0, 360.0)
ABODE_LAYOUT mode=compact size=(800.0, 360.0)
ABODE_LAYOUT mode=compact size=(800.0, 360.0)
SCRIPT ERROR: Invalid access to property or key 'upgrade' on a base object of type 'Dictionary'.
   at: _run (res://tests/res1_ui1a_runner.gd:116)
   GDScript backtrace (most recent call first):
       [0] _run (res://tests/res1_ui1a_runner.gd:116)
