Godot Engine v4.7.2.stable.official.ed1daf0bf - https://godotengine.org

EARNED: Era3 Lv10 sim_seconds=11561.0
ERROR: C to D2 archive retry
   at: push_error (core/variant/variant_utility.cpp:1023)
   GDScript backtrace (most recent call first):
       [0] finish (res://tests/res1d2_integration_runner.gd:267)
       [1] _run (res://tests/res1d2_integration_runner.gd:165)
ERROR: migration preserves jobs cargo facilities inventories
   at: push_error (core/variant/variant_utility.cpp:1023)
   GDScript backtrace (most recent call first):
       [0] finish (res://tests/res1d2_integration_runner.gd:267)
       [1] _run (res://tests/res1d2_integration_runner.gd:165)
ERROR: D2 reincarnation
   at: push_error (core/variant/variant_utility.cpp:1023)
   GDScript backtrace (most recent call first):
       [0] finish (res://tests/res1d2_integration_runner.gd:267)
       [1] _run (res://tests/res1d2_integration_runner.gd:165)
ERROR: rebirth clears D2 cargo jobs Danxia
   at: push_error (core/variant/variant_utility.cpp:1023)
   GDScript backtrace (most recent call first):
       [0] finish (res://tests/res1d2_integration_runner.gd:267)
       [1] _run (res://tests/res1d2_integration_runner.gd:165)
