ERROR: Failed to open log file for writing: user://logs/godot.log
   at: rotate_file (core/io/logger.cpp:169)
Godot Engine v4.7.2.stable.official.ed1daf0bf - https://godotengine.org

ERROR: Parse JSON failed. Error at line 0: Expected 'true', 'false', or 'null', got 'corrupt'
   at: parse_string (core/io/json.cpp:629)
   GDScript backtrace (most recent call first):
       [0] decode (res://src/persistence/save_codec.gd:44)
       [1] activate_islands (res://src/persistence/save_manager.gd:42)
       [2] _run (res://tests/res1c_progression_runner.gd:112)
RES1C_OFFLINE_CPU_MS: 8472 ticks=86400
ERROR: rebirth retains C contract
   at: push_error (core/variant/variant_utility.cpp:1023)
   GDScript backtrace (most recent call first):
       [0] _run (res://tests/res1c_progression_runner.gd:197)
       [1] _test_ui (res://tests/res1c_progression_runner.gd:217)
ERROR: rebirth clears jobs/cargo/openings
   at: push_error (core/variant/variant_utility.cpp:1023)
   GDScript backtrace (most recent call first):
       [0] _run (res://tests/res1c_progression_runner.gd:197)
       [1] _test_ui (res://tests/res1c_progression_runner.gd:217)
ERROR: rebirth clears facility upgrades
   at: push_error (core/variant/variant_utility.cpp:1023)
   GDScript backtrace (most recent call first):
       [0] _run (res://tests/res1c_progression_runner.gd:197)
       [1] _test_ui (res://tests/res1c_progression_runner.gd:217)
