Godot Engine v4.7.2.stable.official.ed1daf0bf - https://godotengine.org

[   0% ] first_scan_filesystem | Started 專案初始化中 (5 steps)
[   0% ] first_scan_filesystem | 正在掃描檔案結構…
[  16% ] first_scan_filesystem | 正在載入全域類別名稱…
[  33% ] first_scan_filesystem | 正在驗證 GDExtension…
[  50% ] first_scan_filesystem | 正在建立自動載入腳本…
[  66% ] first_scan_filesystem | 初始化外掛程式...
[  83% ] first_scan_filesystem | 開始掃描檔案...
[ DONE ] first_scan_filesystem

[   0% ] _update_scan_actions | Started 掃描動作中... (54 steps)
[   0% ] _update_scan_actions | web-alchemy-844x390.png
[   1% ] _update_scan_actions | web-beasts-844x390.png
[   3% ] _update_scan_actions | web-beasts-1280x720.png
[   5% ] _update_scan_actions | web-decisions-844x390.png
[   7% ] _update_scan_actions | web-fortune-844x390.png
[   9% ] _update_scan_actions | web-outposts-844x390.png
[  10% ] _update_scan_actions | web-portrait-cold-start-360x640.png
[  12% ] _update_scan_actions | web-realms-844x390.png
[  14% ] _update_scan_actions | web-realms-1280x720.png
[  16% ] _update_scan_actions | res1-c2-degradation-actions-end.png
[  18% ] _update_scan_actions | res1-c2-degradation-actions-mid.png
[  20% ] _update_scan_actions | res1-c2-degradation-extended.png
[  21% ] _update_scan_actions | res1-c2-degradation-reload.png
[  23% ] _update_scan_actions | res1-c2-encode-desktop.png
[  25% ] _update_scan_actions | res1-c2-encode-reload.png
[  27% ] _update_scan_actions | res1-c2-encode-reloaded-level.png
[  29% ] _update_scan_actions | res1-c2-encode-short.png
[  30% ] _update_scan_actions | res1-c2-encode-web-retry.png
[  32% ] _update_scan_actions | res1-c2-perf-bgm-toggle.png
[  34% ] _update_scan_actions | res1-c2-perf-browser-retry49.png
[  36% ] _update_scan_actions | res1-c2-perf-cold-final.png
[  38% ] _update_scan_actions | res1-c2-perf-home-short.png
[  40% ] _update_scan_actions | res1-c2-perf-offline-progress.png
[  41% ] _update_scan_actions | res1-c2-perf-offline-reload.png
[  43% ] _update_scan_actions | res1-c2-perf-offline-summary.png
[  45% ] _update_scan_actions | res1-c2-perf-ore-short-scroll.png
[  47% ] _update_scan_actions | res1-c2-perf-ore-short.png
[  49% ] _update_scan_actions | res1-c2-perf-r2-fps-v3-review.png
[  50% ] _update_scan_actions | res1-c2-perf-web-switch-10.png
[  52% ] _update_scan_actions | res1-c2-perf-web-switch-20.png
[  54% ] _update_scan_actions | res1-c2-perf-web-switch-30.png
[  56% ] _update_scan_actions | res1-c2-perf-web-switch-40.png
[  58% ] _update_scan_actions | res1-c2-perf-web-switch-50.png
[  60% ] _update_scan_actions | res1-c2-perf-wood-desktop.png
[  61% ] _update_scan_actions | res1-c2-perf-wood-management.png
[  63% ] _update_scan_actions | res1-c2-task-normal.png
[  65% ] _update_scan_actions | res1-d2-r1-compact-final.png
[  67% ] _update_scan_actions | res1-d2-r1-compact-stop.png
[  69% ] _update_scan_actions | res1-d2-r1-desktop.png
[  70% ] _update_scan_actions | res1-d2-r1-management.png
[  72% ] _update_scan_actions | res1-d2-r1-release-compact.png
[  74% ] _update_scan_actions | res1-d2-r1-release-desktop.png
[  76% ] _update_scan_actions | res1-d2-r1-release-home.png
[  78% ] _update_scan_actions | res1-d2-r1-release-management.png
[  80% ] _update_scan_actions | text-level-desktop.png
[  81% ] _update_scan_actions | text-level-reload.png
[  83% ] _update_scan_actions | text-level-short.png
[  85% ] _update_scan_actions | world-text-desktop.png
[  87% ] _update_scan_actions | world-text-far.png
[  89% ] _update_scan_actions | world-text-minimum.png
[  90% ] _update_scan_actions | world-text-short.png
[  92% ] _update_scan_actions | ui-first-glimpse-v1.png
[  94% ] _update_scan_actions | ui-home-v1.png
[  96% ] _update_scan_actions | ui-nine-realms-v1.png
[ DONE ] _update_scan_actions

[   0% ] savepack | Started 打包中 (102 steps)
[   1% ] savepack | 儲存檔案：res://.godot/imported/courtyard.png-3100136ab531874e7f18428ec8dc6d49.ctex
[   1% ] savepack | 儲存檔案：res://assets/abode/island1/courtyard.png.import
[   1% ] savepack | 儲存檔案：res://.godot/imported/herb.png-0cc3215a20cee3eb1f517782b24bcbfe.ctex
[   1% ] savepack | 儲存檔案：res://assets/abode/island1/herb.png.import
[   2% ] savepack | 儲存檔案：res://.godot/imported/stone.png-76adf9da439077c10cb50386d169c31e.ctex
[   2% ] savepack | 儲存檔案：res://assets/abode/island1/stone.png.import
[   3% ] savepack | 儲存檔案：res://.godot/imported/wood.png-cb0c80748cb142322893fa62e56bfacc.ctex
[   3% ] savepack | 儲存檔案：res://assets/abode/island1/wood.png.import
[   3% ] savepack | 儲存檔案：res://src/persistence/save_codec.gdc
[   4% ] savepack | 儲存檔案：res://src/persistence/save_slots.gdc
[   5% ] savepack | 儲存檔案：res://src/persistence/storage_adapter.gdc
[   6% ] savepack | 儲存檔案：res://src/persistence/web_storage_adapter.gdc
[   6% ] savepack | 儲存檔案：res://src/platform/frame_budget.gdc
[   7% ] savepack | 儲存檔案：res://assets/abode/res1c3/manifest.json
[   8% ] savepack | 儲存檔案：res://.godot/imported/ore_body.png-84506a524839f47a517ac7e04c22da94.ctex
[   8% ] savepack | 儲存檔案：res://assets/abode/res1c3/ore_body.png.import
[   8% ] savepack | 儲存檔案：res://src/presentation/abode_hud_controller.gdc
[   9% ] savepack | 儲存檔案：res://.godot/imported/ore_landmark.png-d64bc6c7ec8014daa4c5e04d69520f3a.ctex
[   9% ] savepack | 儲存檔案：res://assets/abode/res1c3/ore_landmark.png.import
[  10% ] savepack | 儲存檔案：res://.godot/imported/wood_body.png-599d245416eca6d1f8d5663192bc271d.ctex
[  10% ] savepack | 儲存檔案：res://assets/abode/res1c3/wood_body.png.import
[  11% ] savepack | 儲存檔案：res://src/platform/runtime_profile.gdc
[  11% ] savepack | 儲存檔案：res://.godot/imported/wood_landmark.png-94e1ed392a0f82f4a9b2903888eb8e84.ctex
[  11% ] savepack | 儲存檔案：res://assets/abode/res1c3/wood_landmark.png.import
[  12% ] savepack | 儲存檔案：res://.godot/imported/herb_body.png-639b2b9e79571bdc977db12119f6d088.ctex
[  12% ] savepack | 儲存檔案：res://assets/abode/res1d2/herb_body.png.import
[  13% ] savepack | 儲存檔案：res://src/presentation/achievement_panel.gdc
[  13% ] savepack | 儲存檔案：res://.godot/imported/herb_landmark.png-618f9b714215b24e02d8762fe412c70c.ctex
[  13% ] savepack | 儲存檔案：res://assets/abode/res1d2/herb_landmark.png.import
[  14% ] savepack | 儲存檔案：res://assets/abode/res1d2/manifest.json
[  15% ] savepack | 儲存檔案：res://.godot/imported/altar.png-d7db1618c17006973d987066d9d12c62.ctex
[  15% ] savepack | 儲存檔案：res://assets/abode/altar.png.import
[  16% ] savepack | 儲存檔案：res://.godot/imported/garden.png-0761f2f0939b09af976b605d8b069843.ctex
[  16% ] savepack | 儲存檔案：res://assets/abode/garden.png.import
[  16% ] savepack | 儲存檔案：res://.godot/imported/hut.png-9f856d0916ed476afc96b9dbaee993d5.ctex
[  16% ] savepack | 儲存檔案：res://assets/abode/hut.png.import
[  17% ] savepack | 儲存檔案：res://assets/fonts/SourceHanSans-LICENSE.txt
[  18% ] savepack | 儲存檔案：res://assets/fonts/NotoSerifTC-LICENSE.txt
[  18% ] savepack | 儲存檔案：res://src/persistence/file_storage_adapter.gdc
[  19% ] savepack | 儲存檔案：res://src/persistence/legacy_importer.gdc
[  20% ] savepack | 儲存檔案：res://.godot/imported/sky_tearfall_island_v6.png-646089fca1a74ee0138fc249cf56610c.ctex
[  20% ] savepack | 儲存檔案：res://assets/abode/sky_tearfall_island_v6.png.import
[  21% ] savepack | 儲存檔案：res://src/persistence/save_manager.gdc
[  21% ] savepack | 儲存檔案：res://.godot/imported/sword.png-b887f38c6587e06caae1b0d8e93b0f92.ctex
[  21% ] savepack | 儲存檔案：res://assets/abode/sword.png.import
[  22% ] savepack | 儲存檔案：res://assets/abode/tearfall_sky.gdshader
[  23% ] savepack | 儲存檔案：res://.godot/imported/terrain.png-02b712269044fc4c4de63c94d6ef6402.ctex
[  23% ] savepack | 儲存檔案：res://assets/abode/terrain.png.import
[  24% ] savepack | 儲存檔案：res://.godot/imported/abode_theme.ogg-dc365bef27b196ce3b6af8215a869862.oggvorbisstr
[  24% ] savepack | 儲存檔案：res://assets/audio/bgm/abode_theme.ogg.import
[  24% ] savepack | 儲存檔案：res://assets/audio/bgm/library.json
[  25% ] savepack | 儲存檔案：res://src/domain/world_descriptor.gdc
[  26% ] savepack | 儲存檔案：res://src/domain/world_address.gdc
[  26% ] savepack | 儲存檔案：res://src/simulation/processing_inventory.gdc
[  27% ] savepack | 儲存檔案：res://src/simulation/realm_decision_system.gdc
[  28% ] savepack | 儲存檔案：res://src/simulation/production.gdc
[  29% ] savepack | 儲存檔案：res://src/simulation/lifespan.gdc
[  29% ] savepack | 儲存檔案：res://src/presentation/abode_modal_manager.gdc
[  30% ] savepack | 儲存檔案：res://src/simulation/chrono_system.gdc
[  31% ] savepack | 儲存檔案：res://src/simulation/talent_system.gdc
[  31% ] savepack | 儲存檔案：res://src/simulation/cultivation.gdc
[  32% ] savepack | 儲存檔案：res://src/simulation/game_clock.gdc
[  33% ] savepack | 儲存檔案：res://.godot/imported/Dao2Sans-VF.ttf-93c938a13c81f767b04e1ece3e529da0.fontdata
[  33% ] savepack | 儲存檔案：res://assets/fonts/runtime/Dao2Sans-VF.ttf.import
[  33% ] savepack | 儲存檔案：res://.godot/imported/Dao2Serif-VF.ttf-b394e3628c11cc3246e6f3edb5f85ded.fontdata
[  33% ] savepack | 儲存檔案：res://assets/fonts/runtime/Dao2Serif-VF.ttf.import
[  33% ] savepack | 儲存檔案：res://src/presentation/alchemy_panel.gdc
[  34% ] savepack | 儲存檔案：res://src/simulation/sect_system.gdc
[  35% ] savepack | 儲存檔案：res://src/presentation/breakthrough_sequence.gdc
[  35% ] savepack | 儲存檔案：res://.godot/imported/gift.svg-8b7b3921c71f95348585d65a6d798ed7.ctex
[  35% ] savepack | 儲存檔案：res://assets/ui/icons/gift.svg.import
[  36% ] savepack | 儲存檔案：res://.godot/imported/lotus.svg-7eb0dd46e592e95438d63d0a6028876f.ctex
[  36% ] savepack | 儲存檔案：res://assets/ui/icons/lotus.svg.import
[  37% ] savepack | 儲存檔案：res://.godot/imported/refresh.svg-2af29edc71724ec539ac27a1466cb2ec.ctex
[  37% ] savepack | 儲存檔案：res://assets/ui/icons/refresh.svg.import
[  38% ] savepack | 儲存檔案：res://.godot/imported/cinnabar_button.svg-fb91d1aa83802ba04e796b91578ca86e.ctex
[  38% ] savepack | 儲存檔案：res://assets/ui/material/cinnabar_button.svg.import
[  38% ] savepack | 儲存檔案：res://.godot/imported/jade_card.svg-148d36732b111789077372519df2def3.ctex
[  38% ] savepack | 儲存檔案：res://assets/ui/material/jade_card.svg.import
[  39% ] savepack | 儲存檔案：res://.godot/imported/jade_panel.svg-095919b918bb6991151a3b3b4c5a561d.ctex
[  39% ] savepack | 儲存檔案：res://assets/ui/material/jade_panel.svg.import
[  40% ] savepack | 儲存檔案：res://.godot/imported/jade_plaque.svg-76a201e62d066605bc8d2a79916096e9.ctex
[  40% ] savepack | 儲存檔案：res://assets/ui/material/jade_plaque.svg.import
[  41% ] savepack | 儲存檔案：res://.godot/imported/jade_selected.svg-0a1bb99e17cfac5e54bc104a80f464d8.ctex
[  41% ] savepack | 儲存檔案：res://assets/ui/material/jade_selected.svg.import
[  41% ] savepack | 儲存檔案：res://.godot/imported/paper_button.svg-84289d1ccf5c4ff91ea043f4723b29eb.ctex
[  41% ] savepack | 儲存檔案：res://assets/ui/material/paper_button.svg.import
[  42% ] savepack | 儲存檔案：res://.godot/imported/silk_panel.svg-6ef4fdda81cac6dbe57c098b339f0ec7.ctex
[  42% ] savepack | 儲存檔案：res://assets/ui/material/silk_panel.svg.import
[  43% ] savepack | 儲存檔案：res://.godot/imported/silk_row.svg-041161aad280dd7df7df7da01b224725.ctex
[  43% ] savepack | 儲存檔案：res://assets/ui/material/silk_row.svg.import
[  43% ] savepack | 儲存檔案：res://content/buildings/era1.json
[  44% ] savepack | 儲存檔案：res://content/buildings/era2.json
[  45% ] savepack | 儲存檔案：res://content/encounters/encounters.json
[  46% ] savepack | 儲存檔案：res://content/eras/era1.json
[  46% ] savepack | 儲存檔案：res://content/eras/era2.json
[  47% ] savepack | 儲存檔案：res://content/eras/era3.json
[  48% ] savepack | 儲存檔案：res://content/realms/realms.json
[  48% ] savepack | 儲存檔案：res://content/realms/realm_decisions.json
[  49% ] savepack | 儲存檔案：res://content/recipes/era1_3.json
[  50% ] savepack | 儲存檔案：res://content/resources/era1.json
[  51% ] savepack | 儲存檔案：res://content/worlds/world_archetypes.json
[  51% ] savepack | 儲存檔案：res://content/manifest.json
[  52% ] savepack | 儲存檔案：res://src/presentation/island_breakthrough_fx.gdc
[  53% ] savepack | 儲存檔案：res://src/presentation/island_world.gdc
[  53% ] savepack | 儲存檔案：res://src/presentation/island_management_panel.gdc
[  54% ] savepack | 儲存檔案：res://src/presentation/offline_summary.gdc
[  55% ] savepack | 儲存檔案：res://src/presentation/nine_realms_preview.gdc
[  56% ] savepack | 儲存檔案：res://src/presentation/realm_teleport_modal.gdc
[  56% ] savepack | 儲存檔案：res://src/presentation/orientation_prompt.gdc
[  57% ] savepack | 儲存檔案：res://src/presentation/reincarnation_sequence.gdc
[  58% ] savepack | 儲存檔案：res://src/presentation/reincarnation_panel.gdc
[  58% ] savepack | 儲存檔案：res://src/presentation/save_controls.gdc
[  59% ] savepack | 儲存檔案：res://src/presentation/sect_panel.gdc
[  60% ] savepack | 儲存檔案：res://src/presentation/system_actions_panel.gdc
[  61% ] savepack | 儲存檔案：res://src/presentation/text_transition.gdc
[  61% ] savepack | 儲存檔案：res://src/presentation/ui_material.gdc
[  62% ] savepack | 儲存檔案：res://src/presentation/ui_icon.gdc
[  63% ] savepack | 儲存檔案：res://src/presentation/web_probe.gdc
[  64% ] savepack | 儲存檔案：res://src/presentation/ui_typography.gdc
[  64% ] savepack | 儲存檔案：res://src/simulation/alchemy_system.gdc
[  65% ] savepack | 儲存檔案：res://src/simulation/achievement_system.gdc
[  66% ] savepack | 儲存檔案：res://src/simulation/buff_system.gdc
[  66% ] savepack | 儲存檔案：res://src/simulation/beast_system.gdc
[  66% ] savepack | 儲存檔案：res://src/presentation/building_catalog.gdc
[  67% ] savepack | 儲存檔案：res://src/presentation/buff_hud_bar.gdc
[  68% ] savepack | 儲存檔案：res://src/presentation/debug_panel.gdc
[  68% ] savepack | 儲存檔案：res://src/presentation/fortune_modal.gdc
[  69% ] savepack | 儲存檔案：res://src/presentation/feature_navigation.gdc
[  70% ] savepack | 儲存檔案：res://src/simulation/island_progression.gdc
[  70% ] savepack | 儲存檔案：res://src/verification/res1d2_contract.gdc
[  71% ] savepack | 儲存檔案：res://src/simulation/command_processor.gdc
[  72% ] savepack | 儲存檔案：res://src/simulation/building_costs.gdc
[  73% ] savepack | 儲存檔案：res://src/simulation/onboarding.gdc
[  73% ] savepack | 儲存檔案：res://src/simulation/fortune_system.gdc
[  74% ] savepack | 儲存檔案：res://src/simulation/world_generator.gdc
[  75% ] savepack | 儲存檔案：res://src/simulation/time_advancer.gdc
[  75% ] savepack | 儲存檔案：res://src/simulation/processing_system.gdc
[  76% ] savepack | 儲存檔案：res://src/simulation/abode_scenery.gdc
[  77% ] savepack | 儲存檔案：res://src/simulation/realm_system.gdc
[  78% ] savepack | 儲存檔案：res://src/verification/web_persistence_probe.gdc
[  78% ] savepack | 儲存檔案：res://.godot/exported/133200997/export-25114a9fda58f747dc0a3500a86ed650-living_abode.scn
[  79% ] savepack | 儲存檔案：res://.godot/exported/133200997/export-7d6410d53ca0daede37d5e8aa53db30b-web_probe.scn
[  80% ] savepack | 儲存檔案：res://src/abode/abode_building.gdc
[  81% ] savepack | 儲存檔案：res://src/abode/abode_camera.gdc
[  81% ] savepack | 儲存檔案：res://.godot/exported/133200997/export-17e82bf449574fe45587110e0a93f1f9-web_persistence_probe.scn
[  82% ] savepack | 儲存檔案：res://src/abode/abode_scenery_prop.gdc
[  83% ] savepack | 儲存檔案：res://src/abode/abode_flows.gdc
[  83% ] savepack | 儲存檔案：res://src/abode/abode_tree.gdc
[  84% ] savepack | 儲存檔案：res://src/abode/abode_state.gdc
[  85% ] savepack | 儲存檔案：res://src/application/game_session.gdc
[  86% ] savepack | 儲存檔案：res://src/abode/living_abode.gdc
[  86% ] savepack | 儲存檔案：res://src/simulation/scale_law_contract.gdc
[  87% ] savepack | 儲存檔案：res://src/application/offline_coordinator.gdc
[  88% ] savepack | 儲存檔案：res://src/simulation/offline_settlement.gdc
[  88% ] savepack | 儲存檔案：res://src/simulation/reincarnation_rules.gdc
[  89% ] savepack | 儲存檔案：res://src/content/content_loader.gdc
[  90% ] savepack | 儲存檔案：res://src/simulation/island_economy.gdc
[  91% ] savepack | 儲存檔案：res://src/content/processing_catalog.gdc
[  91% ] savepack | 儲存檔案：res://src/content/game_content.gdc
[  92% ] savepack | 儲存檔案：res://src/debug/runtime_inspector.gdc
[  93% ] savepack | 儲存檔案：res://src/debug/debug_actions.gdc
[  93% ] savepack | 儲存檔案：res://src/domain/amount.gdc
[  94% ] savepack | 儲存檔案：res://src/debug/simulation_sandbox.gdc
[  95% ] savepack | 儲存檔案：res://src/domain/amount_compat_v2.gdc
[  96% ] savepack | 儲存檔案：res://src/domain/amount_compat.gdc
[  96% ] savepack | 儲存檔案：res://src/domain/game_state.gdc
[  97% ] savepack | 儲存檔案：res://src/domain/seeded_random_compat.gdc
[  98% ] savepack | 儲存檔案：res://src/domain/seeded_random.gdc
[  98% ] savepack | 儲存檔案：res://src/persistence/save_codec.gd.remap
[  98% ] savepack | 儲存檔案：res://src/persistence/save_slots.gd.remap
[  98% ] savepack | 儲存檔案：res://src/persistence/storage_adapter.gd.remap
[  98% ] savepack | 儲存檔案：res://src/persistence/web_storage_adapter.gd.remap
[  98% ] savepack | 儲存檔案：res://src/platform/frame_budget.gd.remap
[  98% ] savepack | 儲存檔案：res://src/presentation/abode_hud_controller.gd.remap
[  98% ] savepack | 儲存檔案：res://src/platform/runtime_profile.gd.remap
[  98% ] savepack | 儲存檔案：res://src/presentation/achievement_panel.gd.remap
[  98% ] savepack | 儲存檔案：res://src/persistence/file_storage_adapter.gd.remap
[  98% ] savepack | 儲存檔案：res://src/persistence/legacy_importer.gd.remap
[  98% ] savepack | 儲存檔案：res://src/persistence/save_manager.gd.remap
[  98% ] savepack | 儲存檔案：res://src/domain/world_descriptor.gd.remap
[  98% ] savepack | 儲存檔案：res://src/domain/world_address.gd.remap
[  98% ] savepack | 儲存檔案：res://src/simulation/processing_inventory.gd.remap
[  98% ] savepack | 儲存檔案：res://src/simulation/realm_decision_system.gd.remap
[  98% ] savepack | 儲存檔案：res://src/simulation/production.gd.remap
[  98% ] savepack | 儲存檔案：res://src/simulation/lifespan.gd.remap
[  98% ] savepack | 儲存檔案：res://src/presentation/abode_modal_manager.gd.remap
[  98% ] savepack | 儲存檔案：res://src/simulation/chrono_system.gd.remap
[  98% ] savepack | 儲存檔案：res://src/simulation/talent_system.gd.remap
[  98% ] savepack | 儲存檔案：res://src/simulation/cultivation.gd.remap
[  98% ] savepack | 儲存檔案：res://src/simulation/game_clock.gd.remap
[  98% ] savepack | 儲存檔案：res://src/presentation/alchemy_panel.gd.remap
[  98% ] savepack | 儲存檔案：res://src/simulation/sect_system.gd.remap
[  98% ] savepack | 儲存檔案：res://src/presentation/breakthrough_sequence.gd.remap
[  98% ] savepack | 儲存檔案：res://src/presentation/island_breakthrough_fx.gd.remap
[  98% ] savepack | 儲存檔案：res://src/presentation/island_world.gd.remap
[  98% ] savepack | 儲存檔案：res://src/presentation/island_management_panel.gd.remap
[  98% ] savepack | 儲存檔案：res://src/presentation/offline_summary.gd.remap
[  98% ] savepack | 儲存檔案：res://src/presentation/nine_realms_preview.gd.remap
[  98% ] savepack | 儲存檔案：res://src/presentation/realm_teleport_modal.gd.remap
[  98% ] savepack | 儲存檔案：res://src/presentation/orientation_prompt.gd.remap
[  98% ] savepack | 儲存檔案：res://src/presentation/reincarnation_sequence.gd.remap
[  98% ] savepack | 儲存檔案：res://src/presentation/reincarnation_panel.gd.remap
[  98% ] savepack | 儲存檔案：res://src/presentation/save_controls.gd.remap
[  98% ] savepack | 儲存檔案：res://src/presentation/sect_panel.gd.remap
[  98% ] savepack | 儲存檔案：res://src/presentation/system_actions_panel.gd.remap
[  98% ] savepack | 儲存檔案：res://src/presentation/text_transition.gd.remap
[  98% ] savepack | 儲存檔案：res://src/presentation/ui_material.gd.remap
[  98% ] savepack | 儲存檔案：res://src/presentation/ui_icon.gd.remap
[  98% ] savepack | 儲存檔案：res://src/presentation/web_probe.gd.remap
[  98% ] savepack | 儲存檔案：res://src/presentation/ui_typography.gd.remap
[  98% ] savepack | 儲存檔案：res://src/simulation/alchemy_system.gd.remap
[  98% ] savepack | 儲存檔案：res://src/simulation/achievement_system.gd.remap
[  98% ] savepack | 儲存檔案：res://src/simulation/buff_system.gd.remap
[  98% ] savepack | 儲存檔案：res://src/simulation/beast_system.gd.remap
[  98% ] savepack | 儲存檔案：res://src/presentation/building_catalog.gd.remap
[  98% ] savepack | 儲存檔案：res://src/presentation/buff_hud_bar.gd.remap
[  98% ] savepack | 儲存檔案：res://src/presentation/debug_panel.gd.remap
[  98% ] savepack | 儲存檔案：res://src/presentation/fortune_modal.gd.remap
[  98% ] savepack | 儲存檔案：res://src/presentation/feature_navigation.gd.remap
[  98% ] savepack | 儲存檔案：res://src/simulation/island_progression.gd.remap
[  98% ] savepack | 儲存檔案：res://src/verification/res1d2_contract.gd.remap
[  98% ] savepack | 儲存檔案：res://src/simulation/command_processor.gd.remap
[  98% ] savepack | 儲存檔案：res://src/simulation/building_costs.gd.remap
[  98% ] savepack | 儲存檔案：res://src/simulation/onboarding.gd.remap
[  98% ] savepack | 儲存檔案：res://src/simulation/fortune_system.gd.remap
[  98% ] savepack | 儲存檔案：res://src/simulation/world_generator.gd.remap
[  98% ] savepack | 儲存檔案：res://src/simulation/time_advancer.gd.remap
[  98% ] savepack | 儲存檔案：res://src/simulation/processing_system.gd.remap
[  98% ] savepack | 儲存檔案：res://src/simulation/abode_scenery.gd.remap
[  98% ] savepack | 儲存檔案：res://src/simulation/realm_system.gd.remap
[  98% ] savepack | 儲存檔案：res://src/verification/web_persistence_probe.gd.remap
[  98% ] savepack | 儲存檔案：res://scenes/living_abode.tscn.remap
[  98% ] savepack | 儲存檔案：res://scenes/web_probe.tscn.remap
[  98% ] savepack | 儲存檔案：res://src/abode/abode_building.gd.remap
[  98% ] savepack | 儲存檔案：res://src/abode/abode_camera.gd.remap
[  98% ] savepack | 儲存檔案：res://scenes/web_persistence_probe.tscn.remap
[  98% ] savepack | 儲存檔案：res://src/abode/abode_scenery_prop.gd.remap
[  98% ] savepack | 儲存檔案：res://src/abode/abode_flows.gd.remap
[  98% ] savepack | 儲存檔案：res://src/abode/abode_tree.gd.remap
[  98% ] savepack | 儲存檔案：res://src/abode/abode_state.gd.remap
[  98% ] savepack | 儲存檔案：res://src/application/game_session.gd.remap
[  98% ] savepack | 儲存檔案：res://src/abode/living_abode.gd.remap
[  98% ] savepack | 儲存檔案：res://src/simulation/scale_law_contract.gd.remap
[  98% ] savepack | 儲存檔案：res://src/application/offline_coordinator.gd.remap
[  98% ] savepack | 儲存檔案：res://src/simulation/offline_settlement.gd.remap
[  98% ] savepack | 儲存檔案：res://src/simulation/reincarnation_rules.gd.remap
[  98% ] savepack | 儲存檔案：res://src/content/content_loader.gd.remap
[  98% ] savepack | 儲存檔案：res://src/simulation/island_economy.gd.remap
[  98% ] savepack | 儲存檔案：res://src/content/processing_catalog.gd.remap
[  98% ] savepack | 儲存檔案：res://src/content/game_content.gd.remap
[  98% ] savepack | 儲存檔案：res://src/debug/runtime_inspector.gd.remap
[  98% ] savepack | 儲存檔案：res://src/debug/debug_actions.gd.remap
[  98% ] savepack | 儲存檔案：res://src/domain/amount.gd.remap
[  98% ] savepack | 儲存檔案：res://src/debug/simulation_sandbox.gd.remap
[  98% ] savepack | 儲存檔案：res://src/domain/amount_compat_v2.gd.remap
[  98% ] savepack | 儲存檔案：res://src/domain/amount_compat.gd.remap
[  98% ] savepack | 儲存檔案：res://src/domain/game_state.gd.remap
[  98% ] savepack | 儲存檔案：res://src/domain/seeded_random_compat.gd.remap
[  98% ] savepack | 儲存檔案：res://src/domain/seeded_random.gd.remap
[  98% ] savepack | 儲存檔案：res://.godot/global_script_class_cache.cfg
[  98% ] savepack | 儲存檔案：res://.godot/uid_cache.bin
[  98% ] savepack | 儲存檔案：res://project.binary
[ DONE ] savepack

