warning: in the working copy of '.gitignore', LF will be replaced by CRLF the next time Git touches it
warning: in the working copy of 'README.md', LF will be replaced by CRLF the next time Git touches it
warning: in the working copy of 'ROADMAP.md', LF will be replaced by CRLF the next time Git touches it
warning: in the working copy of 'assets/abode/sky_tearfall_island_v6.png.import', LF will be replaced by CRLF the next time Git touches it
warning: in the working copy of 'assets/abode/terrain.png.import', LF will be replaced by CRLF the next time Git touches it
warning: in the working copy of 'assets/fonts/README.md', LF will be replaced by CRLF the next time Git touches it
warning: in the working copy of 'docs/02-technical-architecture.md', LF will be replaced by CRLF the next time Git touches it
warning: in the working copy of 'docs/07-responsive-ui-web-spec.md', LF will be replaced by CRLF the next time Git touches it
warning: in the working copy of 'docs/08-building-presentation-and-era-expansion.md', LF will be replaced by CRLF the next time Git touches it
warning: in the working copy of 'docs/14-multi-island-resource-progression.md', LF will be replaced by CRLF the next time Git touches it
warning: in the working copy of 'docs/ai-handoff.md', LF will be replaced by CRLF the next time Git touches it
warning: in the working copy of 'docs/development-status.md', LF will be replaced by CRLF the next time Git touches it
warning: in the working copy of 'docs/rule-differences.md', LF will be replaced by CRLF the next time Git touches it
warning: in the working copy of 'export_presets.cfg', LF will be replaced by CRLF the next time Git touches it
warning: in the working copy of 'src/abode/living_abode.gd', LF will be replaced by CRLF the next time Git touches it
warning: in the working copy of 'src/application/game_session.gd', LF will be replaced by CRLF the next time Git touches it
warning: in the working copy of 'src/application/offline_coordinator.gd', LF will be replaced by CRLF the next time Git touches it
warning: in the working copy of 'src/persistence/save_codec.gd', LF will be replaced by CRLF the next time Git touches it
warning: in the working copy of 'src/persistence/save_manager.gd', LF will be replaced by CRLF the next time Git touches it
warning: in the working copy of 'src/presentation/abode_hud_controller.gd', LF will be replaced by CRLF the next time Git touches it
warning: in the working copy of 'src/presentation/abode_modal_manager.gd', LF will be replaced by CRLF the next time Git touches it
warning: in the working copy of 'src/presentation/buff_hud_bar.gd', LF will be replaced by CRLF the next time Git touches it
warning: in the working copy of 'src/presentation/feature_navigation.gd', LF will be replaced by CRLF the next time Git touches it
warning: in the working copy of 'src/presentation/nine_realms_preview.gd', LF will be replaced by CRLF the next time Git touches it
warning: in the working copy of 'src/presentation/offline_summary.gd', LF will be replaced by CRLF the next time Git touches it
warning: in the working copy of 'src/presentation/ui_typography.gd', LF will be replaced by CRLF the next time Git touches it
warning: in the working copy of 'src/simulation/buff_system.gd', LF will be replaced by CRLF the next time Git touches it
warning: in the working copy of 'src/simulation/command_processor.gd', LF will be replaced by CRLF the next time Git touches it
warning: in the working copy of 'src/simulation/island_economy.gd', LF will be replaced by CRLF the next time Git touches it
warning: in the working copy of 'src/simulation/reincarnation_rules.gd', LF will be replaced by CRLF the next time Git touches it
warning: in the working copy of 'src/simulation/time_advancer.gd', LF will be replaced by CRLF the next time Git touches it
warning: in the working copy of 'src/verification/web_persistence_probe.gd', LF will be replaced by CRLF the next time Git touches it
warning: in the working copy of 'tests/abode_presentation_parity_runner.gd', LF will be replaced by CRLF the next time Git touches it
warning: in the working copy of 'tests/buff_system_runner.gd', LF will be replaced by CRLF the next time Git touches it
warning: in the working copy of 'tests/feature_navigation_runner.gd', LF will be replaced by CRLF the next time Git touches it
warning: in the working copy of 'tools/run_all_runners.ps1', LF will be replaced by CRLF the next time Git touches it
warning: in the working copy of 'tools/start_web_server.ps1', LF will be replaced by CRLF the next time Git touches it
warning: in the working copy of 'tools/web_persistence_server.py', LF will be replaced by CRLF the next time Git touches it
warning: in the working copy of 'updata.txt', LF will be replaced by CRLF the next time Git touches it
