warning: in the working copy of 'README.md', LF will be replaced by CRLF the next time Git touches it
warning: in the working copy of 'ROADMAP.md', LF will be replaced by CRLF the next time Git touches it
warning: in the working copy of 'docs/02-technical-architecture.md', LF will be replaced by CRLF the next time Git touches it
warning: in the working copy of 'docs/07-responsive-ui-web-spec.md', LF will be replaced by CRLF the next time Git touches it
warning: in the working copy of 'docs/ai-handoff.md', LF will be replaced by CRLF the next time Git touches it
warning: in the working copy of 'docs/development-status.md', LF will be replaced by CRLF the next time Git touches it
warning: in the working copy of 'docs/rule-differences.md', LF will be replaced by CRLF the next time Git touches it
warning: in the working copy of 'src/abode/living_abode.gd', LF will be replaced by CRLF the next time Git touches it
warning: in the working copy of 'src/persistence/save_codec.gd', LF will be replaced by CRLF the next time Git touches it
warning: in the working copy of 'src/presentation/abode_hud_controller.gd', LF will be replaced by CRLF the next time Git touches it
warning: in the working copy of 'src/presentation/building_catalog.gd', LF will be replaced by CRLF the next time Git touches it
warning: in the working copy of 'src/presentation/feature_navigation.gd', LF will be replaced by CRLF the next time Git touches it
warning: in the working copy of 'tests/resource_feedback_runner.gd', LF will be replaced by CRLF the next time Git touches it
warning: in the working copy of 'tools/island_preview_server.py', LF will be replaced by CRLF the next time Git touches it
warning: in the working copy of 'tools/res1c2_metrics.js', LF will be replaced by CRLF the next time Git touches it
warning: in the working copy of 'tools/res1c2_runtime_profile.js', LF will be replaced by CRLF the next time Git touches it
warning: in the working copy of 'tools/summarize_frame_metrics.py', LF will be replaced by CRLF the next time Git touches it
warning: in the working copy of 'tools/summarize_runtime_profile.py', LF will be replaced by CRLF the next time Git touches it
warning: in the working copy of 'tools/test_frame_metrics.mjs', LF will be replaced by CRLF the next time Git touches it
warning: in the working copy of 'tools/test_runtime_profile.mjs', LF will be replaced by CRLF the next time Git touches it
warning: in the working copy of 'tools/test_runtime_profile_summary.py', LF will be replaced by CRLF the next time Git touches it
warning: in the working copy of 'updata.txt', LF will be replaced by CRLF the next time Git touches it
