[RUNNING] tools/test_runner.gd
Godot Engine v4.7.2.stable.official.ed1daf0bf - https://godotengine.org

PASS: project script, JSON serialization, user storage, and Traditional Chinese font glyphs are available.
[RUNNING] tests/abode_state_runner.gd
Godot Engine v4.7.2.stable.official.ed1daf0bf - https://godotengine.org

PASS: abode state advances independently from visual flow, upgrades, and garden pause.
[RUNNING] tests/living_abode_runner.gd
Godot Engine v4.7.2.stable.official.ed1daf0bf - https://godotengine.org

ABODE_LAYOUT mode=portrait size=(1280.0, 1280.0)
ABODE_READY: native Camera2D, home landmark and managed building catalogue, autonomous state and flying swords
ABODE_LAYOUT mode=portrait size=(1280.0, 1280.0)
ABODE_LAYOUT mode=portrait size=(1280.0, 1280.0)
ABODE_LAYOUT mode=wide size=(1280.0, 720.0)
ABODE_CAMERA_HOME
ABODE_UPGRADE: hut level=1
ABODE_DIRECT_BUILD: hut
ABODE_LAYOUT mode=wide size=(1280.0, 720.0)
ABODE_LAYOUT mode=wide size=(1280.0, 720.0)
ABODE_LAYOUT mode=wide size=(1280.0, 720.0)
ABODE_SELECT: hut
ABODE_UPGRADE: hut level=2
ABODE_SCENERY_CLAIM 靈木萌枝 靈木 +6
ABODE_LAYOUT mode=wide size=(1280.0, 720.0)
ABODE_LAYOUT mode=wide size=(1280.0, 720.0)
ABODE_GARDEN_RUNNING: false
ABODE_LAYOUT mode=wide size=(1280.0, 720.0)
ABODE_LAYOUT mode=wide size=(1280.0, 720.0)
ABODE_CAMERA_REGION
ABODE_REGION: same world and simulation retained
ABODE_LAYOUT mode=wide size=(1280.0, 720.0)
ABODE_LAYOUT mode=wide size=(1280.0, 720.0)
ABODE_CAMERA_HOME
ABODE_HOME
PASS: living abode selects buildings, upgrades, pauses production, and changes scale.
ABODE_LAYOUT mode=portrait size=(1280.0, 1280.0)
ERROR: 1 RID allocations of type 'PN18TextServerAdvanced12FontAdvancedE' were leaked at exit.
WARNING: 1 RID of type "CanvasItem" was leaked.
   at: _free_rids (servers/rendering/renderer_canvas_cull.cpp:2733)
WARNING: 6 ObjectDB instances were leaked at exit (run with `--verbose` for details).
   at: cleanup (core/object/object.cpp:2536)
[RUNNING] tests/m0c_compat_v3_runner.gd
Godot Engine v4.7.2.stable.official.ed1daf0bf - https://godotengine.org

PASS: M0-C AmountCompat canonical contract and SeededRandomCompat match the fixture.
[RUNNING] tests/m1a_core_runner.gd
Godot Engine v4.7.2.stable.official.ed1daf0bf - https://godotengine.org

PASS: M1-A core contract, content validation, cost/onboarding parity, commands, idempotency, determinism.
[RUNNING] tests/res1a_processing_runner.gd
Godot Engine v4.7.2.stable.official.ed1daf0bf - https://godotengine.org

PASS: RES1-A 145 checks; sources, closure, atomic Craft, canonical inventory, Amount, Session replay.
[RUNNING] tests/res1b_economy_runner.gd
Godot Engine v4.7.2.stable.official.ed1daf0bf - https://godotengine.org

ERROR: Parse JSON failed. Error at line 0: Expected 'true', 'false', or 'null', got 'broken'
   at: parse_string (core/io/json.cpp:629)
   GDScript backtrace (most recent call first):
       [0] decode (res://src/persistence/save_codec.gd:65)
       [1] <anonymous lambda> (res://src/persistence/save_manager.gd:231)
       [2] read_best (res://src/persistence/save_slots.gd:62)
       [3] _load_from_slots (res://src/persistence/save_manager.gd:230)
       [4] current_state (res://src/persistence/save_manager.gd:94)
       [5] _test_persistence (res://tests/res1b_economy_runner.gd:353)
       [6] _init (res://tests/res1b_economy_runner.gd:33)
SAVE_SLOT_REJECTED: JSON_PARSE
PASS: RES1-B 251 checks; timed batches, local inventory, cargo conservation, time, migration, offline retry, reincarnation.
[RUNNING] tests/res1c_progression_runner.gd
Godot Engine v4.7.2.stable.official.ed1daf0bf - https://godotengine.org

ERROR: Parse JSON failed. Error at line 0: Expected 'true', 'false', or 'null', got 'corrupt'
   at: parse_string (core/io/json.cpp:629)
   GDScript backtrace (most recent call first):
       [0] decode (res://src/persistence/save_codec.gd:65)
       [1] activate_islands (res://src/persistence/save_manager.gd:45)
       [2] _run (res://tests/res1c_progression_runner.gd:112)
RES1C_OFFLINE_CPU_MS: 1196 ticks=86400
PASS: RES1-C1 87 checks; blank Era2, T2 sinks, bottleneck, migration retry, saves, time and UI.
[RUNNING] tests/res1d2_integration_runner.gd
Godot Engine v4.7.2.stable.official.ed1daf0bf - https://godotengine.org

EARNED: Era3 Lv10 sim_seconds=11561.0
PASS: RES1-D2 206 checks; normal earned Era3, Danxia, T2/T3 consumption, atomic refusal, transport, conservation, 600s partitions.
[RUNNING] tests/res1c2_offline_runner.gd
Godot Engine v4.7.2.stable.official.ed1daf0bf - https://godotengine.org

C2_CHUNKS: duration_ms=600000 yields=11
C2_CHUNKS: duration_ms=172800000 yields=67
C2_CHUNKS: duration_ms=-1000 yields=0
C2_CHUNKS: duration_ms=850 yields=1
PASS: RES1-C2 chunked settlement 27 checks
[RUNNING] tests/res1c2_perf_runner.gd
Godot Engine v4.7.2.stable.official.ed1daf0bf - https://godotengine.org

PASS: RES1-C2-PERF 145 exact tick/font checks
[RUNNING] tests/resource_feedback_runner.gd
Godot Engine v4.7.2.stable.official.ed1daf0bf - https://godotengine.org

ABODE_LAYOUT mode=portrait size=(1280.0, 1280.0)
ABODE_READY: native Camera2D, home landmark and managed building catalogue, autonomous state and flying swords
ABODE_LAYOUT mode=portrait size=(1280.0, 1280.0)
ABODE_LAYOUT mode=portrait size=(1280.0, 1280.0)
ABODE_LAYOUT mode=wide size=(1280.0, 720.0)
ABODE_CAMERA_HOME
ABODE_LAYOUT mode=wide size=(1280.0, 720.0)
ABODE_LAYOUT mode=portrait size=(1280.0, 1280.0)
ABODE_LAYOUT mode=portrait size=(1280.0, 1280.0)
ABODE_LAYOUT mode=portrait size=(1280.0, 1280.0)
ABODE_LAYOUT mode=compact size=(844.0, 390.0)
ABODE_CAMERA_HOME
ABODE_LAYOUT mode=compact size=(844.0, 390.0)
ABODE_LAYOUT mode=compact size=(844.0, 390.0)
ABODE_LAYOUT mode=compact size=(844.0, 390.0)
PASS: RESOURCE-FEEDBACK-R1 754 checks
ERROR: 1 RID allocations of type 'PN18TextServerAdvanced12FontAdvancedE' were leaked at exit.
WARNING: 1 RID of type "CanvasItem" was leaked.
   at: _free_rids (servers/rendering/renderer_canvas_cull.cpp:2733)
WARNING: 8 ObjectDB instances were leaked at exit (run with `--verbose` for details).
   at: cleanup (core/object/object.cpp:2536)
ERROR: 1 resources still in use at exit (run with --verbose for details).
   at: clear (core/io/resource.cpp:822)
[RUNNING] tests/m1b_time_runner.gd
Godot Engine v4.7.2.stable.official.ed1daf0bf - https://godotengine.org

PASS: M1-B clock, ticks, cultivation, lifespan, boundaries, determinism.
[RUNNING] tests/m1c_persistence_runner.gd
Godot Engine v4.7.2.stable.official.ed1daf0bf - https://godotengine.org

ERROR: Condition "CryptoCore::b64_decode(&w[0], buf.size(), &len, (unsigned char *)cstr.get_data(), strlen) != OK" is true. Returning: String()
   at: base64_to_utf8 (core/core_bind.cpp:1392)
   GDScript backtrace (most recent call first):
       [0] import_share_string (res://src/persistence/save_manager.gd:212)
       [1] _test_import_failure_preserves_progress (res://tests/m1c_persistence_runner.gd:190)
       [2] _init (res://tests/m1c_persistence_runner.gd:21)
PASS: M1-C save codec, two-slot persistence, checksum, export/import.
[RUNNING] tests/web_persistence_fault_runner.gd
Godot Engine v4.7.2.stable.official.ed1daf0bf - https://godotengine.org

ERROR: Parse JSON failed. Error at line 0: Expected key
   at: parse_string (core/io/json.cpp:629)
   GDScript backtrace (most recent call first):
       [0] decode (res://src/persistence/save_codec.gd:65)
       [1] <anonymous lambda> (res://src/persistence/save_manager.gd:231)
       [2] read_best (res://src/persistence/save_slots.gd:62)
       [3] _load_from_slots (res://src/persistence/save_manager.gd:230)
       [4] current_state (res://src/persistence/save_manager.gd:94)
       [5] _init (res://tests/web_persistence_fault_runner.gd:51)
SAVE_SLOT_REJECTED: JSON_PARSE
ERROR: Parse JSON failed. Error at line 0: Expected key
   at: parse_string (core/io/json.cpp:629)
   GDScript backtrace (most recent call first):
       [0] decode (res://src/persistence/save_codec.gd:65)
       [1] <anonymous lambda> (res://src/persistence/save_manager.gd:231)
       [2] read_best (res://src/persistence/save_slots.gd:62)
       [3] _load_from_slots (res://src/persistence/save_manager.gd:230)
       [4] current_state (res://src/persistence/save_manager.gd:94)
       [5] _init (res://tests/web_persistence_fault_runner.gd:51)
SAVE_SLOT_REJECTED: JSON_PARSE
PASS: Web persistence fault core 19 checks.
[RUNNING] tests/m1d_offline_runner.gd
Godot Engine v4.7.2.stable.official.ed1daf0bf - https://godotengine.org

PASS: M1-D offline settlement, cap 24h, cursor commit, no double grant.
[RUNNING] tests/m1e_import_runner.gd
Godot Engine v4.7.2.stable.official.ed1daf0bf - https://godotengine.org

ERROR: Condition "CryptoCore::b64_decode(&w[0], buf.size(), &len, (unsigned char *)cstr.get_data(), strlen) != OK" is true. Returning: String()
   at: base64_to_utf8 (core/core_bind.cpp:1392)
   GDScript backtrace (most recent call first):
       [0] decode_input (res://src/persistence/legacy_importer.gd:20)
       [1] import_text (res://src/persistence/legacy_importer.gd:209)
       [2] _test_corrupt (res://tests/m1e_import_runner.gd:381)
       [3] _init (res://tests/m1e_import_runner.gd:23)
ERROR: Parse JSON failed. Error at line 0: Expected 'true', 'false', or 'null', got 'broken'
   at: parse_string (core/io/json.cpp:629)
   GDScript backtrace (most recent call first):
       [0] import_text (res://src/persistence/legacy_importer.gd:213)
       [1] _test_corrupt (res://tests/m1e_import_runner.gd:384)
       [2] _init (res://tests/m1e_import_runner.gd:23)
PASS: M1-E legacy import decode, mapping, reports, and slot commit.
[RUNNING] tests/m2a_abode_runner.gd
Godot Engine v4.7.2.stable.official.ed1daf0bf - https://godotengine.org

ABODE_LAYOUT mode=portrait size=(1280.0, 1280.0)
ABODE_READY: native Camera2D, home landmark and managed building catalogue, autonomous state and flying swords
ABODE_LAYOUT mode=portrait size=(1280.0, 1280.0)
ABODE_LAYOUT mode=portrait size=(1280.0, 1280.0)
ABODE_LAYOUT mode=portrait size=(1280.0, 1280.0)
ABODE_LAYOUT mode=portrait size=(1280.0, 1280.0)
ABODE_LAYOUT mode=portrait size=(1280.0, 1280.0)
ABODE_LAYOUT mode=portrait size=(1280.0, 1280.0)
ABODE_UPGRADE: hut level=1
ABODE_UPGRADE: hut level=2
ABODE_LAYOUT mode=portrait size=(1280.0, 1280.0)
ABODE_LAYOUT mode=portrait size=(1280.0, 1280.0)
ABODE_READY: native Camera2D, home landmark and managed building catalogue, autonomous state and flying swords
ABODE_LAYOUT mode=portrait size=(1280.0, 1280.0)
ABODE_LAYOUT mode=portrait size=(1280.0, 1280.0)
ABODE_MOTION reduced=true
PASS: M2-A abode blank opening, manual start, auto production, chained unlocks, save/reload, and determinism.
ERROR: 1 RID allocations of type 'PN18TextServerAdvanced12FontAdvancedE' were leaked at exit.
WARNING: 2 RIDs of type "CanvasItem" were leaked.
   at: _free_rids (servers/rendering/renderer_canvas_cull.cpp:2735)
WARNING: 10 ObjectDB instances were leaked at exit (run with `--verbose` for details).
   at: cleanup (core/object/object.cpp:2536)
ERROR: 1 resources still in use at exit (run with --verbose for details).
   at: clear (core/io/resource.cpp:822)
[RUNNING] tests/m2b_breakthrough_runner.gd
Godot Engine v4.7.2.stable.official.ed1daf0bf - https://godotengine.org

ABODE_LAYOUT mode=portrait size=(1280.0, 1280.0)
ABODE_READY: native Camera2D, home landmark and managed building catalogue, autonomous state and flying swords
ABODE_LAYOUT mode=portrait size=(1280.0, 1280.0)
ABODE_LAYOUT mode=portrait size=(1280.0, 1280.0)
ABODE_LAYOUT mode=portrait size=(1280.0, 1280.0)
ABODE_LAYOUT mode=portrait size=(1280.0, 1280.0)
ABODE_LAYOUT mode=portrait size=(1280.0, 1280.0)
ABODE_READY: native Camera2D, home landmark and managed building catalogue, autonomous state and flying swords
ABODE_LAYOUT mode=portrait size=(1280.0, 1280.0)
ABODE_LAYOUT mode=portrait size=(1280.0, 1280.0)
ABODE_LAYOUT mode=portrait size=(1280.0, 1280.0)
ABODE_LAYOUT mode=portrait size=(360.0, 640.0)
ABODE_LAYOUT mode=wide size=(1280.0, 720.0)
ABODE_CAMERA_HOME
PASS: M2-B cultivation level up, capacity barrier, breakthrough to Era 2, non-consuming stock, sequence replay, and reload.
ERROR: 1 RID allocations of type 'PN18TextServerAdvanced12FontAdvancedE' were leaked at exit.
WARNING: 2 RIDs of type "CanvasItem" were leaked.
   at: _free_rids (servers/rendering/renderer_canvas_cull.cpp:2735)
WARNING: 10 ObjectDB instances were leaked at exit (run with `--verbose` for details).
   at: cleanup (core/object/object.cpp:2536)
ERROR: 1 resources still in use at exit (run with --verbose for details).
   at: clear (core/io/resource.cpp:822)
[RUNNING] tests/island_breakthrough_runner.gd
Godot Engine v4.7.2.stable.official.ed1daf0bf - https://godotengine.org

ABODE_LAYOUT mode=portrait size=(1280.0, 1280.0)
ABODE_READY: native Camera2D, home landmark and managed building catalogue, autonomous state and flying swords
ABODE_LAYOUT mode=portrait size=(1280.0, 1280.0)
ABODE_LAYOUT mode=portrait size=(1280.0, 1280.0)
ABODE_LAYOUT mode=portrait size=(1280.0, 1280.0)
ABODE_LAYOUT mode=portrait size=(1280.0, 1280.0)
ABODE_LAYOUT mode=wide size=(1280.0, 720.0)
ABODE_CAMERA_HOME
ABODE_LAYOUT mode=wide size=(1280.0, 720.0)
ABODE_LAYOUT mode=wide size=(1280.0, 720.0)
ABODE_LAYOUT mode=wide size=(1280.0, 720.0)
ABODE_LAYOUT mode=wide size=(1558.0, 720.0)
ABODE_LAYOUT mode=compact size=(844.0, 390.0)
ABODE_LAYOUT mode=compact size=(844.0, 390.0)
ABODE_LAYOUT mode=portrait size=(844.0, 1500.0)
ABODE_LAYOUT mode=portrait size=(360.0, 640.0)
ABODE_LAYOUT mode=portrait size=(360.0, 640.0)
ABODE_LAYOUT mode=portrait size=(480.0, 640.0)
ABODE_LAYOUT mode=portrait size=(360.0, 480.0)
ABODE_LAYOUT mode=portrait size=(360.0, 480.0)
ABODE_LAYOUT mode=portrait size=(360.0, 480.0)
ABODE_MOTION reduced=true
ABODE_LAYOUT mode=portrait size=(360.0, 480.0)
ABODE_MOTION reduced=false
ABODE_LAYOUT mode=portrait size=(360.0, 480.0)
ABODE_LAYOUT mode=portrait size=(360.0, 480.0)
ABODE_READY: native Camera2D, home landmark and managed building catalogue, autonomous state and flying swords
ABODE_LAYOUT mode=portrait size=(360.0, 480.0)
ABODE_LAYOUT mode=portrait size=(360.0, 480.0)
ABODE_LAYOUT mode=portrait size=(360.0, 480.0)
PASS: island breakthrough real command, capacity, failed-save retry, zero-state replay, skip, focus recovery, low motion, four layouts and reload aura.
WARNING: 2 RIDs of type "CanvasItem" were leaked.
ERROR: 1 RID allocations of type 'PN18TextServerAdvanced12FontAdvancedE' were leaked at exit.
   at: _free_rids (servers/rendering/renderer_canvas_cull.cpp:2735)
WARNING: 10 ObjectDB instances were leaked at exit (run with `--verbose` for details).
   at: cleanup (core/object/object.cpp:2536)
ERROR: 1 resources still in use at exit (run with --verbose for details).
   at: clear (core/io/resource.cpp:822)
[RUNNING] tests/m2c_nine_realms_runner.gd
Godot Engine v4.7.2.stable.official.ed1daf0bf - https://godotengine.org

ABODE_LAYOUT mode=portrait size=(1280.0, 1280.0)
ABODE_READY: native Camera2D, home landmark and managed building catalogue, autonomous state and flying swords
ABODE_LAYOUT mode=portrait size=(1280.0, 1280.0)
ABODE_LAYOUT mode=portrait size=(1280.0, 1280.0)
ABODE_LAYOUT mode=portrait size=(1280.0, 1280.0)
ABODE_LAYOUT mode=portrait size=(1280.0, 1280.0)
ABODE_LAYOUT mode=portrait size=(1280.0, 1280.0)
ABODE_LAYOUT mode=portrait size=(1280.0, 1280.0)
ABODE_LAYOUT mode=portrait size=(1280.0, 1280.0)
ABODE_LAYOUT mode=portrait size=(1280.0, 1280.0)
ABODE_LAYOUT mode=portrait size=(1280.0, 1280.0)
ABODE_LAYOUT mode=portrait size=(1280.0, 1280.0)
ABODE_CAMERA_HOME
ABODE_HOME
ABODE_REINCARNATION: cycle=1
NINE_REALMS_HOOK_TRIGGERED
ABODE_CAMERA_COSMOS
ABODE_REINCARNATION_SEQUENCE_STARTED: cycle=1
NINE_REALMS_CINEMATIC_DONE
NINE_REALMS_ASPIRE: realm_spirit
ABODE_CAMERA_HOME
NINE_REALMS_HOOK_FINISHED
ABODE_LAYOUT mode=portrait size=(1280.0, 1280.0)
ABODE_LAYOUT mode=portrait size=(1280.0, 1280.0)
ABODE_READY: native Camera2D, home landmark and managed building catalogue, autonomous state and flying swords
ABODE_LAYOUT mode=portrait size=(1280.0, 1280.0)
ABODE_LAYOUT mode=portrait size=(1280.0, 1280.0)
ABODE_LAYOUT mode=portrait size=(1280.0, 1280.0)
ABODE_LAYOUT mode=portrait size=(1280.0, 1280.0)
ABODE_CAMERA_COSMOS
ABODE_LAYOUT mode=portrait size=(1280.0, 1280.0)
ABODE_CAMERA_HOME
NINE_REALMS_HOOK_FINISHED
ABODE_LAYOUT mode=portrait size=(1280.0, 1280.0)
ABODE_LAYOUT mode=portrait size=(1280.0, 1280.0)
PASS: M2-C first-minute hook, 6-8s skippable zoom-out, 9 realms preview, aspire bookmarking, zero side-effects, and persistence.
ERROR: 1 RID allocations of type 'PN18TextServerAdvanced12FontAdvancedE' were leaked at exit.
WARNING: 2 RIDs of type "CanvasItem" were leaked.
   at: _free_rids (servers/rendering/renderer_canvas_cull.cpp:2735)
WARNING: 10 ObjectDB instances were leaked at exit (run with `--verbose` for details).
   at: cleanup (core/object/object.cpp:2536)
ERROR: 1 resources still in use at exit (run with --verbose for details).
   at: clear (core/io/resource.cpp:822)
[RUNNING] tests/m2d_responsive_ui_runner.gd
Godot Engine v4.7.2.stable.official.ed1daf0bf - https://godotengine.org

ABODE_LAYOUT mode=portrait size=(1280.0, 1280.0)
ABODE_READY: native Camera2D, home landmark and managed building catalogue, autonomous state and flying swords
ABODE_LAYOUT mode=portrait size=(1280.0, 1280.0)
ABODE_LAYOUT mode=portrait size=(1280.0, 1280.0)
ABODE_LAYOUT mode=wide size=(1280.0, 720.0)
ABODE_CAMERA_HOME
ABODE_LAYOUT mode=wide size=(1280.0, 720.0)
ABODE_LAYOUT mode=wide size=(1280.0, 720.0)
ABODE_LAYOUT mode=wide size=(1280.0, 720.0)
ABODE_LAYOUT mode=wide size=(1280.0, 720.0)
ABODE_LAYOUT mode=wide size=(1280.0, 720.0)
ABODE_LAYOUT mode=wide size=(1280.0, 720.0)
ABODE_LAYOUT mode=wide size=(1280.0, 720.0)
ABODE_LAYOUT mode=wide size=(1280.0, 720.0)
ABODE_LAYOUT mode=wide size=(1280.0, 720.0)
ABODE_LAYOUT mode=compact size=(844.0, 390.0)
ABODE_CAMERA_HOME
ABODE_LAYOUT mode=compact size=(844.0, 390.0)
ABODE_LAYOUT mode=wide size=(1280.0, 720.0)
ABODE_CAMERA_HOME
ABODE_LAYOUT mode=wide size=(1280.0, 720.0)
ABODE_LAYOUT mode=wide size=(1280.0, 720.0)
ABODE_LAYOUT mode=wide size=(1280.0, 720.0)
ABODE_UPGRADE: hut level=1
ABODE_LAYOUT mode=wide size=(1280.0, 720.0)
ABODE_LAYOUT mode=portrait size=(1280.0, 1280.0)
ABODE_LAYOUT mode=wide size=(1280.0, 720.0)
ABODE_LAYOUT mode=wide size=(1280.0, 720.0)
ABODE_LAYOUT mode=wide size=(1280.0, 720.0)
ABODE_LAYOUT mode=wide size=(1280.0, 720.0)
ABODE_LAYOUT mode=wide size=(1280.0, 720.0)
ABODE_LAYOUT mode=wide size=(1280.0, 720.0)
ABODE_LAYOUT mode=wide size=(1280.0, 720.0)
ABODE_LAYOUT mode=compact size=(844.0, 390.0)
ABODE_CAMERA_HOME
ABODE_LAYOUT mode=wide size=(1280.0, 720.0)
ABODE_CAMERA_HOME
ABODE_LAYOUT mode=wide size=(1280.0, 720.0)
ABODE_LAYOUT mode=wide size=(1280.0, 720.0)
ABODE_LAYOUT mode=wide size=(1280.0, 720.0)
ABODE_LAYOUT mode=portrait size=(1280.0, 1280.0)
ABODE_LAYOUT mode=portrait size=(1280.0, 1280.0)
ABODE_LAYOUT mode=wide size=(1280.0, 720.0)
ABODE_LAYOUT mode=wide size=(1920.0, 902.0)
ABODE_CAMERA_HOME
ABODE_LAYOUT mode=compact size=(844.0, 390.0)
ABODE_CAMERA_HOME
ABODE_LAYOUT mode=portrait size=(360.0, 640.0)
ABODE_LAYOUT mode=portrait size=(360.0, 480.0)
ABODE_LAYOUT mode=portrait size=(360.0, 480.0)
ABODE_LAYOUT mode=portrait size=(360.0, 640.0)
ABODE_LAYOUT mode=portrait size=(360.0, 480.0)
ABODE_LAYOUT mode=portrait size=(360.0, 480.0)
ABODE_LAYOUT mode=portrait size=(360.0, 480.0)
ABODE_LAYOUT mode=portrait size=(360.0, 480.0)
ABODE_LAYOUT mode=portrait size=(360.0, 480.0)
ABODE_LAYOUT mode=portrait size=(1280.0, 1280.0)
ABODE_LAYOUT mode=portrait size=(360.0, 480.0)
ABODE_LAYOUT mode=portrait size=(360.0, 480.0)
ABODE_LAYOUT mode=portrait size=(360.0, 480.0)
ABODE_LAYOUT mode=portrait size=(360.0, 480.0)
ABODE_LAYOUT mode=portrait size=(360.0, 480.0)
ABODE_LAYOUT mode=portrait size=(360.0, 480.0)
ABODE_LAYOUT mode=portrait size=(360.0, 480.0)
ABODE_LAYOUT mode=portrait size=(360.0, 640.0)
ABODE_LAYOUT mode=portrait size=(1280.0, 1280.0)
ABODE_LAYOUT mode=portrait size=(360.0, 640.0)
ABODE_LAYOUT mode=portrait size=(1280.0, 1280.0)
ABODE_LAYOUT mode=portrait size=(1280.0, 1280.0)
ABODE_CAMERA_COSMOS
ABODE_LAYOUT mode=portrait size=(1280.0, 1280.0)
ABODE_CAMERA_HOME
NINE_REALMS_HOOK_FINISHED
ABODE_LAYOUT mode=portrait size=(1280.0, 1280.0)
ABODE_LAYOUT mode=portrait size=(1280.0, 1280.0)
PASS: M2-D island/management tabs, three resource modes, compact building rows, detail return, and responsive bounds.
ERROR: 1 RID allocations of type 'PN18TextServerAdvanced12FontAdvancedE' were leaked at exit.
WARNING: 1 RID of type "CanvasItem" was leaked.
   at: _free_rids (servers/rendering/renderer_canvas_cull.cpp:2733)
WARNING: 8 ObjectDB instances were leaked at exit (run with `--verbose` for details).
   at: cleanup (core/object/object.cpp:2536)
ERROR: 1 resources still in use at exit (run with --verbose for details).
   at: clear (core/io/resource.cpp:822)
[RUNNING] tests/ui_material_states_runner.gd
Godot Engine v4.7.2.stable.official.ed1daf0bf - https://godotengine.org

PASS: material demand ratio, prerequisites, ready/capped/reset states, borders and input isolation
ERROR: 1 RID allocations of type 'PN18TextServerAdvanced12FontAdvancedE' were leaked at exit.
WARNING: 1 RID of type "CanvasItem" was leaked.
   at: _free_rids (servers/rendering/renderer_canvas_cull.cpp:2733)
WARNING: 6 ObjectDB instances were leaked at exit (run with `--verbose` for details).
   at: cleanup (core/object/object.cpp:2536)
[RUNNING] tests/text_transition_runner.gd
Godot Engine v4.7.2.stable.official.ed1daf0bf - https://godotengine.org

ABODE_LAYOUT mode=portrait size=(390.0, 844.0)
ABODE_READY: native Camera2D, home landmark and managed building catalogue, autonomous state and flying swords
ABODE_LAYOUT mode=portrait size=(390.0, 844.0)
ABODE_LAYOUT mode=portrait size=(390.0, 844.0)
SCRIPT ERROR: Invalid access to property or key 'stone_mid' on a base object of type 'Dictionary'.
   at: _run (res://tests/text_transition_runner.gd:76)
   GDScript backtrace (most recent call first):
       [0] _run (res://tests/text_transition_runner.gd:76)
ABODE_LAYOUT mode=portrait size=(390.0, 844.0)
E:\WORK\Dao2\tools\run_all_runners.ps1 : Runner failed: tests/text_transition_runner.gd with exit code -1
At E:\WORK\Dao2\tools\run_all_runners.ps1:64 char:9
+         Write-Error "Runner failed: $r with exit code $LASTEXITCODE"
+         ~~~~~~~~~~~~~~~~~~~~~~~~~~~~~~~~~~~~~~~~~~~~~~~~~~~~~~~~~~~~
    + CategoryInfo          : NotSpecified: (:) [Write-Error], WriteErrorException
    + FullyQualifiedErrorId : Microsoft.PowerShell.Commands.WriteErrorException,run_all_runners.ps1
 
