ERROR: Failed to open log file for writing: user://logs/godot.log
   at: rotate_file (core/io/logger.cpp:169)
Godot Engine v4.7.2.stable.official.ed1daf0bf - https://godotengine.org

STORAGE_STARTUP_FAILED: SAVE_FAILED detail=Can't open file load=
SCRIPT ERROR: Invalid call. Nonexistent function 'open' in base 'Nil'.
   at: _toggle_sect_panel (res://src/abode/living_abode.gd:1383)
   GDScript backtrace (most recent call first):
       [0] _toggle_sect_panel (res://src/abode/living_abode.gd:1383)
       [1] _run (res://tests/abode_presentation_parity_runner.gd:29)
SCRIPT ERROR: Invalid call. Nonexistent function 'open' in base 'Nil'.
   at: _toggle_realm_modal (res://src/abode/living_abode.gd:1407)
   GDScript backtrace (most recent call first):
       [0] _toggle_realm_modal (res://src/abode/living_abode.gd:1407)
       [1] _run (res://tests/abode_presentation_parity_runner.gd:30)
SCRIPT ERROR: Invalid call. Nonexistent function 'open' in base 'Nil'.
   at: _toggle_sect_panel (res://src/abode/living_abode.gd:1383)
   GDScript backtrace (most recent call first):
       [0] _toggle_sect_panel (res://src/abode/living_abode.gd:1383)
       [1] _run (res://tests/abode_presentation_parity_runner.gd:31)
SCRIPT ERROR: Invalid call. Nonexistent function 'open' in base 'Nil'.
   at: _toggle_realm_modal (res://src/abode/living_abode.gd:1407)
   GDScript backtrace (most recent call first):
       [0] _toggle_realm_modal (res://src/abode/living_abode.gd:1407)
       [1] _run (res://tests/abode_presentation_parity_runner.gd:32)
SCRIPT ERROR: Invalid access to property or key 'state' on a base object of type 'Nil'.
   at: _run (res://tests/abode_presentation_parity_runner.gd:33)
   GDScript backtrace (most recent call first):
       [0] _run (res://tests/abode_presentation_parity_runner.gd:33)
