Godot Engine v4.7.2.stable.official.ed1daf0bf - https://godotengine.org

ERROR: Could not open 'user://' directory: 'user://'.
   at: _get_and_create_snapshot_storage_dir (modules/objectdb_profiler/editor/objectdb_profiler_panel.cpp:157)
[   0% ] [90m[1mfirst_scan_filesystem[22m | Started 專案初始化中 (5 steps)[39m[0m
[   0% ] [90m[1mfirst_scan_filesystem[22m | 正在掃描檔案結構…[39m[0m
[  16% ] [90m[1mfirst_scan_filesystem[22m | 正在載入全域類別名稱…[39m[0m
[  33% ] [90m[1mfirst_scan_filesystem[22m | 正在驗證 GDExtension…[39m[0m
[  50% ] [90m[1mfirst_scan_filesystem[22m | 正在建立自動載入腳本…[39m[0m
[  66% ] [90m[1mfirst_scan_filesystem[22m | 初始化外掛程式...[39m[0m
[  83% ] [90m[1mfirst_scan_filesystem[22m | 開始掃描檔案...[39m[0m
[92m[ DONE ][39m [1mfirst_scan_filesystem[22m
[0m
[   0% ] [90m[1mupdate_scripts_classes[22m | Started 註冊全域類別中... (3 steps)[39m[0m
[   0% ] [90m[1mupdate_scripts_classes[22m | [39m[0m
[  25% ] [90m[1mupdate_scripts_classes[22m | SaveManager[39m[0m
[  50% ] [90m[1mupdate_scripts_classes[22m | RuntimeProfile[39m[0m
[92m[ DONE ][39m [1mupdate_scripts_classes[22m
[0m
[   0% ] [90m[1m_update_scan_actions[22m | Started 掃描動作中... (45 steps)[39m[0m
[   0% ] [90m[1m_update_scan_actions[22m | web-alchemy-844x390.png[39m[0m
[   2% ] [90m[1m_update_scan_actions[22m | web-beasts-844x390.png[39m[0m
[   4% ] [90m[1m_update_scan_actions[22m | web-beasts-1280x720.png[39m[0m
[   6% ] [90m[1m_update_scan_actions[22m | web-decisions-844x390.png[39m[0m
[   8% ] [90m[1m_update_scan_actions[22m | web-fortune-844x390.png[39m[0m
[  10% ] [90m[1m_update_scan_actions[22m | web-outposts-844x390.png[39m[0m
[  13% ] [90m[1m_update_scan_actions[22m | web-portrait-cold-start-360x640.png[39m[0m
[  15% ] [90m[1m_update_scan_actions[22m | web-realms-844x390.png[39m[0m
[  17% ] [90m[1m_update_scan_actions[22m | web-realms-1280x720.png[39m[0m
[  19% ] [90m[1m_update_scan_actions[22m | res1-c2-perf-bgm-toggle.png[39m[0m
[  21% ] [90m[1m_update_scan_actions[22m | res1-c2-perf-browser-retry49.png[39m[0m
[  23% ] [90m[1m_update_scan_actions[22m | res1-c2-perf-cold-final.png[39m[0m
[  26% ] [90m[1m_update_scan_actions[22m | res1-c2-perf-home-short.png[39m[0m
[  28% ] [90m[1m_update_scan_actions[22m | res1-c2-perf-offline-progress.png[39m[0m
[  30% ] [90m[1m_update_scan_actions[22m | res1-c2-perf-offline-reload.png[39m[0m
[  32% ] [90m[1m_update_scan_actions[22m | res1-c2-perf-offline-summary.png[39m[0m
[  34% ] [90m[1m_update_scan_actions[22m | res1-c2-perf-ore-short-scroll.png[39m[0m
[  36% ] [90m[1m_update_scan_actions[22m | res1-c2-perf-ore-short.png[39m[0m
[  39% ] [90m[1m_update_scan_actions[22m | res1-c2-perf-r2-cont-c2retry49.jpg[39m[0m
[  41% ] [90m[1m_update_scan_actions[22m | res1-c2-perf-r2-cont-delivery-offline.jpg[39m[0m
[  43% ] [90m[1m_update_scan_actions[22m | res1-c2-perf-r2-cont-delivery-reload.jpg[39m[0m
[  45% ] [90m[1m_update_scan_actions[22m | res1-c2-perf-r2-cont-delivery-repeat.jpg[39m[0m
[  47% ] [90m[1m_update_scan_actions[22m | res1-c2-perf-r2-cont-desktop.jpg[39m[0m
[  50% ] [90m[1m_update_scan_actions[22m | res1-c2-perf-r2-cont-home-short.jpg[39m[0m
[  52% ] [90m[1m_update_scan_actions[22m | res1-c2-perf-r2-cont-ore-short-processing.jpg[39m[0m
[  54% ] [90m[1m_update_scan_actions[22m | res1-c2-perf-r2-cont-retry69.jpg[39m[0m
[  56% ] [90m[1m_update_scan_actions[22m | res1-c2-perf-r2-cont-wood-management.jpg[39m[0m
[  58% ] [90m[1m_update_scan_actions[22m | res1-c2-perf-r2-fps-v3-review.png[39m[0m
[  60% ] [90m[1m_update_scan_actions[22m | res1-c2-perf-web-switch-10.png[39m[0m
[  63% ] [90m[1m_update_scan_actions[22m | res1-c2-perf-web-switch-20.png[39m[0m
[  65% ] [90m[1m_update_scan_actions[22m | res1-c2-perf-web-switch-30.png[39m[0m
[  67% ] [90m[1m_update_scan_actions[22m | res1-c2-perf-web-switch-40.png[39m[0m
[  69% ] [90m[1m_update_scan_actions[22m | res1-c2-perf-web-switch-50.png[39m[0m
[  71% ] [90m[1m_update_scan_actions[22m | res1-c2-perf-wood-desktop.png[39m[0m
[  73% ] [90m[1m_update_scan_actions[22m | res1-c2-perf-wood-management.png[39m[0m
[  76% ] [90m[1m_update_scan_actions[22m | text-level-desktop.png[39m[0m
[  78% ] [90m[1m_update_scan_actions[22m | text-level-reload.png[39m[0m
[  80% ] [90m[1m_update_scan_actions[22m | text-level-short.png[39m[0m
[  82% ] [90m[1m_update_scan_actions[22m | world-text-desktop.png[39m[0m
[  84% ] [90m[1m_update_scan_actions[22m | world-text-far.png[39m[0m
[  86% ] [90m[1m_update_scan_actions[22m | world-text-minimum.png[39m[0m
[  89% ] [90m[1m_update_scan_actions[22m | world-text-short.png[39m[0m
[  91% ] [90m[1m_update_scan_actions[22m | ui-first-glimpse-v1.png[39m[0m
[  93% ] [90m[1m_update_scan_actions[22m | ui-home-v1.png[39m[0m
[  95% ] [90m[1m_update_scan_actions[22m | ui-nine-realms-v1.png[39m[0m
[92m[ DONE ][39m [1m_update_scan_actions[22m
[0m
[   0% ] [90m[1mreimport[22m | Started （重新）匯入素材 (10 steps)[39m[0m
[   0% ] [90m[1mreimport[22m | 正在準備重新匯入檔案…[39m[0m
[   9% ] [90m[1mreimport[22m | 正在準備重新匯入檔案…[39m[0m
[  18% ] [90m[1mreimport[22m | 正在準備重新匯入檔案…[39m[0m
[  27% ] [90m[1mreimport[22m | 正在準備重新匯入檔案…[39m[0m
[  36% ] [90m[1mreimport[22m | 正在準備重新匯入檔案…[39m[0m
[  45% ] [90m[1mreimport[22m | 正在準備重新匯入檔案…[39m[0m
[  54% ] [90m[1mreimport[22m | 正在準備重新匯入檔案…[39m[0m
[  63% ] [90m[1mreimport[22m | 正在準備重新匯入檔案…[39m[0m
[  72% ] [90m[1mreimport[22m | 正在準備重新匯入檔案…[39m[0m
[  81% ] [90m[1mreimport[22m | 正在準備重新匯入檔案…[39m[0m
[   0% ] [90m[1mreimport[22m | 執行預先重新匯入作業…[39m[0m
[   0% ] [90m[1mreimport[22m | res1-c2-perf-r2-cont-c2retry49.jpg[39m[0m
[   9% ] [90m[1mreimport[22m | res1-c2-perf-r2-cont-delivery-offline.jpg[39m[0m
WARNING: Not a PNG file
   at: check_error (drivers/png/png_driver_common.cpp:57)
ERROR: Condition "!success" is true. Returning: ERR_FILE_CORRUPT
   at: png_to_image (drivers/png/png_driver_common.cpp:70)
ERROR: Error loading image: 'res://docs/verification/artifacts/res1-c2-perf-r2-fps-v3-review.png'.
   at: load_image (core/io/image_loader.cpp:102)
[  18% ] [90m[1mreimport[22m | res1-c2-perf-r2-cont-delivery-reload.jpg[39m[0m
ERROR: Error importing 'res://docs/verification/artifacts/res1-c2-perf-r2-fps-v3-review.png'.
   at: _reimport_file (editor/file_system/editor_file_system.cpp:3093)
[  27% ] [90m[1mreimport[22m | res1-c2-perf-r2-cont-delivery-repeat.jpg[39m[0m
[  36% ] [90m[1mreimport[22m | res1-c2-perf-r2-cont-desktop.jpg[39m[0m
[  45% ] [90m[1mreimport[22m | res1-c2-perf-r2-cont-home-short.jpg[39m[0m
[  54% ] [90m[1mreimport[22m | res1-c2-perf-r2-cont-ore-short-processing.jpg[39m[0m
[  63% ] [90m[1mreimport[22m | res1-c2-perf-r2-cont-retry69.jpg[39m[0m
[  72% ] [90m[1mreimport[22m | res1-c2-perf-r2-cont-wood-management.jpg[39m[0m
[  81% ] [90m[1mreimport[22m | res1-c2-perf-r2-fps-v3-review.png[39m[0m
[  90% ] [90m[1mreimport[22m | 完成素材匯入...[39m[0m
[92m[ DONE ][39m [1mreimport[22m
[0m
[   0% ] [90m[1mreimport[22m | Started （重新）匯入素材 (10 steps)[39m[0m
[   0% ] [90m[1mreimport[22m | 執行重新匯入後續處理作業…[39m[0m
[92m[ DONE ][39m [1mreimport[22m
[0m
[   0% ] [90m[1mloading_editor_layout[22m | Started 正在載入編輯器 (5 steps)[39m[0m
[   0% ] [90m[1mloading_editor_layout[22m | 正在載入編輯器佈局…[39m[0m
[  16% ] [90m[1mloading_editor_layout[22m | 正在載入面板…[39m[0m
[92m[ DONE ][39m [1mloading_editor_layout[22m
[0m
