Godot Engine v4.7.2.stable.official.ed1daf0bf - https://godotengine.org

[   0% ] [90m[1mfirst_scan_filesystem[22m | Started 專案初始化中 (5 steps)[39m[0m
[   0% ] [90m[1mfirst_scan_filesystem[22m | 正在掃描檔案結構…[39m[0m
[  16% ] [90m[1mfirst_scan_filesystem[22m | 正在載入全域類別名稱…[39m[0m
[  33% ] [90m[1mfirst_scan_filesystem[22m | 正在驗證 GDExtension…[39m[0m
[  50% ] [90m[1mfirst_scan_filesystem[22m | 正在建立自動載入腳本…[39m[0m
[  66% ] [90m[1mfirst_scan_filesystem[22m | 初始化外掛程式...[39m[0m
[  83% ] [90m[1mfirst_scan_filesystem[22m | 開始掃描檔案...[39m[0m
[92m[ DONE ][39m [1mfirst_scan_filesystem[22m
[0m
[   0% ] [90m[1mupdate_scripts_classes[22m | Started 註冊全域類別中... (4 steps)[39m[0m
[   0% ] [90m[1mupdate_scripts_classes[22m | IslandEconomy[39m[0m
[  20% ] [90m[1mupdate_scripts_classes[22m | TimeAdvancer[39m[0m
[  40% ] [90m[1mupdate_scripts_classes[22m | [39m[0m
[  60% ] [90m[1mupdate_scripts_classes[22m | [39m[0m
[92m[ DONE ][39m [1mupdate_scripts_classes[22m
[0m
[   0% ] [90m[1m_update_scan_actions[22m | Started 掃描動作中... (42 steps)[39m[0m
[   0% ] [90m[1m_update_scan_actions[22m | web-alchemy-844x390.png[39m[0m
[   2% ] [90m[1m_update_scan_actions[22m | web-beasts-844x390.png[39m[0m
[   4% ] [90m[1m_update_scan_actions[22m | web-beasts-1280x720.png[39m[0m
[   6% ] [90m[1m_update_scan_actions[22m | web-decisions-844x390.png[39m[0m
[   9% ] [90m[1m_update_scan_actions[22m | web-fortune-844x390.png[39m[0m
[  11% ] [90m[1m_update_scan_actions[22m | web-outposts-844x390.png[39m[0m
[  13% ] [90m[1m_update_scan_actions[22m | web-portrait-cold-start-360x640.png[39m[0m
[  16% ] [90m[1m_update_scan_actions[22m | web-realms-844x390.png[39m[0m
[  18% ] [90m[1m_update_scan_actions[22m | web-realms-1280x720.png[39m[0m
[  20% ] [90m[1m_update_scan_actions[22m | res1-c2-perf-bgm-toggle.png[39m[0m
[  23% ] [90m[1m_update_scan_actions[22m | res1-c2-perf-browser-retry49.png[39m[0m
[  25% ] [90m[1m_update_scan_actions[22m | res1-c2-perf-cold-final.png[39m[0m
[  27% ] [90m[1m_update_scan_actions[22m | res1-c2-perf-home-short.png[39m[0m
[  30% ] [90m[1m_update_scan_actions[22m | res1-c2-perf-offline-progress.png[39m[0m
[  32% ] [90m[1m_update_scan_actions[22m | res1-c2-perf-offline-reload.png[39m[0m
[  34% ] [90m[1m_update_scan_actions[22m | res1-c2-perf-offline-summary.png[39m[0m
[  37% ] [90m[1m_update_scan_actions[22m | res1-c2-perf-ore-short-scroll.png[39m[0m
[  39% ] [90m[1m_update_scan_actions[22m | res1-c2-perf-ore-short.png[39m[0m
[  41% ] [90m[1m_update_scan_actions[22m | res1-c2-perf-r2-desktop-final.jpg[39m[0m
[  44% ] [90m[1m_update_scan_actions[22m | res1-c2-perf-r2-final-offline-summary.jpg[39m[0m
[  46% ] [90m[1m_update_scan_actions[22m | res1-c2-perf-r2-home-short.jpg[39m[0m
[  48% ] [90m[1m_update_scan_actions[22m | res1-c2-perf-r2-ore-short-processing.jpg[39m[0m
[  51% ] [90m[1m_update_scan_actions[22m | res1-c2-perf-r2-ore-short.jpg[39m[0m
[  53% ] [90m[1m_update_scan_actions[22m | res1-c2-perf-r2-retry49.jpg[39m[0m
[  55% ] [90m[1m_update_scan_actions[22m | res1-c2-perf-r2-wood-management.jpg[39m[0m
[  58% ] [90m[1m_update_scan_actions[22m | res1-c2-perf-web-switch-10.png[39m[0m
[  60% ] [90m[1m_update_scan_actions[22m | res1-c2-perf-web-switch-20.png[39m[0m
[  62% ] [90m[1m_update_scan_actions[22m | res1-c2-perf-web-switch-30.png[39m[0m
[  65% ] [90m[1m_update_scan_actions[22m | res1-c2-perf-web-switch-40.png[39m[0m
[  67% ] [90m[1m_update_scan_actions[22m | res1-c2-perf-web-switch-50.png[39m[0m
[  69% ] [90m[1m_update_scan_actions[22m | res1-c2-perf-wood-desktop.png[39m[0m
[  72% ] [90m[1m_update_scan_actions[22m | res1-c2-perf-wood-management.png[39m[0m
[  74% ] [90m[1m_update_scan_actions[22m | text-level-desktop.png[39m[0m
[  76% ] [90m[1m_update_scan_actions[22m | text-level-reload.png[39m[0m
[  79% ] [90m[1m_update_scan_actions[22m | text-level-short.png[39m[0m
[  81% ] [90m[1m_update_scan_actions[22m | world-text-desktop.png[39m[0m
[  83% ] [90m[1m_update_scan_actions[22m | world-text-far.png[39m[0m
[  86% ] [90m[1m_update_scan_actions[22m | world-text-minimum.png[39m[0m
[  88% ] [90m[1m_update_scan_actions[22m | world-text-short.png[39m[0m
[  90% ] [90m[1m_update_scan_actions[22m | ui-first-glimpse-v1.png[39m[0m
[  93% ] [90m[1m_update_scan_actions[22m | ui-home-v1.png[39m[0m
[  95% ] [90m[1m_update_scan_actions[22m | ui-nine-realms-v1.png[39m[0m
[92m[ DONE ][39m [1m_update_scan_actions[22m
[0m
[   0% ] [90m[1mreimport[22m | Started （重新）匯入素材 (7 steps)[39m[0m
[   0% ] [90m[1mreimport[22m | 正在準備重新匯入檔案…[39m[0m
[  12% ] [90m[1mreimport[22m | 正在準備重新匯入檔案…[39m[0m
[  25% ] [90m[1mreimport[22m | 正在準備重新匯入檔案…[39m[0m
[  37% ] [90m[1mreimport[22m | 正在準備重新匯入檔案…[39m[0m
[  50% ] [90m[1mreimport[22m | 正在準備重新匯入檔案…[39m[0m
[  62% ] [90m[1mreimport[22m | 正在準備重新匯入檔案…[39m[0m
[  75% ] [90m[1mreimport[22m | 正在準備重新匯入檔案…[39m[0m
[   0% ] [90m[1mreimport[22m | 執行預先重新匯入作業…[39m[0m
[   0% ] [90m[1mreimport[22m | res1-c2-perf-r2-desktop-final.jpg[39m[0m
[  12% ] [90m[1mreimport[22m | res1-c2-perf-r2-final-offline-summary.jpg[39m[0m
[  25% ] [90m[1mreimport[22m | res1-c2-perf-r2-home-short.jpg[39m[0m
[  37% ] [90m[1mreimport[22m | res1-c2-perf-r2-ore-short-processing.jpg[39m[0m
[  50% ] [90m[1mreimport[22m | res1-c2-perf-r2-ore-short.jpg[39m[0m
[  62% ] [90m[1mreimport[22m | res1-c2-perf-r2-retry49.jpg[39m[0m
[  75% ] [90m[1mreimport[22m | res1-c2-perf-r2-wood-management.jpg[39m[0m
[  87% ] [90m[1mreimport[22m | 完成素材匯入...[39m[0m
[92m[ DONE ][39m [1mreimport[22m
[0m
[   0% ] [90m[1mreimport[22m | Started （重新）匯入素材 (7 steps)[39m[0m
[   0% ] [90m[1mreimport[22m | 執行重新匯入後續處理作業…[39m[0m
[92m[ DONE ][39m [1mreimport[22m
[0m
[   0% ] [90m[1mloading_editor_layout[22m | Started 正在載入編輯器 (5 steps)[39m[0m
[   0% ] [90m[1mloading_editor_layout[22m | 正在載入編輯器佈局…[39m[0m
[  16% ] [90m[1mloading_editor_layout[22m | 正在載入面板…[39m[0m
[92m[ DONE ][39m [1mloading_editor_layout[22m
[0m
