warning: in the working copy of 'README.md', LF will be replaced by CRLF the next time Git touches it
warning: in the working copy of 'ROADMAP.md', LF will be replaced by CRLF the next time Git touches it
warning: in the working copy of 'docs/02-technical-architecture.md', LF will be replaced by CRLF the next time Git touches it
warning: in the working copy of 'docs/07-responsive-ui-web-spec.md', LF will be replaced by CRLF the next time Git touches it
warning: in the working copy of 'docs/08-building-presentation-and-era-expansion.md', LF will be replaced by CRLF the next time Git touches it
warning: in the working copy of 'docs/14-multi-island-resource-progression.md', LF will be replaced by CRLF the next time Git touches it
warning: in the working copy of 'docs/15-island-expansion-and-art-direction.md', LF will be replaced by CRLF the next time Git touches it
warning: in the working copy of 'docs/ai-handoff.md', LF will be replaced by CRLF the next time Git touches it
warning: in the working copy of 'docs/development-status.md', LF will be replaced by CRLF the next time Git touches it
warning: in the working copy of 'docs/rule-differences.md', LF will be replaced by CRLF the next time Git touches it
warning: in the working copy of 'export_presets.cfg', LF will be replaced by CRLF the next time Git touches it
warning: in the working copy of 'src/abode/abode_building.gd', LF will be replaced by CRLF the next time Git touches it
warning: in the working copy of 'src/abode/abode_flows.gd', LF will be replaced by CRLF the next time Git touches it
warning: in the working copy of 'src/abode/living_abode.gd', LF will be replaced by CRLF the next time Git touches it
warning: in the working copy of 'src/application/game_session.gd', LF will be replaced by CRLF the next time Git touches it
warning: in the working copy of 'src/content/game_content.gd', LF will be replaced by CRLF the next time Git touches it
warning: in the working copy of 'src/persistence/save_codec.gd', LF will be replaced by CRLF the next time Git touches it
warning: in the working copy of 'src/persistence/save_manager.gd', LF will be replaced by CRLF the next time Git touches it
warning: in the working copy of 'src/presentation/abode_hud_controller.gd', LF will be replaced by CRLF the next time Git touches it
warning: in the working copy of 'src/presentation/feature_navigation.gd', LF will be replaced by CRLF the next time Git touches it
warning: in the working copy of 'src/presentation/island_management_panel.gd', LF will be replaced by CRLF the next time Git touches it
warning: in the working copy of 'src/presentation/island_world.gd', LF will be replaced by CRLF the next time Git touches it
warning: in the working copy of 'src/simulation/command_processor.gd', LF will be replaced by CRLF the next time Git touches it
warning: in the working copy of 'src/simulation/island_economy.gd', LF will be replaced by CRLF the next time Git touches it
warning: in the working copy of 'src/simulation/island_progression.gd', LF will be replaced by CRLF the next time Git touches it
warning: in the working copy of 'src/simulation/reincarnation_rules.gd', LF will be replaced by CRLF the next time Git touches it
warning: in the working copy of 'src/verification/web_persistence_probe.gd', LF will be replaced by CRLF the next time Git touches it
warning: in the working copy of 'tests/res1c_progression_runner.gd', LF will be replaced by CRLF the next time Git touches it
warning: in the working copy of 'tests/resource_feedback_runner.gd', LF will be replaced by CRLF the next time Git touches it
warning: in the working copy of 'tests/text_transition_runner.gd', LF will be replaced by CRLF the next time Git touches it
warning: in the working copy of 'tools/island_preview_server.py', LF will be replaced by CRLF the next time Git touches it
warning: in the working copy of 'tools/res1c2_metrics.js', LF will be replaced by CRLF the next time Git touches it
warning: in the working copy of 'tools/res1c2_runtime_profile.js', LF will be replaced by CRLF the next time Git touches it
warning: in the working copy of 'tools/run_all_runners.ps1', LF will be replaced by CRLF the next time Git touches it
warning: in the working copy of 'tools/summarize_frame_metrics.py', LF will be replaced by CRLF the next time Git touches it
warning: in the working copy of 'tools/summarize_runtime_profile.py', LF will be replaced by CRLF the next time Git touches it
warning: in the working copy of 'tools/test_frame_metrics.mjs', LF will be replaced by CRLF the next time Git touches it
warning: in the working copy of 'tools/test_runtime_profile.mjs', LF will be replaced by CRLF the next time Git touches it
warning: in the working copy of 'tools/test_runtime_profile_summary.py', LF will be replaced by CRLF the next time Git touches it
warning: in the working copy of 'updata.txt', LF will be replaced by CRLF the next time Git touches it
