Godot Engine v4.7.2.stable.official.ed1daf0bf - https://godotengine.org

ERROR: Could not open 'user://' directory: 'user://'.
   at: _get_and_create_snapshot_storage_dir (modules/objectdb_profiler/editor/objectdb_profiler_panel.cpp:157)
[   0% ] [90m[1mfirst_scan_filesystem[22m | Started 專案初始化中 (5 steps)[39m[0m
[   0% ] [90m[1mfirst_scan_filesystem[22m | 正在掃描檔案結構…[39m[0m
[  16% ] [90m[1mfirst_scan_filesystem[22m | 正在載入全域類別名稱…[39m[0m
[  33% ] [90m[1mfirst_scan_filesystem[22m | 正在驗證 GDExtension…[39m[0m
[  50% ] [90m[1mfirst_scan_filesystem[22m | 正在建立自動載入腳本…[39m[0m
[  66% ] [90m[1mfirst_scan_filesystem[22m | 初始化外掛程式...[39m[0m
[  83% ] [90m[1mfirst_scan_filesystem[22m | 開始掃描檔案...[39m[0m
[92m[ DONE ][39m [1mfirst_scan_filesystem[22m
[0m
[   0% ] [90m[1m_update_scan_actions[22m | Started 掃描動作中... (36 steps)[39m[0m
[   0% ] [90m[1m_update_scan_actions[22m | web-alchemy-844x390.png[39m[0m
[   2% ] [90m[1m_update_scan_actions[22m | web-beasts-844x390.png[39m[0m
[   5% ] [90m[1m_update_scan_actions[22m | web-beasts-1280x720.png[39m[0m
[   8% ] [90m[1m_update_scan_actions[22m | web-decisions-844x390.png[39m[0m
[  10% ] [90m[1m_update_scan_actions[22m | web-fortune-844x390.png[39m[0m
[  13% ] [90m[1m_update_scan_actions[22m | web-outposts-844x390.png[39m[0m
[  16% ] [90m[1m_update_scan_actions[22m | web-portrait-cold-start-360x640.png[39m[0m
[  18% ] [90m[1m_update_scan_actions[22m | web-realms-844x390.png[39m[0m
[  21% ] [90m[1m_update_scan_actions[22m | web-realms-1280x720.png[39m[0m
[  24% ] [90m[1m_update_scan_actions[22m | res1-c2-perf-bgm-toggle.png[39m[0m
[  27% ] [90m[1m_update_scan_actions[22m | res1-c2-perf-browser-retry49.png[39m[0m
[  29% ] [90m[1m_update_scan_actions[22m | res1-c2-perf-cold-final.png[39m[0m
[  32% ] [90m[1m_update_scan_actions[22m | res1-c2-perf-home-short.png[39m[0m
[  35% ] [90m[1m_update_scan_actions[22m | res1-c2-perf-offline-progress.png[39m[0m
[  37% ] [90m[1m_update_scan_actions[22m | res1-c2-perf-offline-reload.png[39m[0m
[  40% ] [90m[1m_update_scan_actions[22m | res1-c2-perf-offline-summary.png[39m[0m
[  43% ] [90m[1m_update_scan_actions[22m | res1-c2-perf-ore-short-scroll.png[39m[0m
[  45% ] [90m[1m_update_scan_actions[22m | res1-c2-perf-ore-short.png[39m[0m
[  48% ] [90m[1m_update_scan_actions[22m | res1-c2-perf-r2-fps-v3-review.png[39m[0m
[  51% ] [90m[1m_update_scan_actions[22m | res1-c2-perf-web-switch-10.png[39m[0m
[  54% ] [90m[1m_update_scan_actions[22m | res1-c2-perf-web-switch-20.png[39m[0m
[  56% ] [90m[1m_update_scan_actions[22m | res1-c2-perf-web-switch-30.png[39m[0m
[  59% ] [90m[1m_update_scan_actions[22m | res1-c2-perf-web-switch-40.png[39m[0m
[  62% ] [90m[1m_update_scan_actions[22m | res1-c2-perf-web-switch-50.png[39m[0m
[  64% ] [90m[1m_update_scan_actions[22m | res1-c2-perf-wood-desktop.png[39m[0m
[  67% ] [90m[1m_update_scan_actions[22m | res1-c2-perf-wood-management.png[39m[0m
[  70% ] [90m[1m_update_scan_actions[22m | text-level-desktop.png[39m[0m
[  72% ] [90m[1m_update_scan_actions[22m | text-level-reload.png[39m[0m
[  75% ] [90m[1m_update_scan_actions[22m | text-level-short.png[39m[0m
[  78% ] [90m[1m_update_scan_actions[22m | world-text-desktop.png[39m[0m
[  81% ] [90m[1m_update_scan_actions[22m | world-text-far.png[39m[0m
[  83% ] [90m[1m_update_scan_actions[22m | world-text-minimum.png[39m[0m
[  86% ] [90m[1m_update_scan_actions[22m | world-text-short.png[39m[0m
[  89% ] [90m[1m_update_scan_actions[22m | ui-first-glimpse-v1.png[39m[0m
[  91% ] [90m[1m_update_scan_actions[22m | ui-home-v1.png[39m[0m
[  94% ] [90m[1m_update_scan_actions[22m | ui-nine-realms-v1.png[39m[0m
[92m[ DONE ][39m [1m_update_scan_actions[22m
[0m
ERROR: 匯出: 目標資料夾不存在或無法存取：「build/web-profile」
   at: add_message (./editor/export/editor_export_platform.h:270)
ERROR: Project export for preset "Web" failed.
   at: _fs_changed (editor/editor_node.cpp:1417)
