Godot Engine v4.7.2.stable.official.ed1daf0bf - https://godotengine.org

ERROR: Could not open 'user://' directory: 'user://'.
   at: _get_and_create_snapshot_storage_dir (modules/objectdb_profiler/editor/objectdb_profiler_panel.cpp:157)
[   0% ] [90m[1mfirst_scan_filesystem[22m | Started 專案初始化中 (5 steps)[39m[0m
[   0% ] [90m[1mfirst_scan_filesystem[22m | 正在掃描檔案結構…[39m[0m
[  16% ] [90m[1mfirst_scan_filesystem[22m | 正在載入全域類別名稱…[39m[0m
[  33% ] [90m[1mfirst_scan_filesystem[22m | 正在驗證 GDExtension…[39m[0m
[  50% ] [90m[1mfirst_scan_filesystem[22m | 正在建立自動載入腳本…[39m[0m
[  66% ] [90m[1mfirst_scan_filesystem[22m | 初始化外掛程式...[39m[0m
[  83% ] [90m[1mfirst_scan_filesystem[22m | 開始掃描檔案...[39m[0m
[92m[ DONE ][39m [1mfirst_scan_filesystem[22m
[0m
[   0% ] [90m[1mupdate_scripts_classes[22m | Started 註冊全域類別中... (3 steps)[39m[0m
[   0% ] [90m[1mupdate_scripts_classes[22m | [39m[0m
[  25% ] [90m[1mupdate_scripts_classes[22m | [39m[0m
[  50% ] [90m[1mupdate_scripts_classes[22m | [39m[0m
[92m[ DONE ][39m [1mupdate_scripts_classes[22m
[0m
[   0% ] [90m[1m_update_scan_actions[22m | Started 掃描動作中... (19 steps)[39m[0m
[   0% ] [90m[1m_update_scan_actions[22m | web-alchemy-844x390.png[39m[0m
[   5% ] [90m[1m_update_scan_actions[22m | web-beasts-844x390.png[39m[0m
[  10% ] [90m[1m_update_scan_actions[22m | web-beasts-1280x720.png[39m[0m
[  15% ] [90m[1m_update_scan_actions[22m | web-decisions-844x390.png[39m[0m
[  20% ] [90m[1m_update_scan_actions[22m | web-fortune-844x390.png[39m[0m
[  25% ] [90m[1m_update_scan_actions[22m | web-outposts-844x390.png[39m[0m
[  30% ] [90m[1m_update_scan_actions[22m | web-portrait-cold-start-360x640.png[39m[0m
[  35% ] [90m[1m_update_scan_actions[22m | web-realms-844x390.png[39m[0m
[  40% ] [90m[1m_update_scan_actions[22m | web-realms-1280x720.png[39m[0m
[  45% ] [90m[1m_update_scan_actions[22m | text-level-desktop.png[39m[0m
[  50% ] [90m[1m_update_scan_actions[22m | text-level-reload.png[39m[0m
[  55% ] [90m[1m_update_scan_actions[22m | text-level-short.png[39m[0m
[  60% ] [90m[1m_update_scan_actions[22m | world-text-desktop.png[39m[0m
[  65% ] [90m[1m_update_scan_actions[22m | world-text-far.png[39m[0m
[  70% ] [90m[1m_update_scan_actions[22m | world-text-minimum.png[39m[0m
[  75% ] [90m[1m_update_scan_actions[22m | world-text-short.png[39m[0m
[  80% ] [90m[1m_update_scan_actions[22m | ui-first-glimpse-v1.png[39m[0m
[  85% ] [90m[1m_update_scan_actions[22m | ui-home-v1.png[39m[0m
[  90% ] [90m[1m_update_scan_actions[22m | ui-nine-realms-v1.png[39m[0m
[92m[ DONE ][39m [1m_update_scan_actions[22m
[0m
[   0% ] [90m[1msavepack[22m | Started 打包中 (102 steps)[39m[0m
[   1% ] [90m[1msavepack[22m | 儲存檔案：res://.godot/imported/courtyard.png-3100136ab531874e7f18428ec8dc6d49.ctex[39m[0m
[   1% ] [90m[1msavepack[22m | 儲存檔案：res://assets/abode/island1/courtyard.png.import[39m[0m
[   1% ] [90m[1msavepack[22m | 儲存檔案：res://.godot/imported/herb.png-0cc3215a20cee3eb1f517782b24bcbfe.ctex[39m[0m
[   1% ] [90m[1msavepack[22m | 儲存檔案：res://assets/abode/island1/herb.png.import[39m[0m
[   2% ] [90m[1msavepack[22m | 儲存檔案：res://.godot/imported/stone.png-76adf9da439077c10cb50386d169c31e.ctex[39m[0m
[   2% ] [90m[1msavepack[22m | 儲存檔案：res://assets/abode/island1/stone.png.import[39m[0m
[   3% ] [90m[1msavepack[22m | 儲存檔案：res://.godot/imported/wood.png-cb0c80748cb142322893fa62e56bfacc.ctex[39m[0m
[   3% ] [90m[1msavepack[22m | 儲存檔案：res://assets/abode/island1/wood.png.import[39m[0m
[   4% ] [90m[1msavepack[22m | 儲存檔案：res://.godot/imported/altar.png-d7db1618c17006973d987066d9d12c62.ctex[39m[0m
[   4% ] [90m[1msavepack[22m | 儲存檔案：res://assets/abode/altar.png.import[39m[0m
[   4% ] [90m[1msavepack[22m | 儲存檔案：res://.godot/imported/garden.png-0761f2f0939b09af976b605d8b069843.ctex[39m[0m
[   4% ] [90m[1msavepack[22m | 儲存檔案：res://assets/abode/garden.png.import[39m[0m
[   5% ] [90m[1msavepack[22m | 儲存檔案：res://.godot/imported/hut.png-9f856d0916ed476afc96b9dbaee993d5.ctex[39m[0m
[   5% ] [90m[1msavepack[22m | 儲存檔案：res://assets/abode/hut.png.import[39m[0m
[   6% ] [90m[1msavepack[22m | 儲存檔案：res://.godot/imported/sky.png-6c15ebad799deef9c3269bfa28333ba6.ctex[39m[0m
[   6% ] [90m[1msavepack[22m | 儲存檔案：res://assets/abode/sky.png.import[39m[0m
[   7% ] [90m[1msavepack[22m | 儲存檔案：res://assets/fonts/SourceHanSans-LICENSE.txt[39m[0m
[   8% ] [90m[1msavepack[22m | 儲存檔案：res://assets/fonts/NotoSerifTC-LICENSE.txt[39m[0m
[   8% ] [90m[1msavepack[22m | 儲存檔案：res://src/presentation/buff_hud_bar.gdc[39m[0m
[   9% ] [90m[1msavepack[22m | 儲存檔案：res://.godot/imported/sky_tearfall_island_v6.png-646089fca1a74ee0138fc249cf56610c.ctex[39m[0m
[   9% ] [90m[1msavepack[22m | 儲存檔案：res://assets/abode/sky_tearfall_island_v6.png.import[39m[0m
[  10% ] [90m[1msavepack[22m | 儲存檔案：res://src/presentation/building_catalog.gdc[39m[0m
[  11% ] [90m[1msavepack[22m | 儲存檔案：res://.godot/imported/sword.png-b887f38c6587e06caae1b0d8e93b0f92.ctex[39m[0m
[  11% ] [90m[1msavepack[22m | 儲存檔案：res://assets/abode/sword.png.import[39m[0m
[  12% ] [90m[1msavepack[22m | 儲存檔案：res://assets/abode/tearfall_sky.gdshader[39m[0m
[  12% ] [90m[1msavepack[22m | 儲存檔案：res://.godot/imported/terrain.png-02b712269044fc4c4de63c94d6ef6402.ctex[39m[0m
[  12% ] [90m[1msavepack[22m | 儲存檔案：res://assets/abode/terrain.png.import[39m[0m
[  13% ] [90m[1msavepack[22m | 儲存檔案：res://.godot/imported/abode_theme.ogg-dc365bef27b196ce3b6af8215a869862.oggvorbisstr[39m[0m
[  13% ] [90m[1msavepack[22m | 儲存檔案：res://assets/audio/bgm/abode_theme.ogg.import[39m[0m
[  14% ] [90m[1msavepack[22m | 儲存檔案：res://.godot/imported/01_The_Unresolved_Ascent.mp3-b7627992ec5415fb5c6c9325bc3498c8.mp3str[39m[0m
[  14% ] [90m[1msavepack[22m | 儲存檔案：res://src/BGM/01_The_Unresolved_Ascent.mp3.import[39m[0m
[  15% ] [90m[1msavepack[22m | 儲存檔案：res://src/abode/living_abode.gdc[39m[0m
[  15% ] [90m[1msavepack[22m | 儲存檔案：res://src/abode/abode_state.gdc[39m[0m
[  16% ] [90m[1msavepack[22m | 儲存檔案：res://src/abode/abode_tree.gdc[39m[0m
[  17% ] [90m[1msavepack[22m | 儲存檔案：res://src/presentation/feature_navigation.gdc[39m[0m
[  18% ] [90m[1msavepack[22m | 儲存檔案：res://src/presentation/debug_panel.gdc[39m[0m
[  19% ] [90m[1msavepack[22m | 儲存檔案：res://.godot/imported/03_Rungs_of_the_Infinite.mp3-853da9d959f09bbbb06e26bbba69c3a8.mp3str[39m[0m
[  19% ] [90m[1msavepack[22m | 儲存檔案：res://src/BGM/03_Rungs_of_the_Infinite.mp3.import[39m[0m
[  19% ] [90m[1msavepack[22m | 儲存檔案：res://src/abode/abode_building.gdc[39m[0m
[  20% ] [90m[1msavepack[22m | 儲存檔案：res://src/application/game_session.gdc[39m[0m
[  21% ] [90m[1msavepack[22m | 儲存檔案：res://.godot/imported/02_The_Weight_of_Heaven.mp3-c1246d00a48f0e58fcb7a947b2fa6a53.mp3str[39m[0m
[  21% ] [90m[1msavepack[22m | 儲存檔案：res://src/BGM/02_The_Weight_of_Heaven.mp3.import[39m[0m
[  22% ] [90m[1msavepack[22m | 儲存檔案：res://src/application/offline_coordinator.gdc[39m[0m
[  23% ] [90m[1msavepack[22m | 儲存檔案：res://.godot/imported/NotoSerifTC-VF.ttf-7e030f52481e5e9d4a184beb0efeacb9.fontdata[39m[0m
[  23% ] [90m[1msavepack[22m | 儲存檔案：res://assets/fonts/NotoSerifTC-VF.ttf.import[39m[0m
[  23% ] [90m[1msavepack[22m | 儲存檔案：res://.godot/imported/SourceHanSansTW-VF.ttf-36593d83bca267d1f7c7945c6b2421ec.fontdata[39m[0m
[  23% ] [90m[1msavepack[22m | 儲存檔案：res://assets/fonts/SourceHanSansTW-VF.ttf.import[39m[0m
[  24% ] [90m[1msavepack[22m | 儲存檔案：res://.godot/imported/gift.svg-8b7b3921c71f95348585d65a6d798ed7.ctex[39m[0m
[  24% ] [90m[1msavepack[22m | 儲存檔案：res://assets/ui/icons/gift.svg.import[39m[0m
[  25% ] [90m[1msavepack[22m | 儲存檔案：res://.godot/imported/lotus.svg-7eb0dd46e592e95438d63d0a6028876f.ctex[39m[0m
[  25% ] [90m[1msavepack[22m | 儲存檔案：res://assets/ui/icons/lotus.svg.import[39m[0m
[  26% ] [90m[1msavepack[22m | 儲存檔案：res://.godot/imported/refresh.svg-2af29edc71724ec539ac27a1466cb2ec.ctex[39m[0m
[  26% ] [90m[1msavepack[22m | 儲存檔案：res://assets/ui/icons/refresh.svg.import[39m[0m
[  26% ] [90m[1msavepack[22m | 儲存檔案：res://.godot/imported/cinnabar_button.svg-fb91d1aa83802ba04e796b91578ca86e.ctex[39m[0m
[  26% ] [90m[1msavepack[22m | 儲存檔案：res://assets/ui/material/cinnabar_button.svg.import[39m[0m
[  27% ] [90m[1msavepack[22m | 儲存檔案：res://.godot/imported/jade_card.svg-148d36732b111789077372519df2def3.ctex[39m[0m
[  27% ] [90m[1msavepack[22m | 儲存檔案：res://assets/ui/material/jade_card.svg.import[39m[0m
[  28% ] [90m[1msavepack[22m | 儲存檔案：res://.godot/imported/jade_panel.svg-095919b918bb6991151a3b3b4c5a561d.ctex[39m[0m
[  28% ] [90m[1msavepack[22m | 儲存檔案：res://assets/ui/material/jade_panel.svg.import[39m[0m
[  29% ] [90m[1msavepack[22m | 儲存檔案：res://.godot/imported/jade_plaque.svg-76a201e62d066605bc8d2a79916096e9.ctex[39m[0m
[  29% ] [90m[1msavepack[22m | 儲存檔案：res://assets/ui/material/jade_plaque.svg.import[39m[0m
[  30% ] [90m[1msavepack[22m | 儲存檔案：res://.godot/imported/jade_selected.svg-0a1bb99e17cfac5e54bc104a80f464d8.ctex[39m[0m
[  30% ] [90m[1msavepack[22m | 儲存檔案：res://assets/ui/material/jade_selected.svg.import[39m[0m
[  30% ] [90m[1msavepack[22m | 儲存檔案：res://.godot/imported/paper_button.svg-84289d1ccf5c4ff91ea043f4723b29eb.ctex[39m[0m
[  30% ] [90m[1msavepack[22m | 儲存檔案：res://assets/ui/material/paper_button.svg.import[39m[0m
[  31% ] [90m[1msavepack[22m | 儲存檔案：res://.godot/imported/silk_panel.svg-6ef4fdda81cac6dbe57c098b339f0ec7.ctex[39m[0m
[  31% ] [90m[1msavepack[22m | 儲存檔案：res://assets/ui/material/silk_panel.svg.import[39m[0m
[  32% ] [90m[1msavepack[22m | 儲存檔案：res://.godot/imported/silk_row.svg-041161aad280dd7df7df7da01b224725.ctex[39m[0m
[  32% ] [90m[1msavepack[22m | 儲存檔案：res://assets/ui/material/silk_row.svg.import[39m[0m
[  33% ] [90m[1msavepack[22m | 儲存檔案：res://content/buildings/era1.json[39m[0m
[  33% ] [90m[1msavepack[22m | 儲存檔案：res://content/encounters/encounters.json[39m[0m
[  33% ] [90m[1msavepack[22m | 儲存檔案：res://content/eras/era1.json[39m[0m
[  34% ] [90m[1msavepack[22m | 儲存檔案：res://content/eras/era2.json[39m[0m
[  35% ] [90m[1msavepack[22m | 儲存檔案：res://content/realms/realms.json[39m[0m
[  36% ] [90m[1msavepack[22m | 儲存檔案：res://content/realms/realm_decisions.json[39m[0m
[  37% ] [90m[1msavepack[22m | 儲存檔案：res://content/recipes/era1_3.json[39m[0m
[  37% ] [90m[1msavepack[22m | 儲存檔案：res://content/resources/era1.json[39m[0m
[  38% ] [90m[1msavepack[22m | 儲存檔案：res://content/worlds/world_archetypes.json[39m[0m
[  39% ] [90m[1msavepack[22m | 儲存檔案：res://content/manifest.json[39m[0m
[  40% ] [90m[1msavepack[22m | 儲存檔案：res://src/presentation/achievement_panel.gdc[39m[0m
[  40% ] [90m[1msavepack[22m | 儲存檔案：res://src/presentation/abode_hud_controller.gdc[39m[0m
[  41% ] [90m[1msavepack[22m | 儲存檔案：res://src/persistence/storage_adapter.gdc[39m[0m
[  42% ] [90m[1msavepack[22m | 儲存檔案：res://src/persistence/web_storage_adapter.gdc[39m[0m
[  43% ] [90m[1msavepack[22m | 儲存檔案：res://src/persistence/save_slots.gdc[39m[0m
[  44% ] [90m[1msavepack[22m | 儲存檔案：res://src/persistence/save_codec.gdc[39m[0m
[  44% ] [90m[1msavepack[22m | 儲存檔案：res://src/persistence/save_manager.gdc[39m[0m
[  45% ] [90m[1msavepack[22m | 儲存檔案：res://src/persistence/file_storage_adapter.gdc[39m[0m
[  46% ] [90m[1msavepack[22m | 儲存檔案：res://src/persistence/legacy_importer.gdc[39m[0m
[  47% ] [90m[1msavepack[22m | 儲存檔案：res://src/domain/world_address.gdc[39m[0m
[  48% ] [90m[1msavepack[22m | 儲存檔案：res://src/domain/world_descriptor.gdc[39m[0m
[  48% ] [90m[1msavepack[22m | 儲存檔案：res://src/domain/seeded_random.gdc[39m[0m
[  49% ] [90m[1msavepack[22m | 儲存檔案：res://src/domain/seeded_random_compat.gdc[39m[0m
[  50% ] [90m[1msavepack[22m | 儲存檔案：res://src/domain/game_state.gdc[39m[0m
[  51% ] [90m[1msavepack[22m | 儲存檔案：res://src/domain/amount_compat_v2.gdc[39m[0m
[  51% ] [90m[1msavepack[22m | 儲存檔案：res://src/domain/amount_compat.gdc[39m[0m
[  52% ] [90m[1msavepack[22m | 儲存檔案：res://src/domain/amount.gdc[39m[0m
[  53% ] [90m[1msavepack[22m | 儲存檔案：res://src/debug/runtime_inspector.gdc[39m[0m
[  54% ] [90m[1msavepack[22m | 儲存檔案：res://src/debug/simulation_sandbox.gdc[39m[0m
[  55% ] [90m[1msavepack[22m | 儲存檔案：res://src/content/processing_catalog.gdc[39m[0m
[  55% ] [90m[1msavepack[22m | 儲存檔案：res://src/debug/debug_actions.gdc[39m[0m
[  56% ] [90m[1msavepack[22m | 儲存檔案：res://.godot/imported/04_Where_Starlight_Settles.mp3-d22e7d50a2b9a4364517af2cb618637f.mp3str[39m[0m
[  56% ] [90m[1msavepack[22m | 儲存檔案：res://src/BGM/04_Where_Starlight_Settles.mp3.import[39m[0m
[  57% ] [90m[1msavepack[22m | 儲存檔案：res://src/content/content_loader.gdc[39m[0m
[  58% ] [90m[1msavepack[22m | 儲存檔案：res://src/presentation/alchemy_panel.gdc[39m[0m
[  59% ] [90m[1msavepack[22m | 儲存檔案：res://src/presentation/breakthrough_sequence.gdc[39m[0m
[  59% ] [90m[1msavepack[22m | 儲存檔案：res://src/presentation/abode_modal_manager.gdc[39m[0m
[  60% ] [90m[1msavepack[22m | 儲存檔案：res://.godot/exported/133200997/export-7d6410d53ca0daede37d5e8aa53db30b-web_probe.scn[39m[0m
[  61% ] [90m[1msavepack[22m | 儲存檔案：res://src/content/game_content.gdc[39m[0m
[  62% ] [90m[1msavepack[22m | 儲存檔案：res://src/abode/abode_flows.gdc[39m[0m
[  62% ] [90m[1msavepack[22m | 儲存檔案：res://.godot/exported/133200997/export-25114a9fda58f747dc0a3500a86ed650-living_abode.scn[39m[0m
[  63% ] [90m[1msavepack[22m | 儲存檔案：res://src/abode/abode_camera.gdc[39m[0m
[  64% ] [90m[1msavepack[22m | 儲存檔案：res://src/abode/abode_scenery_prop.gdc[39m[0m
[  65% ] [90m[1msavepack[22m | 儲存檔案：res://src/simulation/time_advancer.gdc[39m[0m
[  66% ] [90m[1msavepack[22m | 儲存檔案：res://src/simulation/world_generator.gdc[39m[0m
[  66% ] [90m[1msavepack[22m | 儲存檔案：res://src/simulation/sect_system.gdc[39m[0m
[  66% ] [90m[1msavepack[22m | 儲存檔案：res://src/simulation/scale_law_contract.gdc[39m[0m
[  67% ] [90m[1msavepack[22m | 儲存檔案：res://src/simulation/reincarnation_rules.gdc[39m[0m
[  68% ] [90m[1msavepack[22m | 儲存檔案：res://src/simulation/talent_system.gdc[39m[0m
[  69% ] [90m[1msavepack[22m | 儲存檔案：res://src/simulation/realm_system.gdc[39m[0m
[  69% ] [90m[1msavepack[22m | 儲存檔案：res://src/simulation/production.gdc[39m[0m
[  70% ] [90m[1msavepack[22m | 儲存檔案：res://src/simulation/processing_system.gdc[39m[0m
[  71% ] [90m[1msavepack[22m | 儲存檔案：res://src/simulation/processing_inventory.gdc[39m[0m
[  72% ] [90m[1msavepack[22m | 儲存檔案：res://src/simulation/realm_decision_system.gdc[39m[0m
[  73% ] [90m[1msavepack[22m | 儲存檔案：res://src/simulation/offline_settlement.gdc[39m[0m
[  73% ] [90m[1msavepack[22m | 儲存檔案：res://src/simulation/onboarding.gdc[39m[0m
[  74% ] [90m[1msavepack[22m | 儲存檔案：res://src/simulation/island_progression.gdc[39m[0m
[  75% ] [90m[1msavepack[22m | 儲存檔案：res://src/simulation/lifespan.gdc[39m[0m
[  76% ] [90m[1msavepack[22m | 儲存檔案：res://src/simulation/game_clock.gdc[39m[0m
[  76% ] [90m[1msavepack[22m | 儲存檔案：res://src/simulation/island_economy.gdc[39m[0m
[  77% ] [90m[1msavepack[22m | 儲存檔案：res://src/simulation/cultivation.gdc[39m[0m
[  78% ] [90m[1msavepack[22m | 儲存檔案：res://src/simulation/fortune_system.gdc[39m[0m
[  79% ] [90m[1msavepack[22m | 儲存檔案：res://src/simulation/chrono_system.gdc[39m[0m
[  80% ] [90m[1msavepack[22m | 儲存檔案：res://src/simulation/command_processor.gdc[39m[0m
[  80% ] [90m[1msavepack[22m | 儲存檔案：res://src/simulation/buff_system.gdc[39m[0m
[  81% ] [90m[1msavepack[22m | 儲存檔案：res://src/simulation/building_costs.gdc[39m[0m
[  82% ] [90m[1msavepack[22m | 儲存檔案：res://src/simulation/alchemy_system.gdc[39m[0m
[  83% ] [90m[1msavepack[22m | 儲存檔案：res://src/simulation/beast_system.gdc[39m[0m
[  84% ] [90m[1msavepack[22m | 儲存檔案：res://src/simulation/abode_scenery.gdc[39m[0m
[  84% ] [90m[1msavepack[22m | 儲存檔案：res://src/simulation/achievement_system.gdc[39m[0m
[  85% ] [90m[1msavepack[22m | 儲存檔案：res://src/presentation/ui_typography.gdc[39m[0m
[  86% ] [90m[1msavepack[22m | 儲存檔案：res://src/presentation/web_probe.gdc[39m[0m
[  87% ] [90m[1msavepack[22m | 儲存檔案：res://src/presentation/ui_icon.gdc[39m[0m
[  87% ] [90m[1msavepack[22m | 儲存檔案：res://src/presentation/ui_material.gdc[39m[0m
[  88% ] [90m[1msavepack[22m | 儲存檔案：res://src/presentation/text_transition.gdc[39m[0m
[  89% ] [90m[1msavepack[22m | 儲存檔案：res://src/presentation/sect_panel.gdc[39m[0m
[  90% ] [90m[1msavepack[22m | 儲存檔案：res://src/presentation/system_actions_panel.gdc[39m[0m
[  91% ] [90m[1msavepack[22m | 儲存檔案：res://src/presentation/save_controls.gdc[39m[0m
[  91% ] [90m[1msavepack[22m | 儲存檔案：res://src/presentation/reincarnation_sequence.gdc[39m[0m
[  92% ] [90m[1msavepack[22m | 儲存檔案：res://src/presentation/reincarnation_panel.gdc[39m[0m
[  93% ] [90m[1msavepack[22m | 儲存檔案：res://src/presentation/realm_teleport_modal.gdc[39m[0m
[  94% ] [90m[1msavepack[22m | 儲存檔案：res://src/presentation/offline_summary.gdc[39m[0m
[  95% ] [90m[1msavepack[22m | 儲存檔案：res://src/presentation/orientation_prompt.gdc[39m[0m
[  95% ] [90m[1msavepack[22m | 儲存檔案：res://src/presentation/nine_realms_preview.gdc[39m[0m
[  96% ] [90m[1msavepack[22m | 儲存檔案：res://src/presentation/island_management_panel.gdc[39m[0m
[  97% ] [90m[1msavepack[22m | 儲存檔案：res://src/presentation/island_breakthrough_fx.gdc[39m[0m
[  98% ] [90m[1msavepack[22m | 儲存檔案：res://src/presentation/fortune_modal.gdc[39m[0m
[  98% ] [90m[1msavepack[22m | 儲存檔案：res://src/presentation/buff_hud_bar.gd.remap[39m[0m
[  98% ] [90m[1msavepack[22m | 儲存檔案：res://src/presentation/building_catalog.gd.remap[39m[0m
[  98% ] [90m[1msavepack[22m | 儲存檔案：res://src/abode/living_abode.gd.remap[39m[0m
[  98% ] [90m[1msavepack[22m | 儲存檔案：res://src/abode/abode_state.gd.remap[39m[0m
[  98% ] [90m[1msavepack[22m | 儲存檔案：res://src/abode/abode_tree.gd.remap[39m[0m
[  98% ] [90m[1msavepack[22m | 儲存檔案：res://src/presentation/feature_navigation.gd.remap[39m[0m
[  98% ] [90m[1msavepack[22m | 儲存檔案：res://src/presentation/debug_panel.gd.remap[39m[0m
[  98% ] [90m[1msavepack[22m | 儲存檔案：res://src/abode/abode_building.gd.remap[39m[0m
[  98% ] [90m[1msavepack[22m | 儲存檔案：res://src/application/game_session.gd.remap[39m[0m
[  98% ] [90m[1msavepack[22m | 儲存檔案：res://src/application/offline_coordinator.gd.remap[39m[0m
[  98% ] [90m[1msavepack[22m | 儲存檔案：res://src/presentation/achievement_panel.gd.remap[39m[0m
[  98% ] [90m[1msavepack[22m | 儲存檔案：res://src/presentation/abode_hud_controller.gd.remap[39m[0m
[  98% ] [90m[1msavepack[22m | 儲存檔案：res://src/persistence/storage_adapter.gd.remap[39m[0m
[  98% ] [90m[1msavepack[22m | 儲存檔案：res://src/persistence/web_storage_adapter.gd.remap[39m[0m
[  98% ] [90m[1msavepack[22m | 儲存檔案：res://src/persistence/save_slots.gd.remap[39m[0m
[  98% ] [90m[1msavepack[22m | 儲存檔案：res://src/persistence/save_codec.gd.remap[39m[0m
[  98% ] [90m[1msavepack[22m | 儲存檔案：res://src/persistence/save_manager.gd.remap[39m[0m
[  98% ] [90m[1msavepack[22m | 儲存檔案：res://src/persistence/file_storage_adapter.gd.remap[39m[0m
[  98% ] [90m[1msavepack[22m | 儲存檔案：res://src/persistence/legacy_importer.gd.remap[39m[0m
[  98% ] [90m[1msavepack[22m | 儲存檔案：res://src/domain/world_address.gd.remap[39m[0m
[  98% ] [90m[1msavepack[22m | 儲存檔案：res://src/domain/world_descriptor.gd.remap[39m[0m
[  98% ] [90m[1msavepack[22m | 儲存檔案：res://src/domain/seeded_random.gd.remap[39m[0m
[  98% ] [90m[1msavepack[22m | 儲存檔案：res://src/domain/seeded_random_compat.gd.remap[39m[0m
[  98% ] [90m[1msavepack[22m | 儲存檔案：res://src/domain/game_state.gd.remap[39m[0m
[  98% ] [90m[1msavepack[22m | 儲存檔案：res://src/domain/amount_compat_v2.gd.remap[39m[0m
[  98% ] [90m[1msavepack[22m | 儲存檔案：res://src/domain/amount_compat.gd.remap[39m[0m
[  98% ] [90m[1msavepack[22m | 儲存檔案：res://src/domain/amount.gd.remap[39m[0m
[  98% ] [90m[1msavepack[22m | 儲存檔案：res://src/debug/runtime_inspector.gd.remap[39m[0m
[  98% ] [90m[1msavepack[22m | 儲存檔案：res://src/debug/simulation_sandbox.gd.remap[39m[0m
[  98% ] [90m[1msavepack[22m | 儲存檔案：res://src/content/processing_catalog.gd.remap[39m[0m
[  98% ] [90m[1msavepack[22m | 儲存檔案：res://src/debug/debug_actions.gd.remap[39m[0m
[  98% ] [90m[1msavepack[22m | 儲存檔案：res://src/content/content_loader.gd.remap[39m[0m
[  98% ] [90m[1msavepack[22m | 儲存檔案：res://src/presentation/alchemy_panel.gd.remap[39m[0m
[  98% ] [90m[1msavepack[22m | 儲存檔案：res://src/presentation/breakthrough_sequence.gd.remap[39m[0m
[  98% ] [90m[1msavepack[22m | 儲存檔案：res://src/presentation/abode_modal_manager.gd.remap[39m[0m
[  98% ] [90m[1msavepack[22m | 儲存檔案：res://scenes/web_probe.tscn.remap[39m[0m
[  98% ] [90m[1msavepack[22m | 儲存檔案：res://src/content/game_content.gd.remap[39m[0m
[  98% ] [90m[1msavepack[22m | 儲存檔案：res://src/abode/abode_flows.gd.remap[39m[0m
[  98% ] [90m[1msavepack[22m | 儲存檔案：res://scenes/living_abode.tscn.remap[39m[0m
[  98% ] [90m[1msavepack[22m | 儲存檔案：res://src/abode/abode_camera.gd.remap[39m[0m
[  98% ] [90m[1msavepack[22m | 儲存檔案：res://src/abode/abode_scenery_prop.gd.remap[39m[0m
[  98% ] [90m[1msavepack[22m | 儲存檔案：res://src/simulation/time_advancer.gd.remap[39m[0m
[  98% ] [90m[1msavepack[22m | 儲存檔案：res://src/simulation/world_generator.gd.remap[39m[0m
[  98% ] [90m[1msavepack[22m | 儲存檔案：res://src/simulation/sect_system.gd.remap[39m[0m
[  98% ] [90m[1msavepack[22m | 儲存檔案：res://src/simulation/scale_law_contract.gd.remap[39m[0m
[  98% ] [90m[1msavepack[22m | 儲存檔案：res://src/simulation/reincarnation_rules.gd.remap[39m[0m
[  98% ] [90m[1msavepack[22m | 儲存檔案：res://src/simulation/talent_system.gd.remap[39m[0m
[  98% ] [90m[1msavepack[22m | 儲存檔案：res://src/simulation/realm_system.gd.remap[39m[0m
[  98% ] [90m[1msavepack[22m | 儲存檔案：res://src/simulation/production.gd.remap[39m[0m
[  98% ] [90m[1msavepack[22m | 儲存檔案：res://src/simulation/processing_system.gd.remap[39m[0m
[  98% ] [90m[1msavepack[22m | 儲存檔案：res://src/simulation/processing_inventory.gd.remap[39m[0m
[  98% ] [90m[1msavepack[22m | 儲存檔案：res://src/simulation/realm_decision_system.gd.remap[39m[0m
[  98% ] [90m[1msavepack[22m | 儲存檔案：res://src/simulation/offline_settlement.gd.remap[39m[0m
[  98% ] [90m[1msavepack[22m | 儲存檔案：res://src/simulation/onboarding.gd.remap[39m[0m
[  98% ] [90m[1msavepack[22m | 儲存檔案：res://src/simulation/island_progression.gd.remap[39m[0m
[  98% ] [90m[1msavepack[22m | 儲存檔案：res://src/simulation/lifespan.gd.remap[39m[0m
[  98% ] [90m[1msavepack[22m | 儲存檔案：res://src/simulation/game_clock.gd.remap[39m[0m
[  98% ] [90m[1msavepack[22m | 儲存檔案：res://src/simulation/island_economy.gd.remap[39m[0m
[  98% ] [90m[1msavepack[22m | 儲存檔案：res://src/simulation/cultivation.gd.remap[39m[0m
[  98% ] [90m[1msavepack[22m | 儲存檔案：res://src/simulation/fortune_system.gd.remap[39m[0m
[  98% ] [90m[1msavepack[22m | 儲存檔案：res://src/simulation/chrono_system.gd.remap[39m[0m
[  98% ] [90m[1msavepack[22m | 儲存檔案：res://src/simulation/command_processor.gd.remap[39m[0m
[  98% ] [90m[1msavepack[22m | 儲存檔案：res://src/simulation/buff_system.gd.remap[39m[0m
[  98% ] [90m[1msavepack[22m | 儲存檔案：res://src/simulation/building_costs.gd.remap[39m[0m
[  98% ] [90m[1msavepack[22m | 儲存檔案：res://src/simulation/alchemy_system.gd.remap[39m[0m
[  98% ] [90m[1msavepack[22m | 儲存檔案：res://src/simulation/beast_system.gd.remap[39m[0m
[  98% ] [90m[1msavepack[22m | 儲存檔案：res://src/simulation/abode_scenery.gd.remap[39m[0m
[  98% ] [90m[1msavepack[22m | 儲存檔案：res://src/simulation/achievement_system.gd.remap[39m[0m
[  98% ] [90m[1msavepack[22m | 儲存檔案：res://src/presentation/ui_typography.gd.remap[39m[0m
[  98% ] [90m[1msavepack[22m | 儲存檔案：res://src/presentation/web_probe.gd.remap[39m[0m
[  98% ] [90m[1msavepack[22m | 儲存檔案：res://src/presentation/ui_icon.gd.remap[39m[0m
[  98% ] [90m[1msavepack[22m | 儲存檔案：res://src/presentation/ui_material.gd.remap[39m[0m
[  98% ] [90m[1msavepack[22m | 儲存檔案：res://src/presentation/text_transition.gd.remap[39m[0m
[  98% ] [90m[1msavepack[22m | 儲存檔案：res://src/presentation/sect_panel.gd.remap[39m[0m
[  98% ] [90m[1msavepack[22m | 儲存檔案：res://src/presentation/system_actions_panel.gd.remap[39m[0m
[  98% ] [90m[1msavepack[22m | 儲存檔案：res://src/presentation/save_controls.gd.remap[39m[0m
[  98% ] [90m[1msavepack[22m | 儲存檔案：res://src/presentation/reincarnation_sequence.gd.remap[39m[0m
[  98% ] [90m[1msavepack[22m | 儲存檔案：res://src/presentation/reincarnation_panel.gd.remap[39m[0m
[  98% ] [90m[1msavepack[22m | 儲存檔案：res://src/presentation/realm_teleport_modal.gd.remap[39m[0m
[  98% ] [90m[1msavepack[22m | 儲存檔案：res://src/presentation/offline_summary.gd.remap[39m[0m
[  98% ] [90m[1msavepack[22m | 儲存檔案：res://src/presentation/orientation_prompt.gd.remap[39m[0m
[  98% ] [90m[1msavepack[22m | 儲存檔案：res://src/presentation/nine_realms_preview.gd.remap[39m[0m
[  98% ] [90m[1msavepack[22m | 儲存檔案：res://src/presentation/island_management_panel.gd.remap[39m[0m
[  98% ] [90m[1msavepack[22m | 儲存檔案：res://src/presentation/island_breakthrough_fx.gd.remap[39m[0m
[  98% ] [90m[1msavepack[22m | 儲存檔案：res://src/presentation/fortune_modal.gd.remap[39m[0m
[  98% ] [90m[1msavepack[22m | 儲存檔案：res://.godot/global_script_class_cache.cfg[39m[0m
[  98% ] [90m[1msavepack[22m | 儲存檔案：res://.godot/uid_cache.bin[39m[0m
[  98% ] [90m[1msavepack[22m | 儲存檔案：res://project.binary[39m[0m
[92m[ DONE ][39m [1msavepack[22m
[0m
