{
  "method": "R2 v3 rAF proxy; raw intervals recomputed; all comparable game samples required",
  "thresholds": {
    "fps": 60,
    "p95Ms": 20,
    "minimumGameSamples": 3
  },
  "comparable": true,
  "groups": {
    "game": {
      "samples": 3,
      "pooledFps": 59.61904253995343,
      "strict60PassSamples": 0,
      "p95AtMost20PassSamples": 3
    },
    "raf_control": {
      "samples": 0,
      "pooledFps": null,
      "strict60PassSamples": 0,
      "p95AtMost20PassSamples": 0
    }
  },
  "strictDesktopGate": "NOT_PASSED",
  "samples": [
    {
      "url": "http://127.0.0.1:4244/metrics.html",
      "sequence": 1,
      "sampledAtUtc": "2026-10-04T13:10:41.948Z",
      "workload": "game",
      "environment": {
        "viewport": [
          1280,
          650
        ],
        "dpr": 1.25,
        "visible": "visible"
      },
      "userAgent": "Mozilla/5.0 (Windows NT 10.0; Win64; x64) AppleWebKit/537.36 (KHTML, like Gecko) Chrome/154.0.0.0 Safari/537.36",
      "network": {
        "mbps": null,
        "response_latency_ms": 0.0,
        "compression": "br/gzip negotiated for static files"
      },
      "count": 899,
      "intervalDurationMs": 15000.8,
      "fps": 59.93013705935684,
      "medianMs": 16.69999999999709,
      "p95Ms": 16.80000000000291,
      "p99Ms": 16.900000000001455,
      "maxMs": 33.29999999999927,
      "over20Ms": 1
    },
    {
      "url": "http://127.0.0.1:4244/metrics.html",
      "sequence": 2,
      "sampledAtUtc": "2026-10-04T13:11:10.933Z",
      "workload": "game",
      "environment": {
        "viewport": [
          1280,
          650
        ],
        "dpr": 1.25,
        "visible": "visible"
      },
      "userAgent": "Mozilla/5.0 (Windows NT 10.0; Win64; x64) AppleWebKit/537.36 (KHTML, like Gecko) Chrome/154.0.0.0 Safari/537.36",
      "network": {
        "mbps": null,
        "response_latency_ms": 0.0,
        "compression": "br/gzip negotiated for static files"
      },
      "count": 887,
      "intervalDurationMs": 15000.800000000003,
      "fps": 59.13017972374806,
      "medianMs": 16.69999999999709,
      "p95Ms": 16.80000000000291,
      "p99Ms": 16.900000000001455,
      "maxMs": 183.3000000000029,
      "over20Ms": 4
    },
    {
      "url": "http://127.0.0.1:4244/metrics.html",
      "sequence": 3,
      "sampledAtUtc": "2026-10-04T13:11:49.184Z",
      "workload": "game",
      "environment": {
        "viewport": [
          1280,
          650
        ],
        "dpr": 1.25,
        "visible": "visible"
      },
      "userAgent": "Mozilla/5.0 (Windows NT 10.0; Win64; x64) AppleWebKit/537.36 (KHTML, like Gecko) Chrome/154.0.0.0 Safari/537.36",
      "network": {
        "mbps": null,
        "response_latency_ms": 0.0,
        "compression": "br/gzip negotiated for static files"
      },
      "count": 897,
      "intervalDurationMs": 15000.799999999988,
      "fps": 59.79681083675542,
      "medianMs": 16.69999999999709,
      "p95Ms": 16.80000000000291,
      "p99Ms": 16.89999999999418,
      "maxMs": 33.30000000000291,
      "over20Ms": 3
    }
  ],
  "rejected": [],
  "note": "Controls characterize browser scheduling only. No GPU, phone, high-DPR or human acceptance inferred."
}
