ERROR: Failed to open 'user://logs/godot2026-10-03T20.15.41.log'.
   at: copy (core/io/dir_access.cpp:429)
ERROR: Failed to open log file for writing: user://logs/godot.log
   at: rotate_file (core/io/logger.cpp:169)
Godot Engine v4.7.2.stable.official.ed1daf0bf - https://godotengine.org

ROUNDTRIP_DIFF command_receipts BEFORE { "b-72": { "ok": true, "events": [{ "kind": "economy_migrated" }], "changed_ids": ["economy", "resources"], &"duplicate": false, &"new_revision": 1 }, "b-73": { "ok": true, "events": [{ "kind": "island_opened" }], "changed_ids": ["economy", "resources"], &"duplicate": false, &"new_revision": 2 }, "b-74": { "ok": true, "events": [{ "kind": "island_opened" }], "changed_ids": ["economy", "resources"], &"duplicate": false, &"new_revision": 3 }, "b-75": { "ok": true, "events": [{ "kind": "route_configured" }], "changed_ids": ["economy", "resources"], &"duplicate": false, &"new_revision": 4 }, "b-76": { "ok": true, "events": [{ "kind": "route_configured" }], "changed_ids": ["economy", "resources"], &"duplicate": false, &"new_revision": 5 }, "b-77": { "ok": true, "events": [{ "kind": "route_configured" }], "changed_ids": ["economy", "resources"], &"duplicate": false, &"new_revision": 6 }, "b-78": { "ok": true, "events": [{ "kind": "route_configured" }], "changed_ids": ["economy", "resources"], &"duplicate": false, &"new_revision": 7 }, "b-79": { "ok": true, "events": [{ "kind": "processing_started" }], "changed_ids": ["economy", "resources"], &"duplicate": false, &"new_revision": 8 }, "b-80": { "ok": true, "events": [{ "kind": "processing_started" }], "changed_ids": ["economy", "resources"], &"duplicate": false, &"new_revision": 9 } } AFTER { "b-72": { "changed_ids": ["economy", "resources"], "duplicate": false, "events": [{ "kind": "economy_migrated" }], "new_revision": 1.0, "ok": true }, "b-73": { "changed_ids": ["economy", "resources"], "duplicate": false, "events": [{ "kind": "island_opened" }], "new_revision": 2.0, "ok": true }, "b-74": { "changed_ids": ["economy", "resources"], "duplicate": false, "events": [{ "kind": "island_opened" }], "new_revision": 3.0, "ok": true }, "b-75": { "changed_ids": ["economy", "resources"], "duplicate": false, "events": [{ "kind": "route_configured" }], "new_revision": 4.0, "ok": true }, "b-76": { "changed_ids": ["economy", "resources"], "duplicate": false, "events": [{ "kind": "route_configured" }], "new_revision": 5.0, "ok": true }, "b-77": { "changed_ids": ["economy", "resources"], "duplicate": false, "events": [{ "kind": "route_configured" }], "new_revision": 6.0, "ok": true }, "b-78": { "changed_ids": ["economy", "resources"], "duplicate": false, "events": [{ "kind": "route_configured" }], "new_revision": 7.0, "ok": true }, "b-79": { "changed_ids": ["economy", "resources"], "duplicate": false, "events": [{ "kind": "processing_started" }], "new_revision": 8.0, "ok": true }, "b-80": { "changed_ids": ["economy", "resources"], "duplicate": false, "events": [{ "kind": "processing_started" }], "new_revision": 9.0, "ok": true } }
ROUNDTRIP_DIFF realms_data BEFORE { "realm_spirit": { "unlocked": true, "spirit_crystal": 0.0, "azure_nectar": 0.0, "outposts": { "celestial_hub": 0, "pure_pool": 0, "void_beacon": 0 } } } AFTER { "realm_spirit": { "azure_nectar": 0.0, "outposts": { "celestial_hub": 0.0, "pure_pool": 0.0, "void_beacon": 0.0 }, "spirit_crystal": 0.0, "unlocked": true } }
ROUNDTRIP_DIFF chrono BEFORE { "unlocked": false, "shichen_index": 0, "weather_id": "water", "shichen_progress": 0.11666666666667, "cycle_day": 1 } AFTER { "cycle_day": 1.0, "shichen_index": 0.0, "shichen_progress": 0.11666666666667, "unlocked": false, "weather_id": "water" }
ROUNDTRIP_DIFF fortune BEFORE { "cooldown_remaining": 1193.0, "pending_encounter": {  }, "encounter_history_count": 0, "total_fortunes_claimed": 0 } AFTER { "cooldown_remaining": 1193.0, "encounter_history_count": 0.0, "pending_encounter": {  }, "total_fortunes_claimed": 0.0 }
ROUNDTRIP_DIFF realm_decisions BEFORE { "cooldowns": {  }, "usage_counts": {  }, "total_decisions_executed": 0 } AFTER { "cooldowns": {  }, "total_decisions_executed": 0.0, "usage_counts": {  } }
ERROR: exact active roundtrip
   at: push_error (core/variant/variant_utility.cpp:1023)
   GDScript backtrace (most recent call first):
       [0] _init (res://tests/res1b_economy_runner.gd:39)
ERROR: reload remaining times equal uninterrupted
   at: push_error (core/variant/variant_utility.cpp:1023)
   GDScript backtrace (most recent call first):
       [0] _init (res://tests/res1b_economy_runner.gd:39)
ERROR: Failed to read the root certificate store.
   at: get_system_ca_certificates (platform/windows/os_windows.cpp:2582)
