Godot Engine v4.7.2.stable.official.ed1daf0bf - https://godotengine.org

ABODE_LAYOUT mode=portrait size=(1280.0, 1280.0)
ABODE_READY: native Camera2D, home landmark and managed building catalogue, autonomous state and flying swords
ABODE_LAYOUT mode=portrait size=(1280.0, 1280.0)
ABODE_LAYOUT mode=portrait size=(1280.0, 1280.0)
=== CASE 1: Background Wall-Clock Catch-Up ===
  -> PASS: Background 10s catch-up advanced 10.000000 seconds.
=== CASE 2: Focus In Immediate Settlement ===
  -> PASS: Focus-in immediate settlement advanced 5.000000 seconds.
=== CASE 3: DEBUG Auto-Build Level Up Cultivation ===
ABODE_UPGRADE: hut level=1
  -> PASS: DEBUG auto-build promoted cultivation from level 1 to 2.
=== CASE 4: DEBUG Auto-Build Strictly Skips Breakthrough Era (Tribulation) ===
ABODE_UPGRADE: hut level=2
  -> PASS: DEBUG auto-build strictly preserved tribulation barrier (era=1, level=10).
==================================================
ALL DEBUG AUTO-BUILD AND BACKGROUND TIME TESTS PASSED (exit 0)
==================================================
ABODE_LAYOUT mode=portrait size=(1280.0, 1280.0)
ERROR: 1 RID allocations of type 'PN18TextServerAdvanced12FontAdvancedE' were leaked at exit.
WARNING: 1 RID of type "CanvasItem" was leaked.
   at: _free_rids (servers/rendering/renderer_canvas_cull.cpp:2733)
WARNING: 8 ObjectDB instances were leaked at exit (run with `--verbose` for details).
   at: cleanup (core/object/object.cpp:2536)
ERROR: 1 resources still in use at exit (run with --verbose for details).
   at: clear (core/io/resource.cpp:822)
