Godot Engine v4.7.2.stable.official.ed1daf0bf - https://godotengine.org

ABODE_LAYOUT mode=portrait size=(1280.0, 1280.0)
ABODE_READY: native Camera2D, home landmark and managed building catalogue, autonomous state and flying swords
ABODE_LAYOUT mode=portrait size=(1280.0, 1280.0)
ABODE_LAYOUT mode=portrait size=(1280.0, 1280.0)
--- Running M3-A Reincarnation UI Runner ---
ABODE_LAYOUT mode=wide size=(1280.0, 720.0)
ABODE_CAMERA_HOME
ABODE_LAYOUT mode=wide size=(1280.0, 720.0)
ABODE_LAYOUT mode=wide size=(1280.0, 720.0)
ABODE_TALENT_LEARNED: resource_inheritance level=1
ABODE_LAYOUT mode=wide size=(1280.0, 720.0)
ABODE_LAYOUT mode=wide size=(1280.0, 720.0)
ABODE_LAYOUT mode=wide size=(1280.0, 720.0)
ABODE_LAYOUT mode=wide size=(1280.0, 720.0)
ABODE_LAYOUT mode=wide size=(1280.0, 720.0)
ABODE_LAYOUT mode=wide size=(1280.0, 720.0)
ABODE_CAMERA_HOME
ABODE_HOME
ABODE_REINCARNATION: cycle=1
NINE_REALMS_HOOK_TRIGGERED
ABODE_CAMERA_COSMOS
ABODE_REINCARNATION_SEQUENCE_STARTED: cycle=1
ABODE_LAYOUT mode=portrait size=(360.0, 640.0)
ABODE_CAMERA_HOME
NINE_REALMS_HOOK_FINISHED
ABODE_LAYOUT mode=portrait size=(360.0, 640.0)
ABODE_LAYOUT mode=portrait size=(360.0, 640.0)
ABODE_LAYOUT mode=portrait size=(360.0, 640.0)
ABODE_LAYOUT mode=portrait size=(360.0, 640.0)
ABODE_LAYOUT mode=portrait size=(360.0, 640.0)
ABODE_CAMERA_HOME
ABODE_CAMERA_HOME
ABODE_REINCARNATION_SEQUENCE_FINISHED: cycle=1
ABODE_LAYOUT mode=portrait size=(360.0, 640.0)
PASS: M3-A reincarnation UI, talent purchasing, responsive layouts, and state transitions.
ERROR: 1 RID allocations of type 'PN18TextServerAdvanced12FontAdvancedE' were leaked at exit.
WARNING: 1 RID of type "CanvasItem" was leaked.
   at: _free_rids (servers/rendering/renderer_canvas_cull.cpp:2733)
WARNING: 8 ObjectDB instances were leaked at exit (run with `--verbose` for details).
   at: cleanup (core/object/object.cpp:2536)
ERROR: 1 resources still in use at exit (run with --verbose for details).
   at: clear (core/io/resource.cpp:822)
