Godot Engine v4.7.2.stable.official.ed1daf0bf - https://godotengine.org

ERROR: Failed to read the root certificate store.
   at: get_system_ca_certificates (platform/windows/os_windows.cpp:2582)
[   0% ] [90m[1mfirst_scan_filesystem[22m | Started 專案初始化中 (5 steps)[39m[0m
[   0% ] [90m[1mfirst_scan_filesystem[22m | 正在掃描檔案結構…[39m[0m
[  16% ] [90m[1mfirst_scan_filesystem[22m | 正在載入全域類別名稱…[39m[0m
[  33% ] [90m[1mfirst_scan_filesystem[22m | 正在驗證 GDExtension…[39m[0m
[  50% ] [90m[1mfirst_scan_filesystem[22m | 正在建立自動載入腳本…[39m[0m
[  66% ] [90m[1mfirst_scan_filesystem[22m | 初始化外掛程式...[39m[0m
[  83% ] [90m[1mfirst_scan_filesystem[22m | 開始掃描檔案...[39m[0m
[92m[ DONE ][39m [1mfirst_scan_filesystem[22m
[0m
[   0% ] [90m[1mupdate_scripts_classes[22m | Started 註冊全域類別中... (14 steps)[39m[0m
[   0% ] [90m[1mupdate_scripts_classes[22m | [39m[0m
[   6% ] [90m[1mupdate_scripts_classes[22m | GameSession[39m[0m
[  13% ] [90m[1mupdate_scripts_classes[22m | GameState[39m[0m
[  20% ] [90m[1mupdate_scripts_classes[22m | SaveCodec[39m[0m
[  26% ] [90m[1mupdate_scripts_classes[22m | [39m[0m
[  33% ] [90m[1mupdate_scripts_classes[22m | [39m[0m
[  40% ] [90m[1mupdate_scripts_classes[22m | AchievementPanel[39m[0m
[  46% ] [90m[1mupdate_scripts_classes[22m | BuffHudBar[39m[0m
[  53% ] [90m[1mupdate_scripts_classes[22m | DebugPanel[39m[0m
[  60% ] [90m[1mupdate_scripts_classes[22m | [39m[0m
[  66% ] [90m[1mupdate_scripts_classes[22m | AbodeScenery[39m[0m
[  73% ] [90m[1mupdate_scripts_classes[22m | AchievementSystem[39m[0m
[  80% ] [90m[1mupdate_scripts_classes[22m | CommandProcessor[39m[0m
[  86% ] [90m[1mupdate_scripts_classes[22m | M3bAchievementRunner[39m[0m
[92m[ DONE ][39m [1mupdate_scripts_classes[22m
[0m
[   0% ] [90m[1m_update_scan_actions[22m | Started 掃描動作中... (15 steps)[39m[0m
[   0% ] [90m[1m_update_scan_actions[22m | web-alchemy-844x390.png[39m[0m
[   6% ] [90m[1m_update_scan_actions[22m | web-beasts-844x390.png[39m[0m
[  12% ] [90m[1m_update_scan_actions[22m | web-beasts-1280x720.png[39m[0m
[  18% ] [90m[1m_update_scan_actions[22m | web-decisions-844x390.png[39m[0m
[  25% ] [90m[1m_update_scan_actions[22m | web-fortune-844x390.png[39m[0m
[  31% ] [90m[1m_update_scan_actions[22m | web-outposts-844x390.png[39m[0m
[  37% ] [90m[1m_update_scan_actions[22m | web-portrait-cold-start-360x640.png[39m[0m
[  43% ] [90m[1m_update_scan_actions[22m | web-realms-844x390.png[39m[0m
[  50% ] [90m[1m_update_scan_actions[22m | web-realms-1280x720.png[39m[0m
[  56% ] [90m[1m_update_scan_actions[22m | nav1-feedback-cultivation-short.jpg[39m[0m
[  62% ] [90m[1m_update_scan_actions[22m | nav1-feedback-desktop.jpg[39m[0m
[  68% ] [90m[1m_update_scan_actions[22m | nav1-feedback-short.jpg[39m[0m
[  75% ] [90m[1m_update_scan_actions[22m | ui-first-glimpse-v1.png[39m[0m
[  81% ] [90m[1m_update_scan_actions[22m | ui-home-v1.png[39m[0m
[  87% ] [90m[1m_update_scan_actions[22m | ui-nine-realms-v1.png[39m[0m
[92m[ DONE ][39m [1m_update_scan_actions[22m
[0m
[   0% ] [90m[1mreimport[22m | Started （重新）匯入素材 (3 steps)[39m[0m
[   0% ] [90m[1mreimport[22m | 正在準備重新匯入檔案…[39m[0m
[  25% ] [90m[1mreimport[22m | 正在準備重新匯入檔案…[39m[0m
[  50% ] [90m[1mreimport[22m | 正在準備重新匯入檔案…[39m[0m
[   0% ] [90m[1mreimport[22m | 執行預先重新匯入作業…[39m[0m
[   0% ] [90m[1mreimport[22m | nav1-feedback-cultivation-short.jpg[39m[0m
[  25% ] [90m[1mreimport[22m | nav1-feedback-desktop.jpg[39m[0m
[  50% ] [90m[1mreimport[22m | nav1-feedback-short.jpg[39m[0m
[  75% ] [90m[1mreimport[22m | 完成素材匯入...[39m[0m
[92m[ DONE ][39m [1mreimport[22m
[0m
[   0% ] [90m[1mreimport[22m | Started （重新）匯入素材 (3 steps)[39m[0m
[   0% ] [90m[1mreimport[22m | 執行重新匯入後續處理作業…[39m[0m
[92m[ DONE ][39m [1mreimport[22m
[0m
[   0% ] [90m[1mloading_editor_layout[22m | Started 正在載入編輯器 (5 steps)[39m[0m
[   0% ] [90m[1mloading_editor_layout[22m | 正在載入編輯器佈局…[39m[0m
[  16% ] [90m[1mloading_editor_layout[22m | 正在載入面板…[39m[0m
[92m[ DONE ][39m [1mloading_editor_layout[22m
[0m
SCRIPT ERROR: Parse Error: Identifier "narrow" not declared in the current scope.
   at: GDScript::reload (res://src/presentation/feature_navigation.gd:248)
SCRIPT ERROR: Parse Error: Identifier "narrow" not declared in the current scope.
   at: GDScript::reload (res://src/presentation/feature_navigation.gd:250)
SCRIPT ERROR: Compile Error: Failed to compile depended scripts.
   at: GDScript::reload (res://src/presentation/abode_hud_controller.gd:0)
SCRIPT ERROR: Parse Error: Cannot find member "GOLD" in base "UiMaterial".
   at: GDScript::reload (res://src/presentation/achievement_panel.gd:61)
SCRIPT ERROR: Parse Error: Cannot find member "GOLD" in base "UiMaterial".
   at: GDScript::reload (res://src/presentation/achievement_panel.gd:174)
SCRIPT ERROR: Parse Error: Cannot pass a value of type "CompressedTexture2D" as "Color".
   at: GDScript::reload (res://src/presentation/achievement_panel.gd:203)
SCRIPT ERROR: Parse Error: Invalid argument for "add_theme_color_override()" function: argument 2 should be "Color" but is "CompressedTexture2D".
   at: GDScript::reload (res://src/presentation/achievement_panel.gd:203)
SCRIPT ERROR: Compile Error: Failed to compile depended scripts.
   at: GDScript::reload (res://src/presentation/abode_modal_manager.gd:0)
SCRIPT ERROR: Compile Error: Failed to compile depended scripts.
   at: GDScript::reload (res://src/abode/living_abode.gd:0)
ERROR: Failed to load script "res://src/abode/living_abode.gd" with error "Parse error".
   at: load (modules/gdscript/gdscript_resource_format.cpp:46)
