ERROR: Failed to open 'user://logs/godot2026-10-03T22.41.30.log'.
   at: copy (core/io/dir_access.cpp:429)
ERROR: Failed to open log file for writing: user://logs/godot.log
   at: rotate_file (core/io/logger.cpp:169)
Godot Engine v4.7.2.stable.official.ed1daf0bf - https://godotengine.org

ERROR: Parse JSON failed. Error at line 0: Expected key
   at: parse_string (core/io/json.cpp:629)
   GDScript backtrace (most recent call first):
       [0] decode (res://src/persistence/save_codec.gd:44)
       [1] <anonymous lambda> (res://src/persistence/save_manager.gd:181)
       [2] read_best (res://src/persistence/save_slots.gd:62)
       [3] _load_from_slots (res://src/persistence/save_manager.gd:180)
       [4] current_state (res://src/persistence/save_manager.gd:48)
       [5] _init (res://tests/web_persistence_fault_runner.gd:51)
ERROR: Parse JSON failed. Error at line 0: Expected key
   at: parse_string (core/io/json.cpp:629)
   GDScript backtrace (most recent call first):
       [0] decode (res://src/persistence/save_codec.gd:44)
       [1] <anonymous lambda> (res://src/persistence/save_manager.gd:181)
       [2] read_best (res://src/persistence/save_slots.gd:62)
       [3] _load_from_slots (res://src/persistence/save_manager.gd:180)
       [4] current_state (res://src/persistence/save_manager.gd:48)
       [5] _init (res://tests/web_persistence_fault_runner.gd:51)
PASS: Web persistence fault core 19 checks.
ERROR: Failed to read the root certificate store.
   at: get_system_ca_certificates (platform/windows/os_windows.cpp:2582)
