ERROR: Failed to open 'user://logs/godot2026-10-03T22.24.06.log'.
   at: copy (core/io/dir_access.cpp:429)
ERROR: Failed to open log file for writing: user://logs/godot.log
   at: rotate_file (core/io/logger.cpp:169)
Godot Engine v4.7.2.stable.official.ed1daf0bf - https://godotengine.org

[DEBUG_ACTIONS_RUNNER] Starting DebugActions tests...
ERROR: Failed to read the root certificate store.
   at: get_system_ca_certificates (platform/windows/os_windows.cpp:2582)

================ [遊戲運行時診斷報告] ================
狀態健康評估: 【健全 PASS】
修為境界: Era 2 (LV1) | 修煉時長: 12000.0s | 存檔修訂: rev 3
無重大邏輯或資料衝突異常。

---------------- [資源產銷與乘區拆解] ----------------
全域產率倍率: x2.24 (Era: x2.0 | 天賦: x1.00 | 靈丹BUFF: x0.00 | 天時: +0.00 | 靈獸: +0.12)
• lingli: 存量 0 / 100 (正常) | 秒產: +0/s
• money: 存量 0 / 200 (正常) | 秒產: +0/s
• wood: 存量 0 / 100 (正常) | 秒產: +0/s
• stone_low: 存量 0 / 100 (正常) | 秒產: +0/s
• black_copper: 存量 0 / 300 (正常) | 秒產: +0/s
• spirit_grass_low: 存量 0 / 50 (正常) | 秒產: +0/s
• foundation_pill: 存量 0 / 200 (正常) | 秒產: +0/s
======================================================


================ [遊戲運行時診斷報告] ================
狀態健康評估: 【健全 PASS】
修為境界: Era 2 (LV1) | 修煉時長: 12000.0s | 存檔修訂: rev 3
無重大邏輯或資料衝突異常。

---------------- [資源產銷與乘區拆解] ----------------
全域產率倍率: x2.24 (Era: x2.0 | 天賦: x1.00 | 靈丹BUFF: x0.00 | 天時: +0.00 | 靈獸: +0.12)
• lingli: 存量 0 / 100 (正常) | 秒產: +0/s
• money: 存量 0 / 200 (正常) | 秒產: +0/s
• wood: 存量 0 / 100 (正常) | 秒產: +0/s
• stone_low: 存量 0 / 100 (正常) | 秒產: +0/s
• black_copper: 存量 0 / 300 (正常) | 秒產: +0/s
• spirit_grass_low: 存量 0 / 50 (正常) | 秒產: +0/s
• foundation_pill: 存量 0 / 200 (正常) | 秒產: +0/s
======================================================


==================================================
       【離線數值推演與沙盒分析報告】
==================================================
請求快進時長: 1.0 天 (86400 秒)
實際推進時長: 0 分鐘 (0 秒, 0 ticks)
提前停止原因: lifespan_exhausted
推演運算耗時: 0.03 ms
--------------------------------------------------
[壽元分析]
  消耗壽元: 0.00 年
  剩餘壽元: 0.0 年 (0 秒)
  ⚠️ 警告: 推演期間壽元已自然耗盡！
--------------------------------------------------
[資源產銷與滿倉狀況]
  - lingli      : 0 -> 0 (增量: +0 / 上限: 100)
  - money       : 0 -> 0 (增量: +0 / 上限: 200)
  - wood        : 0 -> 0 (增量: +0 / 上限: 100)
  - stone_low   : 0 -> 0 (增量: +0 / 上限: 100)
  - black_copper: 0 -> 0 (增量: +0 / 上限: 300)
  - spirit_grass_low: 0 -> 0 (增量: +0 / 上限: 50)
  - foundation_pill: 0 -> 0 (增量: +0 / 上限: 200)
--------------------------------------------------
[子系統結算狀況]
  BUFF 到期數量: 0 項
  宗門完成派遣: 0 項
  靈獸餵養冷卻: 未就緒/未出戰
  機緣冷卻狀況: 無冷卻/未就緒
==================================================


==================================================
       【離線數值推演與沙盒分析報告】
==================================================
請求快進時長: 30.0 天 (2592000 秒)
實際推進時長: 0 分鐘 (0 秒, 0 ticks)
提前停止原因: lifespan_exhausted
推演運算耗時: 0.02 ms
--------------------------------------------------
[壽元分析]
  消耗壽元: 0.00 年
  剩餘壽元: 0.0 年 (0 秒)
  ⚠️ 警告: 推演期間壽元已自然耗盡！
--------------------------------------------------
[資源產銷與滿倉狀況]
  - lingli      : 0 -> 0 (增量: +0 / 上限: 100)
  - money       : 0 -> 0 (增量: +0 / 上限: 200)
  - wood        : 0 -> 0 (增量: +0 / 上限: 100)
  - stone_low   : 0 -> 0 (增量: +0 / 上限: 100)
  - black_copper: 0 -> 0 (增量: +0 / 上限: 300)
  - spirit_grass_low: 0 -> 0 (增量: +0 / 上限: 50)
  - foundation_pill: 0 -> 0 (增量: +0 / 上限: 200)
--------------------------------------------------
[子系統結算狀況]
  BUFF 到期數量: 0 項
  宗門完成派遣: 0 項
  靈獸餵養冷卻: 未就緒/未出戰
  機緣冷卻狀況: 無冷卻/未就緒
==================================================

[DEBUG_ACTIONS_RUNNER] ALL DEBUG ACTION TESTS PASSED (exit 0)
