ERROR: Failed to open 'user://logs/godot2026-10-03T17.47.02.log'.
   at: copy (core/io/dir_access.cpp:429)
ERROR: Failed to open log file for writing: user://logs/godot.log
   at: rotate_file (core/io/logger.cpp:169)
Godot Engine v4.7.2.stable.official.ed1daf0bf - https://godotengine.org

ERROR: Failed to read the root certificate store.
   at: get_system_ca_certificates (platform/windows/os_windows.cpp:2582)
ABODE_LAYOUT mode=portrait size=(1280.0, 1280.0)
ABODE_READY: native Camera2D, home landmark and managed building catalogue, autonomous state and flying swords
ABODE_LAYOUT mode=portrait size=(1280.0, 1280.0)
ABODE_LAYOUT mode=portrait size=(1280.0, 1280.0)
ABODE_LAYOUT mode=portrait size=(1280.0, 1280.0)
ABODE_LAYOUT mode=portrait size=(1280.0, 1280.0)
ABODE_SELECT: hut
ABODE_LAYOUT mode=portrait size=(1280.0, 1280.0)
ABODE_LAYOUT mode=portrait size=(1280.0, 1280.0)
ABODE_LAYOUT mode=compact size=(844.0, 390.0)
ABODE_CAMERA_HOME
ABODE_LAYOUT mode=compact size=(800.0, 390.0)
ABODE_SCENERY_CLAIM 靈木萌枝 靈木 +6
ERROR: ISLAND1_UI: successful claim immediately persisted
   at: push_error (core/variant/variant_utility.cpp:1023)
   GDScript backtrace (most recent call first):
       [0] check (res://tests/abode_scenery_ui_runner.gd:15)
       [1] _run (res://tests/abode_scenery_ui_runner.gd:64)
ABODE_SCENERY_CLAIM 靈木萌枝 靈木 +7
ERROR: ISLAND1_UI: next save retries successfully
   at: push_error (core/variant/variant_utility.cpp:1023)
   GDScript backtrace (most recent call first):
       [0] check (res://tests/abode_scenery_ui_runner.gd:15)
       [1] _run (res://tests/abode_scenery_ui_runner.gd:77)
ERROR: Parse JSON failed. Error at line 0: Unknown error getting token
   at: parse_string (core/io/json.cpp:629)
   GDScript backtrace (most recent call first):
       [0] decode (res://src/persistence/save_codec.gd:41)
       [1] _run (res://tests/abode_scenery_ui_runner.gd:79)
SCRIPT ERROR: Invalid access to property or key 'abode_scenery' on a base object of type 'Nil'.
   at: _run (res://tests/abode_scenery_ui_runner.gd:79)
   GDScript backtrace (most recent call first):
       [0] _run (res://tests/abode_scenery_ui_runner.gd:79)
ABODE_LAYOUT mode=portrait size=(1280.0, 1280.0)
