Godot Engine v4.7.2.stable.official.ed1daf0bf - https://godotengine.org

ABODE_LAYOUT mode=portrait size=(1280.0, 1280.0)
ABODE_READY: native Camera2D, home landmark and managed building catalogue, autonomous state and flying swords
ABODE_LAYOUT mode=portrait size=(1280.0, 1280.0)
ABODE_LAYOUT mode=portrait size=(1280.0, 1280.0)
ABODE_LAYOUT mode=portrait size=(1280.0, 1280.0)
ABODE_CAMERA_COSMOS
ABODE_LAYOUT mode=portrait size=(1280.0, 1280.0)
NINE_REALMS_ASPIRE: realm_spirit
ABODE_CAMERA_HOME
NINE_REALMS_HOOK_FINISHED
ABODE_LAYOUT mode=portrait size=(1280.0, 1280.0)
ABODE_LAYOUT mode=portrait size=(1280.0, 1280.0)
ABODE_UPGRADE: hut level=1
ABODE_LAYOUT mode=portrait size=(1280.0, 1280.0)
ABODE_UPGRADE: hut level=2
ABODE_LAYOUT mode=portrait size=(1280.0, 1280.0)
ABODE_LAYOUT mode=portrait size=(1280.0, 1280.0)
ABODE_CAMERA_REGION
ABODE_LAYOUT mode=portrait size=(1280.0, 1280.0)
ABODE_CAMERA_COSMOS
ABODE_LAYOUT mode=portrait size=(1280.0, 1280.0)
ABODE_CAMERA_HOME
NINE_REALMS_HOOK_FINISHED
ABODE_LAYOUT mode=portrait size=(1280.0, 1280.0)
ABODE_LAYOUT mode=portrait size=(1280.0, 1280.0)
ABODE_CAMERA_HOME
ABODE_CAMERA_REGION
ABODE_LAYOUT mode=portrait size=(1280.0, 1280.0)
ABODE_CAMERA_COSMOS
ABODE_LAYOUT mode=portrait size=(1280.0, 1280.0)
ABODE_CAMERA_HOME
NINE_REALMS_HOOK_FINISHED
ABODE_LAYOUT mode=portrait size=(1280.0, 1280.0)
ABODE_LAYOUT mode=portrait size=(1280.0, 1280.0)
ABODE_CAMERA_HOME
ABODE_CAMERA_REGION
ABODE_LAYOUT mode=portrait size=(1280.0, 1280.0)
ABODE_CAMERA_COSMOS
ABODE_LAYOUT mode=portrait size=(1280.0, 1280.0)
ABODE_CAMERA_HOME
NINE_REALMS_HOOK_FINISHED
ABODE_LAYOUT mode=portrait size=(1280.0, 1280.0)
ABODE_LAYOUT mode=portrait size=(1280.0, 1280.0)
ABODE_CAMERA_HOME
ABODE_CAMERA_REGION
ABODE_LAYOUT mode=portrait size=(1280.0, 1280.0)
ABODE_CAMERA_COSMOS
ABODE_LAYOUT mode=portrait size=(1280.0, 1280.0)
ABODE_CAMERA_HOME
NINE_REALMS_HOOK_FINISHED
ABODE_LAYOUT mode=portrait size=(1280.0, 1280.0)
ABODE_LAYOUT mode=portrait size=(1280.0, 1280.0)
ABODE_CAMERA_HOME
ABODE_CAMERA_REGION
ABODE_LAYOUT mode=portrait size=(1280.0, 1280.0)
ABODE_CAMERA_COSMOS
ABODE_LAYOUT mode=portrait size=(1280.0, 1280.0)
ABODE_CAMERA_HOME
NINE_REALMS_HOOK_FINISHED
ABODE_LAYOUT mode=portrait size=(1280.0, 1280.0)
ABODE_LAYOUT mode=portrait size=(1280.0, 1280.0)
ABODE_CAMERA_HOME
ABODE_CAMERA_REGION
ABODE_LAYOUT mode=portrait size=(1280.0, 1280.0)
ABODE_CAMERA_COSMOS
ABODE_LAYOUT mode=portrait size=(1280.0, 1280.0)
ABODE_CAMERA_HOME
NINE_REALMS_HOOK_FINISHED
ABODE_LAYOUT mode=portrait size=(1280.0, 1280.0)
ABODE_LAYOUT mode=portrait size=(1280.0, 1280.0)
ABODE_CAMERA_HOME
ABODE_CAMERA_REGION
ABODE_LAYOUT mode=portrait size=(1280.0, 1280.0)
ABODE_CAMERA_COSMOS
ABODE_LAYOUT mode=portrait size=(1280.0, 1280.0)
ABODE_CAMERA_HOME
NINE_REALMS_HOOK_FINISHED
ABODE_LAYOUT mode=portrait size=(1280.0, 1280.0)
ABODE_LAYOUT mode=portrait size=(1280.0, 1280.0)
ABODE_CAMERA_HOME
ABODE_CAMERA_REGION
ABODE_LAYOUT mode=portrait size=(1280.0, 1280.0)
ABODE_CAMERA_COSMOS
ABODE_LAYOUT mode=portrait size=(1280.0, 1280.0)
ABODE_CAMERA_HOME
NINE_REALMS_HOOK_FINISHED
ABODE_LAYOUT mode=portrait size=(1280.0, 1280.0)
ABODE_LAYOUT mode=portrait size=(1280.0, 1280.0)
ABODE_CAMERA_HOME
ABODE_CAMERA_REGION
ABODE_LAYOUT mode=portrait size=(1280.0, 1280.0)
ABODE_CAMERA_COSMOS
ABODE_LAYOUT mode=portrait size=(1280.0, 1280.0)
ABODE_CAMERA_HOME
NINE_REALMS_HOOK_FINISHED
ABODE_LAYOUT mode=portrait size=(1280.0, 1280.0)
ABODE_LAYOUT mode=portrait size=(1280.0, 1280.0)
ABODE_CAMERA_HOME
ABODE_CAMERA_REGION
ABODE_LAYOUT mode=portrait size=(1280.0, 1280.0)
ABODE_CAMERA_COSMOS
ABODE_LAYOUT mode=portrait size=(1280.0, 1280.0)
ABODE_CAMERA_HOME
NINE_REALMS_HOOK_FINISHED
ABODE_LAYOUT mode=portrait size=(1280.0, 1280.0)
ABODE_LAYOUT mode=portrait size=(1280.0, 1280.0)
ABODE_CAMERA_HOME
ABODE_CAMERA_REGION
ABODE_LAYOUT mode=portrait size=(1280.0, 1280.0)
ABODE_CAMERA_COSMOS
ABODE_LAYOUT mode=portrait size=(1280.0, 1280.0)
ABODE_CAMERA_HOME
NINE_REALMS_HOOK_FINISHED
ABODE_LAYOUT mode=portrait size=(1280.0, 1280.0)
ABODE_LAYOUT mode=portrait size=(1280.0, 1280.0)
ABODE_CAMERA_HOME
ABODE_CAMERA_REGION
ABODE_LAYOUT mode=portrait size=(1280.0, 1280.0)
ABODE_CAMERA_COSMOS
ABODE_LAYOUT mode=portrait size=(1280.0, 1280.0)
ABODE_CAMERA_HOME
NINE_REALMS_HOOK_FINISHED
ABODE_LAYOUT mode=portrait size=(1280.0, 1280.0)
ABODE_LAYOUT mode=portrait size=(1280.0, 1280.0)
ABODE_CAMERA_HOME
ABODE_CAMERA_REGION
ABODE_LAYOUT mode=portrait size=(1280.0, 1280.0)
ABODE_CAMERA_COSMOS
ABODE_LAYOUT mode=portrait size=(1280.0, 1280.0)
ABODE_CAMERA_HOME
NINE_REALMS_HOOK_FINISHED
ABODE_LAYOUT mode=portrait size=(1280.0, 1280.0)
ABODE_LAYOUT mode=portrait size=(1280.0, 1280.0)
ABODE_CAMERA_HOME
ABODE_CAMERA_REGION
ABODE_LAYOUT mode=portrait size=(1280.0, 1280.0)
ABODE_CAMERA_COSMOS
ABODE_LAYOUT mode=portrait size=(1280.0, 1280.0)
ABODE_CAMERA_HOME
NINE_REALMS_HOOK_FINISHED
ABODE_LAYOUT mode=portrait size=(1280.0, 1280.0)
ABODE_LAYOUT mode=portrait size=(1280.0, 1280.0)
ABODE_CAMERA_HOME
ABODE_CAMERA_REGION
ABODE_LAYOUT mode=portrait size=(1280.0, 1280.0)
ABODE_CAMERA_COSMOS
ABODE_LAYOUT mode=portrait size=(1280.0, 1280.0)
ABODE_CAMERA_HOME
NINE_REALMS_HOOK_FINISHED
ABODE_LAYOUT mode=portrait size=(1280.0, 1280.0)
ABODE_LAYOUT mode=portrait size=(1280.0, 1280.0)
ABODE_CAMERA_HOME
ABODE_CAMERA_REGION
ABODE_LAYOUT mode=portrait size=(1280.0, 1280.0)
ABODE_CAMERA_COSMOS
ABODE_LAYOUT mode=portrait size=(1280.0, 1280.0)
ABODE_CAMERA_HOME
NINE_REALMS_HOOK_FINISHED
ABODE_LAYOUT mode=portrait size=(1280.0, 1280.0)
ABODE_LAYOUT mode=portrait size=(1280.0, 1280.0)
ABODE_CAMERA_HOME
ABODE_CAMERA_REGION
ABODE_LAYOUT mode=portrait size=(1280.0, 1280.0)
ABODE_CAMERA_COSMOS
ABODE_LAYOUT mode=portrait size=(1280.0, 1280.0)
ABODE_CAMERA_HOME
NINE_REALMS_HOOK_FINISHED
ABODE_LAYOUT mode=portrait size=(1280.0, 1280.0)
ABODE_LAYOUT mode=portrait size=(1280.0, 1280.0)
ABODE_CAMERA_HOME
ABODE_CAMERA_REGION
ABODE_LAYOUT mode=portrait size=(1280.0, 1280.0)
ABODE_CAMERA_COSMOS
ABODE_LAYOUT mode=portrait size=(1280.0, 1280.0)
ABODE_CAMERA_HOME
NINE_REALMS_HOOK_FINISHED
ABODE_LAYOUT mode=portrait size=(1280.0, 1280.0)
ABODE_LAYOUT mode=portrait size=(1280.0, 1280.0)
ABODE_CAMERA_HOME
ABODE_CAMERA_REGION
ABODE_LAYOUT mode=portrait size=(1280.0, 1280.0)
ABODE_CAMERA_COSMOS
ABODE_LAYOUT mode=portrait size=(1280.0, 1280.0)
ABODE_CAMERA_HOME
NINE_REALMS_HOOK_FINISHED
ABODE_LAYOUT mode=portrait size=(1280.0, 1280.0)
ABODE_LAYOUT mode=portrait size=(1280.0, 1280.0)
ABODE_CAMERA_HOME
ABODE_CAMERA_REGION
ABODE_LAYOUT mode=portrait size=(1280.0, 1280.0)
ABODE_CAMERA_COSMOS
ABODE_LAYOUT mode=portrait size=(1280.0, 1280.0)
ABODE_CAMERA_HOME
NINE_REALMS_HOOK_FINISHED
ABODE_LAYOUT mode=portrait size=(1280.0, 1280.0)
ABODE_LAYOUT mode=portrait size=(1280.0, 1280.0)
ABODE_CAMERA_HOME
ABODE_CAMERA_REGION
ABODE_LAYOUT mode=portrait size=(1280.0, 1280.0)
ABODE_CAMERA_COSMOS
ABODE_LAYOUT mode=portrait size=(1280.0, 1280.0)
ABODE_CAMERA_HOME
NINE_REALMS_HOOK_FINISHED
ABODE_LAYOUT mode=portrait size=(1280.0, 1280.0)
ABODE_LAYOUT mode=portrait size=(1280.0, 1280.0)
ABODE_CAMERA_HOME
ABODE_CAMERA_REGION
ABODE_LAYOUT mode=portrait size=(1280.0, 1280.0)
ABODE_CAMERA_COSMOS
ABODE_LAYOUT mode=portrait size=(1280.0, 1280.0)
ABODE_CAMERA_HOME
NINE_REALMS_HOOK_FINISHED
ABODE_LAYOUT mode=portrait size=(1280.0, 1280.0)
ABODE_LAYOUT mode=portrait size=(1280.0, 1280.0)
ABODE_CAMERA_HOME
ABODE_CAMERA_REGION
ABODE_LAYOUT mode=portrait size=(1280.0, 1280.0)
ABODE_CAMERA_COSMOS
ABODE_LAYOUT mode=portrait size=(1280.0, 1280.0)
ABODE_CAMERA_HOME
NINE_REALMS_HOOK_FINISHED
ABODE_LAYOUT mode=portrait size=(1280.0, 1280.0)
ABODE_LAYOUT mode=portrait size=(1280.0, 1280.0)
ABODE_CAMERA_HOME
ABODE_CAMERA_REGION
ABODE_LAYOUT mode=portrait size=(1280.0, 1280.0)
ABODE_CAMERA_COSMOS
ABODE_LAYOUT mode=portrait size=(1280.0, 1280.0)
ABODE_CAMERA_HOME
NINE_REALMS_HOOK_FINISHED
ABODE_LAYOUT mode=portrait size=(1280.0, 1280.0)
ABODE_LAYOUT mode=portrait size=(1280.0, 1280.0)
ABODE_CAMERA_HOME
ABODE_CAMERA_REGION
ABODE_LAYOUT mode=portrait size=(1280.0, 1280.0)
ABODE_CAMERA_COSMOS
ABODE_LAYOUT mode=portrait size=(1280.0, 1280.0)
ABODE_CAMERA_HOME
NINE_REALMS_HOOK_FINISHED
ABODE_LAYOUT mode=portrait size=(1280.0, 1280.0)
ABODE_LAYOUT mode=portrait size=(1280.0, 1280.0)
ABODE_CAMERA_HOME
ABODE_CAMERA_REGION
ABODE_LAYOUT mode=portrait size=(1280.0, 1280.0)
ABODE_CAMERA_COSMOS
ABODE_LAYOUT mode=portrait size=(1280.0, 1280.0)
ABODE_CAMERA_HOME
NINE_REALMS_HOOK_FINISHED
ABODE_LAYOUT mode=portrait size=(1280.0, 1280.0)
ABODE_LAYOUT mode=portrait size=(1280.0, 1280.0)
ABODE_CAMERA_HOME
ABODE_CAMERA_REGION
ABODE_LAYOUT mode=portrait size=(1280.0, 1280.0)
ABODE_CAMERA_COSMOS
ABODE_LAYOUT mode=portrait size=(1280.0, 1280.0)
ABODE_CAMERA_HOME
NINE_REALMS_HOOK_FINISHED
ABODE_LAYOUT mode=portrait size=(1280.0, 1280.0)
ABODE_LAYOUT mode=portrait size=(1280.0, 1280.0)
ABODE_CAMERA_HOME
ABODE_CAMERA_REGION
ABODE_LAYOUT mode=portrait size=(1280.0, 1280.0)
ABODE_CAMERA_COSMOS
ABODE_LAYOUT mode=portrait size=(1280.0, 1280.0)
ABODE_CAMERA_HOME
NINE_REALMS_HOOK_FINISHED
ABODE_LAYOUT mode=portrait size=(1280.0, 1280.0)
ABODE_LAYOUT mode=portrait size=(1280.0, 1280.0)
ABODE_CAMERA_HOME
ABODE_CAMERA_REGION
ABODE_LAYOUT mode=portrait size=(1280.0, 1280.0)
ABODE_CAMERA_COSMOS
ABODE_LAYOUT mode=portrait size=(1280.0, 1280.0)
ABODE_CAMERA_HOME
NINE_REALMS_HOOK_FINISHED
ABODE_LAYOUT mode=portrait size=(1280.0, 1280.0)
ABODE_LAYOUT mode=portrait size=(1280.0, 1280.0)
ABODE_CAMERA_HOME
ABODE_CAMERA_REGION
ABODE_LAYOUT mode=portrait size=(1280.0, 1280.0)
ABODE_CAMERA_COSMOS
ABODE_LAYOUT mode=portrait size=(1280.0, 1280.0)
ABODE_CAMERA_HOME
NINE_REALMS_HOOK_FINISHED
ABODE_LAYOUT mode=portrait size=(1280.0, 1280.0)
ABODE_LAYOUT mode=portrait size=(1280.0, 1280.0)
ABODE_CAMERA_HOME
ABODE_CAMERA_REGION
ABODE_LAYOUT mode=portrait size=(1280.0, 1280.0)
ABODE_CAMERA_COSMOS
ABODE_LAYOUT mode=portrait size=(1280.0, 1280.0)
ABODE_CAMERA_HOME
NINE_REALMS_HOOK_FINISHED
ABODE_LAYOUT mode=portrait size=(1280.0, 1280.0)
ABODE_LAYOUT mode=portrait size=(1280.0, 1280.0)
ABODE_CAMERA_HOME
ABODE_CAMERA_REGION
ABODE_LAYOUT mode=portrait size=(1280.0, 1280.0)
ABODE_CAMERA_COSMOS
ABODE_LAYOUT mode=portrait size=(1280.0, 1280.0)
ABODE_CAMERA_HOME
NINE_REALMS_HOOK_FINISHED
ABODE_LAYOUT mode=portrait size=(1280.0, 1280.0)
ABODE_LAYOUT mode=portrait size=(1280.0, 1280.0)
ABODE_CAMERA_HOME
ABODE_CAMERA_REGION
ABODE_LAYOUT mode=portrait size=(1280.0, 1280.0)
ABODE_CAMERA_COSMOS
ABODE_LAYOUT mode=portrait size=(1280.0, 1280.0)
ABODE_CAMERA_HOME
NINE_REALMS_HOOK_FINISHED
ABODE_LAYOUT mode=portrait size=(1280.0, 1280.0)
ABODE_LAYOUT mode=portrait size=(1280.0, 1280.0)
ABODE_CAMERA_HOME
ABODE_CAMERA_REGION
ABODE_LAYOUT mode=portrait size=(1280.0, 1280.0)
ABODE_CAMERA_COSMOS
ABODE_LAYOUT mode=portrait size=(1280.0, 1280.0)
ABODE_CAMERA_HOME
NINE_REALMS_HOOK_FINISHED
ABODE_LAYOUT mode=portrait size=(1280.0, 1280.0)
ABODE_LAYOUT mode=portrait size=(1280.0, 1280.0)
ABODE_CAMERA_HOME
ABODE_CAMERA_REGION
ABODE_LAYOUT mode=portrait size=(1280.0, 1280.0)
ABODE_CAMERA_COSMOS
ABODE_LAYOUT mode=portrait size=(1280.0, 1280.0)
ABODE_CAMERA_HOME
NINE_REALMS_HOOK_FINISHED
ABODE_LAYOUT mode=portrait size=(1280.0, 1280.0)
ABODE_LAYOUT mode=portrait size=(1280.0, 1280.0)
ABODE_CAMERA_HOME
ABODE_CAMERA_REGION
ABODE_LAYOUT mode=portrait size=(1280.0, 1280.0)
ABODE_CAMERA_COSMOS
ABODE_LAYOUT mode=portrait size=(1280.0, 1280.0)
ABODE_CAMERA_HOME
NINE_REALMS_HOOK_FINISHED
ABODE_LAYOUT mode=portrait size=(1280.0, 1280.0)
ABODE_LAYOUT mode=portrait size=(1280.0, 1280.0)
ABODE_CAMERA_HOME
ABODE_CAMERA_REGION
ABODE_LAYOUT mode=portrait size=(1280.0, 1280.0)
ABODE_CAMERA_COSMOS
ABODE_LAYOUT mode=portrait size=(1280.0, 1280.0)
ABODE_CAMERA_HOME
NINE_REALMS_HOOK_FINISHED
ABODE_LAYOUT mode=portrait size=(1280.0, 1280.0)
ABODE_LAYOUT mode=portrait size=(1280.0, 1280.0)
ABODE_CAMERA_HOME
ABODE_CAMERA_REGION
ABODE_LAYOUT mode=portrait size=(1280.0, 1280.0)
ABODE_CAMERA_COSMOS
ABODE_LAYOUT mode=portrait size=(1280.0, 1280.0)
ABODE_CAMERA_HOME
NINE_REALMS_HOOK_FINISHED
ABODE_LAYOUT mode=portrait size=(1280.0, 1280.0)
ABODE_LAYOUT mode=portrait size=(1280.0, 1280.0)
ABODE_CAMERA_HOME
ABODE_CAMERA_REGION
ABODE_LAYOUT mode=portrait size=(1280.0, 1280.0)
ABODE_CAMERA_COSMOS
ABODE_LAYOUT mode=portrait size=(1280.0, 1280.0)
ABODE_CAMERA_HOME
NINE_REALMS_HOOK_FINISHED
ABODE_LAYOUT mode=portrait size=(1280.0, 1280.0)
ABODE_LAYOUT mode=portrait size=(1280.0, 1280.0)
ABODE_CAMERA_HOME
ABODE_CAMERA_REGION
ABODE_LAYOUT mode=portrait size=(1280.0, 1280.0)
ABODE_CAMERA_COSMOS
ABODE_LAYOUT mode=portrait size=(1280.0, 1280.0)
ABODE_CAMERA_HOME
NINE_REALMS_HOOK_FINISHED
ABODE_LAYOUT mode=portrait size=(1280.0, 1280.0)
ABODE_LAYOUT mode=portrait size=(1280.0, 1280.0)
ABODE_CAMERA_HOME
ABODE_CAMERA_REGION
ABODE_LAYOUT mode=portrait size=(1280.0, 1280.0)
ABODE_CAMERA_COSMOS
ABODE_LAYOUT mode=portrait size=(1280.0, 1280.0)
ABODE_CAMERA_HOME
NINE_REALMS_HOOK_FINISHED
ABODE_LAYOUT mode=portrait size=(1280.0, 1280.0)
ABODE_LAYOUT mode=portrait size=(1280.0, 1280.0)
ABODE_CAMERA_HOME
ABODE_CAMERA_REGION
ABODE_LAYOUT mode=portrait size=(1280.0, 1280.0)
ABODE_CAMERA_COSMOS
ABODE_LAYOUT mode=portrait size=(1280.0, 1280.0)
ABODE_CAMERA_HOME
NINE_REALMS_HOOK_FINISHED
ABODE_LAYOUT mode=portrait size=(1280.0, 1280.0)
ABODE_LAYOUT mode=portrait size=(1280.0, 1280.0)
ABODE_CAMERA_HOME
ABODE_CAMERA_REGION
ABODE_LAYOUT mode=portrait size=(1280.0, 1280.0)
ABODE_CAMERA_COSMOS
ABODE_LAYOUT mode=portrait size=(1280.0, 1280.0)
ABODE_CAMERA_HOME
NINE_REALMS_HOOK_FINISHED
ABODE_LAYOUT mode=portrait size=(1280.0, 1280.0)
ABODE_LAYOUT mode=portrait size=(1280.0, 1280.0)
ABODE_CAMERA_HOME
ABODE_CAMERA_REGION
ABODE_LAYOUT mode=portrait size=(1280.0, 1280.0)
ABODE_CAMERA_COSMOS
ABODE_LAYOUT mode=portrait size=(1280.0, 1280.0)
ABODE_CAMERA_HOME
NINE_REALMS_HOOK_FINISHED
ABODE_LAYOUT mode=portrait size=(1280.0, 1280.0)
ABODE_LAYOUT mode=portrait size=(1280.0, 1280.0)
ABODE_CAMERA_HOME
ABODE_CAMERA_REGION
ABODE_LAYOUT mode=portrait size=(1280.0, 1280.0)
ABODE_CAMERA_COSMOS
ABODE_LAYOUT mode=portrait size=(1280.0, 1280.0)
ABODE_CAMERA_HOME
NINE_REALMS_HOOK_FINISHED
ABODE_LAYOUT mode=portrait size=(1280.0, 1280.0)
ABODE_LAYOUT mode=portrait size=(1280.0, 1280.0)
ABODE_CAMERA_HOME
ABODE_CAMERA_REGION
ABODE_LAYOUT mode=portrait size=(1280.0, 1280.0)
ABODE_CAMERA_COSMOS
ABODE_LAYOUT mode=portrait size=(1280.0, 1280.0)
ABODE_CAMERA_HOME
NINE_REALMS_HOOK_FINISHED
ABODE_LAYOUT mode=portrait size=(1280.0, 1280.0)
ABODE_LAYOUT mode=portrait size=(1280.0, 1280.0)
ABODE_CAMERA_HOME
ABODE_CAMERA_REGION
ABODE_LAYOUT mode=portrait size=(1280.0, 1280.0)
ABODE_CAMERA_COSMOS
ABODE_LAYOUT mode=portrait size=(1280.0, 1280.0)
ABODE_CAMERA_HOME
NINE_REALMS_HOOK_FINISHED
ABODE_LAYOUT mode=portrait size=(1280.0, 1280.0)
ABODE_LAYOUT mode=portrait size=(1280.0, 1280.0)
ABODE_CAMERA_HOME
ABODE_CAMERA_REGION
ABODE_LAYOUT mode=portrait size=(1280.0, 1280.0)
ABODE_CAMERA_COSMOS
ABODE_LAYOUT mode=portrait size=(1280.0, 1280.0)
ABODE_CAMERA_HOME
NINE_REALMS_HOOK_FINISHED
ABODE_LAYOUT mode=portrait size=(1280.0, 1280.0)
ABODE_LAYOUT mode=portrait size=(1280.0, 1280.0)
ABODE_CAMERA_HOME
ABODE_CAMERA_REGION
ABODE_LAYOUT mode=portrait size=(1280.0, 1280.0)
ABODE_CAMERA_COSMOS
ABODE_LAYOUT mode=portrait size=(1280.0, 1280.0)
ABODE_CAMERA_HOME
NINE_REALMS_HOOK_FINISHED
ABODE_LAYOUT mode=portrait size=(1280.0, 1280.0)
ABODE_LAYOUT mode=portrait size=(1280.0, 1280.0)
ABODE_CAMERA_HOME
ABODE_CAMERA_REGION
ABODE_LAYOUT mode=portrait size=(1280.0, 1280.0)
ABODE_CAMERA_COSMOS
ABODE_LAYOUT mode=portrait size=(1280.0, 1280.0)
ABODE_CAMERA_HOME
NINE_REALMS_HOOK_FINISHED
ABODE_LAYOUT mode=portrait size=(1280.0, 1280.0)
ABODE_LAYOUT mode=portrait size=(1280.0, 1280.0)
ABODE_CAMERA_HOME
ABODE_LAYOUT mode=portrait size=(1280.0, 1280.0)
ABODE_LAYOUT mode=portrait size=(1280.0, 1280.0)
ABODE_CAMERA_HOME
ABODE_HOME
ABODE_REINCARNATION: cycle=1
NINE_REALMS_HOOK_TRIGGERED
ABODE_CAMERA_COSMOS
ABODE_REINCARNATION_SEQUENCE_STARTED: cycle=1
NINE_REALMS_CINEMATIC_DONE
ABODE_CAMERA_HOME
NINE_REALMS_HOOK_FINISHED
ABODE_LAYOUT mode=portrait size=(1280.0, 1280.0)
ABODE_LAYOUT mode=portrait size=(1280.0, 1280.0)
ABODE_READY: native Camera2D, home landmark and managed building catalogue, autonomous state and flying swords
ABODE_LAYOUT mode=portrait size=(1280.0, 1280.0)
ABODE_LAYOUT mode=portrait size=(1280.0, 1280.0)
PASS: M2-D full slice release, end-to-end progression, 50x view switching memory stability (1187.91 KB), and save integrity.
ERROR: 1 RID allocations of type 'PN18TextServerAdvanced12FontAdvancedE' were leaked at exit.
WARNING: 2 RIDs of type "CanvasItem" were leaked.
   at: _free_rids (servers/rendering/renderer_canvas_cull.cpp:2735)
WARNING: 10 ObjectDB instances were leaked at exit (run with `--verbose` for details).
   at: cleanup (core/object/object.cpp:2536)
ERROR: 1 resources still in use at exit (run with --verbose for details).
   at: clear (core/io/resource.cpp:822)
