Godot Engine v4.7.2.stable.official.ed1daf0bf - https://godotengine.org
OpenGL API 3.3.0 NVIDIA 610.74 - Compatibility - Using Device: NVIDIA - NVIDIA GeForce GTX 1660 Ti

ABODE_LAYOUT mode=wide size=(1280.0, 720.0)
ABODE_READY: native Camera2D, home landmark and managed building catalogue, autonomous state and flying swords
ABODE_LAYOUT mode=wide size=(1280.0, 720.0)
ABODE_LAYOUT mode=wide size=(1280.0, 720.0)
UI_MATERIAL_CAPTURE home-1280x720 viewport=(1280.0, 720.0)
ABODE_LAYOUT mode=wide size=(1280.0, 720.0)
UI_MATERIAL_CAPTURE catalog-1280x720 viewport=(1280.0, 720.0)
UI_MATERIAL_CAPTURE catalog-states-1280x720 viewport=(1280.0, 720.0)
ABODE_LAYOUT mode=compact size=(779.0, 360.0)
ABODE_LAYOUT mode=compact size=(779.0, 360.0)
ABODE_LAYOUT mode=compact size=(779.0, 360.0)
UI_MATERIAL_CAPTURE catalog-844x390 viewport=(779.0, 360.0)
ABODE_LAYOUT mode=compact size=(779.0, 360.0)
ABODE_LAYOUT mode=compact size=(779.0, 360.0)
UI_MATERIAL_CAPTURE home-844x390 viewport=(779.0, 360.0)
ABODE_LAYOUT mode=wide size=(1280.0, 720.0)
ABODE_LAYOUT mode=wide size=(1280.0, 720.0)
ABODE_LAYOUT mode=wide size=(1280.0, 720.0)
ABODE_LAYOUT mode=wide size=(1280.0, 720.0)
UI_MATERIAL_CAPTURE alchemy_panel-1280x720 viewport=(1280.0, 720.0)
ABODE_LAYOUT mode=compact size=(779.0, 360.0)
ABODE_LAYOUT mode=compact size=(779.0, 360.0)
ABODE_LAYOUT mode=compact size=(779.0, 360.0)
UI_MATERIAL_CAPTURE alchemy_panel-844x390 viewport=(779.0, 360.0)
ABODE_LAYOUT mode=wide size=(1280.0, 720.0)
ABODE_LAYOUT mode=wide size=(1280.0, 720.0)
ABODE_LAYOUT mode=wide size=(1280.0, 720.0)
UI_MATERIAL_CAPTURE reincarnation_panel-1280x720 viewport=(1280.0, 720.0)
ABODE_LAYOUT mode=compact size=(779.0, 360.0)
ABODE_LAYOUT mode=compact size=(779.0, 360.0)
ABODE_LAYOUT mode=compact size=(779.0, 360.0)
UI_MATERIAL_CAPTURE reincarnation_panel-844x390 viewport=(779.0, 360.0)
ABODE_LAYOUT mode=wide size=(1280.0, 720.0)
ABODE_LAYOUT mode=wide size=(1280.0, 720.0)
ABODE_LAYOUT mode=wide size=(1280.0, 720.0)
UI_MATERIAL_CAPTURE realm_modal-1280x720 viewport=(1280.0, 720.0)
ABODE_LAYOUT mode=compact size=(779.0, 360.0)
ABODE_LAYOUT mode=compact size=(779.0, 360.0)
ABODE_LAYOUT mode=compact size=(779.0, 360.0)
UI_MATERIAL_CAPTURE realm_modal-844x390 viewport=(779.0, 360.0)
ABODE_LAYOUT mode=wide size=(1280.0, 720.0)
ABODE_LAYOUT mode=wide size=(1280.0, 720.0)
ABODE_LAYOUT mode=wide size=(1280.0, 720.0)
UI_MATERIAL_CAPTURE sect_panel-1280x720 viewport=(1280.0, 720.0)
SECT_PREVIEW scroll=(592.0, 433.0) content=(592.0, 383.0) min=(466.0, 383.0) children=5
ABODE_LAYOUT mode=compact size=(779.0, 360.0)
ABODE_LAYOUT mode=compact size=(779.0, 360.0)
ABODE_LAYOUT mode=compact size=(779.0, 360.0)
UI_MATERIAL_CAPTURE sect_panel-844x390 viewport=(779.0, 360.0)
ABODE_LAYOUT mode=wide size=(1280.0, 720.0)
ABODE_LAYOUT mode=wide size=(1280.0, 720.0)
ABODE_LAYOUT mode=wide size=(1280.0, 720.0)
UI_MATERIAL_CAPTURE save_controls-1280x720 viewport=(1280.0, 720.0)
ABODE_LAYOUT mode=compact size=(779.0, 360.0)
ABODE_LAYOUT mode=compact size=(779.0, 360.0)
ABODE_LAYOUT mode=compact size=(779.0, 360.0)
UI_MATERIAL_CAPTURE save_controls-844x390 viewport=(779.0, 360.0)
ABODE_LAYOUT mode=wide size=(1280.0, 720.0)
ABODE_LAYOUT mode=wide size=(1280.0, 720.0)
ABODE_CAMERA_COSMOS
UI_MATERIAL_CAPTURE nine-realms-1280x720 viewport=(1280.0, 720.0)
ERROR: 1 RID allocations of type 'PN18TextServerAdvanced12FontAdvancedE' were leaked at exit.
WARNING: 1 RID of type "CanvasItem" was leaked.
   at: _free_rids (servers/rendering/renderer_canvas_cull.cpp:2733)
WARNING: 6 ObjectDB instances were leaked at exit (run with `--verbose` for details).
   at: cleanup (core/object/object.cpp:2536)
