Godot Engine v4.7.2.stable.official.ed1daf0bf - https://godotengine.org

[   0% ] [90m[1mfirst_scan_filesystem[22m | Started 專案初始化中 (5 steps)[39m[0m
[   0% ] [90m[1mfirst_scan_filesystem[22m | 正在掃描檔案結構…[39m[0m
[  16% ] [90m[1mfirst_scan_filesystem[22m | 正在載入全域類別名稱…[39m[0m
[  33% ] [90m[1mfirst_scan_filesystem[22m | 正在驗證 GDExtension…[39m[0m
[  50% ] [90m[1mfirst_scan_filesystem[22m | 正在建立自動載入腳本…[39m[0m
[  66% ] [90m[1mfirst_scan_filesystem[22m | 初始化外掛程式...[39m[0m
[  83% ] [90m[1mfirst_scan_filesystem[22m | 開始掃描檔案...[39m[0m
[92m[ DONE ][39m [1mfirst_scan_filesystem[22m
[0m
[   0% ] [90m[1mupdate_scripts_classes[22m | Started 註冊全域類別中... (11 steps)[39m[0m
[   0% ] [90m[1mupdate_scripts_classes[22m | [39m[0m
[   8% ] [90m[1mupdate_scripts_classes[22m | [39m[0m
[  16% ] [90m[1mupdate_scripts_classes[22m | AlchemyPanel[39m[0m
[  25% ] [90m[1mupdate_scripts_classes[22m | BuffHudBar[39m[0m
[  33% ] [90m[1mupdate_scripts_classes[22m | [39m[0m
[  41% ] [90m[1mupdate_scripts_classes[22m | NineRealmsPreview[39m[0m
[  50% ] [90m[1mupdate_scripts_classes[22m | RealmTeleportModal[39m[0m
[  58% ] [90m[1mupdate_scripts_classes[22m | ReincarnationPanel[39m[0m
[  66% ] [90m[1mupdate_scripts_classes[22m | SectPanel[39m[0m
[  75% ] [90m[1mupdate_scripts_classes[22m | UiMaterial[39m[0m
[  83% ] [90m[1mupdate_scripts_classes[22m | UiTypography[39m[0m
[92m[ DONE ][39m [1mupdate_scripts_classes[22m
[0m
[   0% ] [90m[1m_update_scan_actions[22m | Started 掃描動作中... (3 steps)[39m[0m
[   0% ] [90m[1m_update_scan_actions[22m | ui-first-glimpse-v1.png[39m[0m
[  25% ] [90m[1m_update_scan_actions[22m | ui-home-v1.png[39m[0m
[  50% ] [90m[1m_update_scan_actions[22m | ui-nine-realms-v1.png[39m[0m
[92m[ DONE ][39m [1m_update_scan_actions[22m
[0m
[   0% ] [90m[1mloading_editor_layout[22m | Started 正在載入編輯器 (5 steps)[39m[0m
[   0% ] [90m[1mloading_editor_layout[22m | 正在載入編輯器佈局…[39m[0m
[  16% ] [90m[1mloading_editor_layout[22m | 正在載入面板…[39m[0m
[92m[ DONE ][39m [1mloading_editor_layout[22m
[0m
