ERROR: Failed to open 'user://logs/godot2026-10-03T01.26.33.log'.
   at: copy (core/io/dir_access.cpp:429)
ERROR: Failed to open log file for writing: user://logs/godot.log
   at: rotate_file (core/io/logger.cpp:169)
Godot Engine v4.7.2.stable.official.ed1daf0bf - https://godotengine.org

ERROR: Failed to read the root certificate store.
   at: get_system_ca_certificates (platform/windows/os_windows.cpp:2582)
ABODE_LAYOUT mode=portrait size=(1280.0, 1280.0)
ABODE_READY: native Camera2D, home landmark and managed building catalogue, autonomous state and flying swords
ABODE_LAYOUT mode=portrait size=(1280.0, 1280.0)
ABODE_LAYOUT mode=wide size=(1280.0, 720.0)
ABODE_LAYOUT mode=wide size=(1280.0, 720.0)
ABODE_LAYOUT mode=wide size=(1280.0, 720.0)
ABODE_LAYOUT mode=wide size=(1280.0, 720.0)
ABODE_LAYOUT mode=wide size=(1280.0, 720.0)
ABODE_LAYOUT mode=wide size=(1280.0, 720.0)
ABODE_LAYOUT mode=wide size=(1280.0, 720.0)
ABODE_LAYOUT mode=wide size=(1280.0, 720.0)
ABODE_LAYOUT mode=wide size=(1280.0, 720.0)
ABODE_LAYOUT mode=wide size=(1280.0, 720.0)
ABODE_LAYOUT mode=wide size=(1280.0, 720.0)
ABODE_LAYOUT mode=wide size=(1280.0, 720.0)
ABODE_LAYOUT mode=wide size=(1280.0, 720.0)
ABODE_LAYOUT mode=wide size=(1280.0, 720.0)
ABODE_LAYOUT mode=wide size=(1280.0, 720.0)
ABODE_LAYOUT mode=wide size=(1280.0, 720.0)
ABODE_LAYOUT mode=wide size=(1280.0, 720.0)
ABODE_CAMERA_COSMOS
ABODE_LAYOUT mode=wide size=(1280.0, 720.0)
ABODE_LAYOUT mode=wide size=(1280.0, 720.0)
ABODE_CAMERA_HOME
NINE_REALMS_HOOK_FINISHED
ABODE_LAYOUT mode=wide size=(1280.0, 720.0)
ABODE_LAYOUT mode=wide size=(1280.0, 720.0)
ABODE_LAYOUT mode=wide size=(1280.0, 720.0)
ERROR: NAV1: page navigation does not alter rules: sect
   at: push_error (core/variant/variant_utility.cpp:1023)
   GDScript backtrace (most recent call first):
       [0] check (res://tests/feature_navigation_runner.gd:9)
       [1] _run (res://tests/feature_navigation_runner.gd:36)
ABODE_LAYOUT mode=wide size=(1280.0, 720.0)
ABODE_LAYOUT mode=wide size=(1280.0, 720.0)
ABODE_LAYOUT mode=wide size=(1280.0, 720.0)
ERROR: NAV1: page navigation does not alter rules: fortune
   at: push_error (core/variant/variant_utility.cpp:1023)
   GDScript backtrace (most recent call first):
       [0] check (res://tests/feature_navigation_runner.gd:9)
       [1] _run (res://tests/feature_navigation_runner.gd:36)
ABODE_LAYOUT mode=wide size=(1280.0, 720.0)
ABODE_LAYOUT mode=wide size=(1280.0, 720.0)
ABODE_LAYOUT mode=wide size=(1280.0, 720.0)
ERROR: NAV1: page navigation does not alter rules: decisions
   at: push_error (core/variant/variant_utility.cpp:1023)
   GDScript backtrace (most recent call first):
       [0] check (res://tests/feature_navigation_runner.gd:9)
       [1] _run (res://tests/feature_navigation_runner.gd:36)
ABODE_LAYOUT mode=wide size=(1280.0, 720.0)
ABODE_LAYOUT mode=wide size=(1280.0, 720.0)
ABODE_LAYOUT mode=compact size=(844.0, 390.0)
ABODE_LAYOUT mode=compact size=(844.0, 390.0)
ABODE_LAYOUT mode=compact size=(844.0, 390.0)
ABODE_LAYOUT mode=compact size=(844.0, 390.0)
ERROR: NAV1: page navigation does not alter rules: buildings
   at: push_error (core/variant/variant_utility.cpp:1023)
   GDScript backtrace (most recent call first):
       [0] check (res://tests/feature_navigation_runner.gd:9)
       [1] _run (res://tests/feature_navigation_runner.gd:36)
ABODE_LAYOUT mode=compact size=(844.0, 390.0)
ABODE_LAYOUT mode=compact size=(844.0, 390.0)
ABODE_LAYOUT mode=compact size=(844.0, 390.0)
ERROR: NAV1: page navigation does not alter rules: outposts
   at: push_error (core/variant/variant_utility.cpp:1023)
   GDScript backtrace (most recent call first):
       [0] check (res://tests/feature_navigation_runner.gd:9)
       [1] _run (res://tests/feature_navigation_runner.gd:36)
ABODE_LAYOUT mode=compact size=(844.0, 390.0)
ABODE_LAYOUT mode=compact size=(844.0, 390.0)
ABODE_LAYOUT mode=compact size=(844.0, 390.0)
ERROR: NAV1: page navigation does not alter rules: alchemy
   at: push_error (core/variant/variant_utility.cpp:1023)
   GDScript backtrace (most recent call first):
       [0] check (res://tests/feature_navigation_runner.gd:9)
       [1] _run (res://tests/feature_navigation_runner.gd:36)
ABODE_LAYOUT mode=compact size=(844.0, 390.0)
ABODE_LAYOUT mode=compact size=(844.0, 390.0)
ABODE_LAYOUT mode=compact size=(844.0, 390.0)
ERROR: NAV1: page navigation does not alter rules: beasts
   at: push_error (core/variant/variant_utility.cpp:1023)
   GDScript backtrace (most recent call first):
       [0] check (res://tests/feature_navigation_runner.gd:9)
       [1] _run (res://tests/feature_navigation_runner.gd:36)
ABODE_LAYOUT mode=compact size=(844.0, 390.0)
ABODE_LAYOUT mode=compact size=(844.0, 390.0)
ABODE_LAYOUT mode=compact size=(844.0, 390.0)
ERROR: NAV1: page navigation does not alter rules: reincarnation
   at: push_error (core/variant/variant_utility.cpp:1023)
   GDScript backtrace (most recent call first):
       [0] check (res://tests/feature_navigation_runner.gd:9)
       [1] _run (res://tests/feature_navigation_runner.gd:36)
ABODE_LAYOUT mode=compact size=(844.0, 390.0)
ABODE_CAMERA_COSMOS
ABODE_LAYOUT mode=compact size=(844.0, 390.0)
ABODE_LAYOUT mode=compact size=(844.0, 390.0)
ERROR: NAV1: page navigation does not alter rules: realms
   at: push_error (core/variant/variant_utility.cpp:1023)
   GDScript backtrace (most recent call first):
       [0] check (res://tests/feature_navigation_runner.gd:9)
       [1] _run (res://tests/feature_navigation_runner.gd:36)
ABODE_CAMERA_HOME
NINE_REALMS_HOOK_FINISHED
ABODE_LAYOUT mode=compact size=(844.0, 390.0)
ABODE_LAYOUT mode=compact size=(844.0, 390.0)
ABODE_LAYOUT mode=compact size=(844.0, 390.0)
ERROR: NAV1: page navigation does not alter rules: sect
   at: push_error (core/variant/variant_utility.cpp:1023)
   GDScript backtrace (most recent call first):
       [0] check (res://tests/feature_navigation_runner.gd:9)
       [1] _run (res://tests/feature_navigation_runner.gd:36)
ABODE_LAYOUT mode=compact size=(844.0, 390.0)
ABODE_LAYOUT mode=compact size=(844.0, 390.0)
ABODE_LAYOUT mode=compact size=(844.0, 390.0)
ERROR: NAV1: page navigation does not alter rules: fortune
   at: push_error (core/variant/variant_utility.cpp:1023)
   GDScript backtrace (most recent call first):
       [0] check (res://tests/feature_navigation_runner.gd:9)
       [1] _run (res://tests/feature_navigation_runner.gd:36)
ABODE_LAYOUT mode=compact size=(844.0, 390.0)
ABODE_LAYOUT mode=compact size=(844.0, 390.0)
ABODE_LAYOUT mode=compact size=(844.0, 390.0)
ERROR: NAV1: page navigation does not alter rules: decisions
   at: push_error (core/variant/variant_utility.cpp:1023)
   GDScript backtrace (most recent call first):
       [0] check (res://tests/feature_navigation_runner.gd:9)
       [1] _run (res://tests/feature_navigation_runner.gd:36)
ABODE_LAYOUT mode=compact size=(844.0, 390.0)
ABODE_LAYOUT mode=compact size=(844.0, 390.0)
ABODE_LAYOUT mode=compact size=(640.0, 360.0)
ABODE_LAYOUT mode=compact size=(640.0, 360.0)
ABODE_LAYOUT mode=compact size=(640.0, 360.0)
ABODE_LAYOUT mode=compact size=(640.0, 360.0)
ERROR: NAV1: page navigation does not alter rules: buildings
   at: push_error (core/variant/variant_utility.cpp:1023)
   GDScript backtrace (most recent call first):
       [0] check (res://tests/feature_navigation_runner.gd:9)
       [1] _run (res://tests/feature_navigation_runner.gd:36)
ABODE_LAYOUT mode=compact size=(640.0, 360.0)
ABODE_LAYOUT mode=compact size=(640.0, 360.0)
ABODE_LAYOUT mode=compact size=(640.0, 360.0)
ERROR: NAV1: page navigation does not alter rules: outposts
   at: push_error (core/variant/variant_utility.cpp:1023)
   GDScript backtrace (most recent call first):
       [0] check (res://tests/feature_navigation_runner.gd:9)
       [1] _run (res://tests/feature_navigation_runner.gd:36)
ABODE_LAYOUT mode=compact size=(640.0, 360.0)
ABODE_LAYOUT mode=compact size=(640.0, 360.0)
ABODE_LAYOUT mode=compact size=(640.0, 360.0)
ERROR: NAV1: page navigation does not alter rules: alchemy
   at: push_error (core/variant/variant_utility.cpp:1023)
   GDScript backtrace (most recent call first):
       [0] check (res://tests/feature_navigation_runner.gd:9)
       [1] _run (res://tests/feature_navigation_runner.gd:36)
ABODE_LAYOUT mode=compact size=(640.0, 360.0)
ABODE_LAYOUT mode=compact size=(640.0, 360.0)
ABODE_LAYOUT mode=compact size=(640.0, 360.0)
ERROR: NAV1: page navigation does not alter rules: beasts
   at: push_error (core/variant/variant_utility.cpp:1023)
   GDScript backtrace (most recent call first):
       [0] check (res://tests/feature_navigation_runner.gd:9)
       [1] _run (res://tests/feature_navigation_runner.gd:36)
ABODE_LAYOUT mode=compact size=(640.0, 360.0)
ABODE_LAYOUT mode=compact size=(640.0, 360.0)
ABODE_LAYOUT mode=compact size=(640.0, 360.0)
ERROR: NAV1: page navigation does not alter rules: reincarnation
   at: push_error (core/variant/variant_utility.cpp:1023)
   GDScript backtrace (most recent call first):
       [0] check (res://tests/feature_navigation_runner.gd:9)
       [1] _run (res://tests/feature_navigation_runner.gd:36)
ABODE_LAYOUT mode=compact size=(640.0, 360.0)
ABODE_CAMERA_COSMOS
ABODE_LAYOUT mode=compact size=(640.0, 360.0)
ABODE_LAYOUT mode=compact size=(640.0, 360.0)
ERROR: NAV1: page navigation does not alter rules: realms
   at: push_error (core/variant/variant_utility.cpp:1023)
   GDScript backtrace (most recent call first):
       [0] check (res://tests/feature_navigation_runner.gd:9)
       [1] _run (res://tests/feature_navigation_runner.gd:36)
ABODE_CAMERA_HOME
NINE_REALMS_HOOK_FINISHED
ABODE_LAYOUT mode=compact size=(640.0, 360.0)
ABODE_LAYOUT mode=compact size=(640.0, 360.0)
ABODE_LAYOUT mode=compact size=(640.0, 360.0)
ERROR: NAV1: page navigation does not alter rules: sect
   at: push_error (core/variant/variant_utility.cpp:1023)
   GDScript backtrace (most recent call first):
       [0] check (res://tests/feature_navigation_runner.gd:9)
       [1] _run (res://tests/feature_navigation_runner.gd:36)
ABODE_LAYOUT mode=compact size=(640.0, 360.0)
ABODE_LAYOUT mode=compact size=(640.0, 360.0)
ABODE_LAYOUT mode=compact size=(640.0, 360.0)
ERROR: NAV1: page navigation does not alter rules: fortune
   at: push_error (core/variant/variant_utility.cpp:1023)
   GDScript backtrace (most recent call first):
       [0] check (res://tests/feature_navigation_runner.gd:9)
       [1] _run (res://tests/feature_navigation_runner.gd:36)
ABODE_LAYOUT mode=compact size=(640.0, 360.0)
ABODE_LAYOUT mode=compact size=(640.0, 360.0)
ABODE_LAYOUT mode=compact size=(640.0, 360.0)
ERROR: NAV1: page navigation does not alter rules: decisions
   at: push_error (core/variant/variant_utility.cpp:1023)
   GDScript backtrace (most recent call first):
       [0] check (res://tests/feature_navigation_runner.gd:9)
       [1] _run (res://tests/feature_navigation_runner.gd:36)
ABODE_LAYOUT mode=compact size=(640.0, 360.0)
ABODE_LAYOUT mode=compact size=(640.0, 360.0)
ABODE_LAYOUT mode=compact size=(640.0, 360.0)
ABODE_LAYOUT mode=compact size=(640.0, 360.0)
ABODE_LAYOUT mode=compact size=(640.0, 360.0)
ABODE_LAYOUT mode=compact size=(640.0, 360.0)
ABODE_LAYOUT mode=compact size=(640.0, 360.0)
ABODE_LAYOUT mode=compact size=(640.0, 360.0)
ABODE_LAYOUT mode=portrait size=(1280.0, 1280.0)
ABODE_LAYOUT mode=portrait size=(1280.0, 1280.0)
NAV1 navigation, neutrality, resource integration and UI command checks completed
ERROR: 1 RID allocations of type 'PN18TextServerAdvanced12FontAdvancedE' were leaked at exit.
WARNING: 1 RID of type "CanvasItem" was leaked.
   at: _free_rids (servers/rendering/renderer_canvas_cull.cpp:2733)
WARNING: 6 ObjectDB instances were leaked at exit (run with `--verbose` for details).
   at: cleanup (core/object/object.cpp:2536)
