ERROR: Failed to open 'user://logs/godot2026-10-03T01.24.57.log'.
   at: copy (core/io/dir_access.cpp:429)
ERROR: Failed to open log file for writing: user://logs/godot.log
   at: rotate_file (core/io/logger.cpp:169)
Godot Engine v4.7.2.stable.official.ed1daf0bf - https://godotengine.org

ERROR: Failed to read the root certificate store.
   at: get_system_ca_certificates (platform/windows/os_windows.cpp:2582)
ABODE_LAYOUT mode=portrait size=(1280.0, 1280.0)
ABODE_READY: native Camera2D, home landmark and managed building catalogue, autonomous state and flying swords
ABODE_LAYOUT mode=portrait size=(1280.0, 1280.0)
ABODE_LAYOUT mode=wide size=(1280.0, 720.0)
ABODE_LAYOUT mode=wide size=(1280.0, 720.0)
ABODE_LAYOUT mode=wide size=(1280.0, 720.0)
ABODE_LAYOUT mode=wide size=(1280.0, 720.0)
ABODE_LAYOUT mode=wide size=(1280.0, 720.0)
ABODE_LAYOUT mode=wide size=(1280.0, 720.0)
ABODE_LAYOUT mode=wide size=(1280.0, 720.0)
ABODE_LAYOUT mode=wide size=(1280.0, 720.0)
ABODE_LAYOUT mode=wide size=(1280.0, 720.0)
ABODE_LAYOUT mode=wide size=(1280.0, 720.0)
ABODE_LAYOUT mode=compact size=(844.0, 390.0)
ABODE_LAYOUT mode=compact size=(844.0, 390.0)
ABODE_LAYOUT mode=wide size=(1280.0, 720.0)
ERROR: FAIL: game feature actions must remain in More
   at: push_error (core/variant/variant_utility.cpp:1023)
   GDScript backtrace (most recent call first):
       [0] _expect (res://tests/m2d_responsive_ui_runner.gd:287)
       [1] _run (res://tests/m2d_responsive_ui_runner.gd:64)
ABODE_LAYOUT mode=wide size=(1280.0, 720.0)
ABODE_LAYOUT mode=wide size=(1280.0, 720.0)
ABODE_LAYOUT mode=wide size=(1280.0, 720.0)
ABODE_UPGRADE: hut level=1
ABODE_LAYOUT mode=wide size=(1280.0, 720.0)
ABODE_LAYOUT mode=portrait size=(1280.0, 1280.0)
ABODE_LAYOUT mode=wide size=(1280.0, 720.0)
ABODE_LAYOUT mode=wide size=(1280.0, 720.0)
ABODE_LAYOUT mode=wide size=(1280.0, 720.0)
ABODE_LAYOUT mode=wide size=(1280.0, 720.0)
ABODE_LAYOUT mode=wide size=(1280.0, 720.0)
ABODE_LAYOUT mode=wide size=(1280.0, 720.0)
ABODE_LAYOUT mode=wide size=(1280.0, 720.0)
ABODE_LAYOUT mode=wide size=(1280.0, 720.0)
ABODE_LAYOUT mode=wide size=(1280.0, 720.0)
ABODE_LAYOUT mode=wide size=(1280.0, 720.0)
ABODE_LAYOUT mode=portrait size=(1280.0, 1280.0)
ABODE_LAYOUT mode=portrait size=(1280.0, 1280.0)
ABODE_LAYOUT mode=wide size=(1280.0, 720.0)
ABODE_LAYOUT mode=wide size=(1920.0, 902.0)
ABODE_LAYOUT mode=compact size=(844.0, 390.0)
ABODE_LAYOUT mode=portrait size=(360.0, 640.0)
ERROR: FAIL: management (360.0, 640.0) must keep fixed status or focus short-phone detail
   at: push_error (core/variant/variant_utility.cpp:1023)
   GDScript backtrace (most recent call first):
       [0] _expect (res://tests/m2d_responsive_ui_runner.gd:287)
       [1] _check_management (res://tests/m2d_responsive_ui_runner.gd:264)
       [2] _run (res://tests/m2d_responsive_ui_runner.gd:163)
ERROR: FAIL: management (360.0, 640.0) navigation outside (360.0, 640.0): [P: (16.0, 568.0), S: (364.0, 56.0)]
   at: push_error (core/variant/variant_utility.cpp:1023)
   GDScript backtrace (most recent call first):
       [0] _expect (res://tests/m2d_responsive_ui_runner.gd:287)
       [1] _check_bounded (res://tests/m2d_responsive_ui_runner.gd:282)
       [2] _check_management (res://tests/m2d_responsive_ui_runner.gd:268)
       [3] _run (res://tests/m2d_responsive_ui_runner.gd:163)
ABODE_LAYOUT mode=portrait size=(360.0, 480.0)
ABODE_LAYOUT mode=portrait size=(360.0, 480.0)
ABODE_LAYOUT mode=portrait size=(360.0, 640.0)
ERROR: FAIL: return from detail must restore the building ledger
   at: push_error (core/variant/variant_utility.cpp:1023)
   GDScript backtrace (most recent call first):
       [0] _expect (res://tests/m2d_responsive_ui_runner.gd:287)
       [1] _run (res://tests/m2d_responsive_ui_runner.gd:175)
ABODE_LAYOUT mode=portrait size=(360.0, 480.0)
ABODE_LAYOUT mode=portrait size=(360.0, 480.0)
ABODE_LAYOUT mode=portrait size=(360.0, 480.0)
ABODE_LAYOUT mode=portrait size=(360.0, 480.0)
ABODE_LAYOUT mode=portrait size=(360.0, 480.0)
ABODE_LAYOUT mode=portrait size=(360.0, 480.0)
ABODE_LAYOUT mode=portrait size=(360.0, 480.0)
ABODE_LAYOUT mode=portrait size=(360.0, 480.0)
ABODE_LAYOUT mode=portrait size=(360.0, 480.0)
ABODE_LAYOUT mode=portrait size=(360.0, 480.0)
ABODE_LAYOUT mode=portrait size=(360.0, 480.0)
ABODE_LAYOUT mode=portrait size=(360.0, 480.0)
ABODE_LAYOUT mode=portrait size=(360.0, 640.0)
ABODE_LAYOUT mode=portrait size=(1280.0, 1280.0)
ABODE_LAYOUT mode=portrait size=(360.0, 640.0)
ABODE_LAYOUT mode=portrait size=(1280.0, 1280.0)
ABODE_LAYOUT mode=portrait size=(1280.0, 1280.0)
ABODE_CAMERA_COSMOS
ABODE_LAYOUT mode=portrait size=(1280.0, 1280.0)
ERROR: FAIL: nine-realms panel must fit a short phone viewport
   at: push_error (core/variant/variant_utility.cpp:1023)
   GDScript backtrace (most recent call first):
       [0] _expect (res://tests/m2d_responsive_ui_runner.gd:287)
       [1] _run (res://tests/m2d_responsive_ui_runner.gd:231)
ERROR: FAIL: nine-realms body must scroll
   at: push_error (core/variant/variant_utility.cpp:1023)
   GDScript backtrace (most recent call first):
       [0] _expect (res://tests/m2d_responsive_ui_runner.gd:287)
       [1] _run (res://tests/m2d_responsive_ui_runner.gd:234)
ABODE_CAMERA_HOME
NINE_REALMS_HOOK_FINISHED
ABODE_LAYOUT mode=portrait size=(1280.0, 1280.0)
ABODE_LAYOUT mode=portrait size=(1280.0, 1280.0)
ERROR: 1 RID allocations of type 'PN18TextServerAdvanced12FontAdvancedE' were leaked at exit.
WARNING: 1 RID of type "CanvasItem" was leaked.
   at: _free_rids (servers/rendering/renderer_canvas_cull.cpp:2733)
WARNING: 6 ObjectDB instances were leaked at exit (run with `--verbose` for details).
   at: cleanup (core/object/object.cpp:2536)
