[RUNNING] tools/test_runner.gd
Godot Engine v4.7.2.stable.official.ed1daf0bf - https://godotengine.org

PASS: project script, JSON serialization, user storage, and Traditional Chinese font glyphs are available.
[RUNNING] tests/abode_state_runner.gd
Godot Engine v4.7.2.stable.official.ed1daf0bf - https://godotengine.org

PASS: abode state advances independently from visual flow, upgrades, and garden pause.
[RUNNING] tests/living_abode_runner.gd
Godot Engine v4.7.2.stable.official.ed1daf0bf - https://godotengine.org

ABODE_LAYOUT mode=portrait size=(1280.0, 1280.0)
ABODE_READY: native Camera2D, home landmark and managed building catalogue, autonomous state and flying swords
ABODE_LAYOUT mode=portrait size=(1280.0, 1280.0)
ABODE_LAYOUT mode=portrait size=(1280.0, 1280.0)
ABODE_LAYOUT mode=wide size=(1280.0, 720.0)
ABODE_UPGRADE: hut level=1
ABODE_DIRECT_BUILD: hut
ABODE_LAYOUT mode=wide size=(1280.0, 720.0)
ABODE_SELECT: hut
ABODE_UPGRADE: hut level=2
ABODE_CHOP_TREE
ABODE_LAYOUT mode=wide size=(1280.0, 720.0)
ABODE_LAYOUT mode=wide size=(1280.0, 720.0)
ABODE_GARDEN_RUNNING: false
ABODE_LAYOUT mode=wide size=(1280.0, 720.0)
ABODE_LAYOUT mode=wide size=(1280.0, 720.0)
ABODE_CAMERA_REGION
ABODE_REGION: same world and simulation retained
ABODE_LAYOUT mode=wide size=(1280.0, 720.0)
ABODE_LAYOUT mode=wide size=(1280.0, 720.0)
ABODE_CAMERA_HOME
ABODE_HOME
PASS: living abode selects buildings, upgrades, pauses production, and changes scale.
ABODE_LAYOUT mode=portrait size=(1280.0, 1280.0)
ERROR: 1 RID allocations of type 'PN18TextServerAdvanced12FontAdvancedE' were leaked at exit.
WARNING: 1 RID of type "CanvasItem" was leaked.
   at: _free_rids (servers/rendering/renderer_canvas_cull.cpp:2733)
WARNING: 6 ObjectDB instances were leaked at exit (run with `--verbose` for details).
   at: cleanup (core/object/object.cpp:2536)
[RUNNING] tests/m0c_compat_v3_runner.gd
Godot Engine v4.7.2.stable.official.ed1daf0bf - https://godotengine.org

PASS: M0-C AmountCompat canonical contract and SeededRandomCompat match the fixture.
[RUNNING] tests/m1a_core_runner.gd
Godot Engine v4.7.2.stable.official.ed1daf0bf - https://godotengine.org

PASS: M1-A core contract, content validation, cost/onboarding parity, commands, idempotency, determinism.
[RUNNING] tests/m1b_time_runner.gd
Godot Engine v4.7.2.stable.official.ed1daf0bf - https://godotengine.org

PASS: M1-B clock, ticks, cultivation, lifespan, boundaries, determinism.
[RUNNING] tests/m1c_persistence_runner.gd
Godot Engine v4.7.2.stable.official.ed1daf0bf - https://godotengine.org

ERROR: Condition "CryptoCore::b64_decode(&w[0], buf.size(), &len, (unsigned char *)cstr.get_data(), strlen) != OK" is true. Returning: String()
   at: base64_to_utf8 (core/core_bind.cpp:1392)
   GDScript backtrace (most recent call first):
       [0] import_share_string (res://src/persistence/save_manager.gd:144)
       [1] _test_import_failure_preserves_progress (res://tests/m1c_persistence_runner.gd:190)
       [2] _init (res://tests/m1c_persistence_runner.gd:21)
PASS: M1-C save codec, two-slot persistence, checksum, export/import.
[RUNNING] tests/m1d_offline_runner.gd
Godot Engine v4.7.2.stable.official.ed1daf0bf - https://godotengine.org

PASS: M1-D offline settlement, cap 24h, cursor commit, no double grant.
[RUNNING] tests/m1e_import_runner.gd
Godot Engine v4.7.2.stable.official.ed1daf0bf - https://godotengine.org

ERROR: Condition "CryptoCore::b64_decode(&w[0], buf.size(), &len, (unsigned char *)cstr.get_data(), strlen) != OK" is true. Returning: String()
   at: base64_to_utf8 (core/core_bind.cpp:1392)
   GDScript backtrace (most recent call first):
       [0] decode_input (res://src/persistence/legacy_importer.gd:20)
       [1] import_text (res://src/persistence/legacy_importer.gd:209)
       [2] _test_corrupt (res://tests/m1e_import_runner.gd:381)
       [3] _init (res://tests/m1e_import_runner.gd:23)
ERROR: Parse JSON failed. Error at line 0: Expected 'true', 'false', or 'null', got 'broken'
   at: parse_string (core/io/json.cpp:629)
   GDScript backtrace (most recent call first):
       [0] import_text (res://src/persistence/legacy_importer.gd:213)
       [1] _test_corrupt (res://tests/m1e_import_runner.gd:384)
       [2] _init (res://tests/m1e_import_runner.gd:23)
PASS: M1-E legacy import decode, mapping, reports, and slot commit.
[RUNNING] tests/m2a_abode_runner.gd
Godot Engine v4.7.2.stable.official.ed1daf0bf - https://godotengine.org

ABODE_LAYOUT mode=portrait size=(1280.0, 1280.0)
ABODE_READY: native Camera2D, home landmark and managed building catalogue, autonomous state and flying swords
ABODE_LAYOUT mode=portrait size=(1280.0, 1280.0)
ABODE_LAYOUT mode=portrait size=(1280.0, 1280.0)
ABODE_LAYOUT mode=portrait size=(1280.0, 1280.0)
ABODE_LAYOUT mode=portrait size=(1280.0, 1280.0)
ABODE_LAYOUT mode=portrait size=(1280.0, 1280.0)
ABODE_LAYOUT mode=portrait size=(1280.0, 1280.0)
ABODE_UPGRADE: hut level=1
ABODE_UPGRADE: hut level=2
ABODE_LAYOUT mode=portrait size=(1280.0, 1280.0)
ABODE_LAYOUT mode=portrait size=(1280.0, 1280.0)
ABODE_READY: native Camera2D, home landmark and managed building catalogue, autonomous state and flying swords
ABODE_LAYOUT mode=portrait size=(1280.0, 1280.0)
ABODE_LAYOUT mode=portrait size=(1280.0, 1280.0)
ABODE_MOTION reduced=true
PASS: M2-A abode blank opening, manual start, auto production, chained unlocks, save/reload, and determinism.
ERROR: 1 RID allocations of type 'PN18TextServerAdvanced12FontAdvancedE' were leaked at exit.
WARNING: 2 RIDs of type "CanvasItem" were leaked.
   at: _free_rids (servers/rendering/renderer_canvas_cull.cpp:2735)
WARNING: 10 ObjectDB instances were leaked at exit (run with `--verbose` for details).
   at: cleanup (core/object/object.cpp:2536)
ERROR: 1 resources still in use at exit (run with --verbose for details).
   at: clear (core/io/resource.cpp:822)
[RUNNING] tests/m2b_breakthrough_runner.gd
Godot Engine v4.7.2.stable.official.ed1daf0bf - https://godotengine.org

ABODE_LAYOUT mode=portrait size=(1280.0, 1280.0)
ABODE_READY: native Camera2D, home landmark and managed building catalogue, autonomous state and flying swords
ABODE_LAYOUT mode=portrait size=(1280.0, 1280.0)
ABODE_LAYOUT mode=portrait size=(1280.0, 1280.0)
ABODE_LAYOUT mode=portrait size=(1280.0, 1280.0)
ABODE_LAYOUT mode=portrait size=(1280.0, 1280.0)
ABODE_READY: native Camera2D, home landmark and managed building catalogue, autonomous state and flying swords
ABODE_LAYOUT mode=portrait size=(1280.0, 1280.0)
ABODE_LAYOUT mode=portrait size=(1280.0, 1280.0)
ABODE_LAYOUT mode=portrait size=(360.0, 640.0)
ERROR: Index p_idx = -1 is out of bounds (items.size() = 0).
   at: is_item_disabled (scene/gui/popup_menu.cpp:2546)
   GDScript backtrace (most recent call first):
       [0] _run (res://tests/m2b_breakthrough_runner.gd:166)
ABODE_LAYOUT mode=wide size=(1280.0, 720.0)
ERROR: M2-B FAIL: Era 2 replay must remain available through the wide More menu
   at: push_error (core/variant/variant_utility.cpp:1023)
   GDScript backtrace (most recent call first):
       [0] _fail (res://tests/m2b_breakthrough_runner.gd:184)
       [1] _run (res://tests/m2b_breakthrough_runner.gd:174)
ERROR: 1 RID allocations of type 'PN18TextServerAdvanced12FontAdvancedE' were leaked at exit.
WARNING: 2 RIDs of type "CanvasItem" were leaked.
   at: _free_rids (servers/rendering/renderer_canvas_cull.cpp:2735)
WARNING: 10 ObjectDB instances were leaked at exit (run with `--verbose` for details).
   at: cleanup (core/object/object.cpp:2536)
ERROR: 1 resources still in use at exit (run with --verbose for details).
   at: clear (core/io/resource.cpp:822)
E:\WORK\Dao2\tools\run_all_runners.ps1 : Runner failed: tests/m2b_breakthrough_runner.gd with exit code 1
At E:\WORK\Dao2\tools\run_all_runners.ps1:48 char:9
+         Write-Error "Runner failed: $r with exit code $LASTEXITCODE"
+         ~~~~~~~~~~~~~~~~~~~~~~~~~~~~~~~~~~~~~~~~~~~~~~~~~~~~~~~~~~~~
    + CategoryInfo          : NotSpecified: (:) [Write-Error], WriteErrorException
    + FullyQualifiedErrorId : Microsoft.PowerShell.Commands.WriteErrorException,run_all_runners.ps1
