Godot Engine v4.7.2.stable.official.ed1daf0bf - https://godotengine.org

ERROR: Failed to read the root certificate store.
   at: get_system_ca_certificates (platform/windows/os_windows.cpp:2582)
[   0% ] [90m[1mfirst_scan_filesystem[22m | Started 專案初始化中 (5 steps)[39m[0m
[   0% ] [90m[1mfirst_scan_filesystem[22m | 正在掃描檔案結構…[39m[0m
[  16% ] [90m[1mfirst_scan_filesystem[22m | 正在載入全域類別名稱…[39m[0m
[  33% ] [90m[1mfirst_scan_filesystem[22m | 正在驗證 GDExtension…[39m[0m
[  50% ] [90m[1mfirst_scan_filesystem[22m | 正在建立自動載入腳本…[39m[0m
[  66% ] [90m[1mfirst_scan_filesystem[22m | 初始化外掛程式...[39m[0m
[  83% ] [90m[1mfirst_scan_filesystem[22m | 開始掃描檔案...[39m[0m
[92m[ DONE ][39m [1mfirst_scan_filesystem[22m
[0m
[   0% ] [90m[1mupdate_scripts_classes[22m | Started 註冊全域類別中... (4 steps)[39m[0m
[   0% ] [90m[1mupdate_scripts_classes[22m | [39m[0m
[  20% ] [90m[1mupdate_scripts_classes[22m | ReincarnationPanel[39m[0m
[  40% ] [90m[1mupdate_scripts_classes[22m | UiMaterial[39m[0m
[  60% ] [90m[1mupdate_scripts_classes[22m | [39m[0m
[92m[ DONE ][39m [1mupdate_scripts_classes[22m
[0m
[   0% ] [90m[1m_update_scan_actions[22m | Started 掃描動作中... (10 steps)[39m[0m
[   0% ] [90m[1m_update_scan_actions[22m | cinnabar_button.svg[39m[0m
[   9% ] [90m[1m_update_scan_actions[22m | jade_card.svg[39m[0m
[  18% ] [90m[1m_update_scan_actions[22m | jade_panel.svg[39m[0m
[  27% ] [90m[1m_update_scan_actions[22m | jade_selected.svg[39m[0m
[  36% ] [90m[1m_update_scan_actions[22m | paper_button.svg[39m[0m
[  45% ] [90m[1m_update_scan_actions[22m | silk_panel.svg[39m[0m
[  54% ] [90m[1m_update_scan_actions[22m | silk_row.svg[39m[0m
[  63% ] [90m[1m_update_scan_actions[22m | ui-first-glimpse-v1.png[39m[0m
[  72% ] [90m[1m_update_scan_actions[22m | ui-home-v1.png[39m[0m
[  81% ] [90m[1m_update_scan_actions[22m | ui-nine-realms-v1.png[39m[0m
[92m[ DONE ][39m [1m_update_scan_actions[22m
[0m
[   0% ] [90m[1mreimport[22m | Started （重新）匯入素材 (7 steps)[39m[0m
[   0% ] [90m[1mreimport[22m | 正在準備重新匯入檔案…[39m[0m
[  12% ] [90m[1mreimport[22m | 正在準備重新匯入檔案…[39m[0m
[  25% ] [90m[1mreimport[22m | 正在準備重新匯入檔案…[39m[0m
[  37% ] [90m[1mreimport[22m | 正在準備重新匯入檔案…[39m[0m
[  50% ] [90m[1mreimport[22m | 正在準備重新匯入檔案…[39m[0m
[  62% ] [90m[1mreimport[22m | 正在準備重新匯入檔案…[39m[0m
[  75% ] [90m[1mreimport[22m | 正在準備重新匯入檔案…[39m[0m
[   0% ] [90m[1mreimport[22m | 執行預先重新匯入作業…[39m[0m
[   0% ] [90m[1mreimport[22m | cinnabar_button.svg[39m[0m
[  12% ] [90m[1mreimport[22m | jade_card.svg[39m[0m
[  25% ] [90m[1mreimport[22m | jade_panel.svg[39m[0m
[  37% ] [90m[1mreimport[22m | jade_selected.svg[39m[0m
[  50% ] [90m[1mreimport[22m | paper_button.svg[39m[0m
[  62% ] [90m[1mreimport[22m | silk_panel.svg[39m[0m
[  75% ] [90m[1mreimport[22m | silk_row.svg[39m[0m
[  87% ] [90m[1mreimport[22m | 完成素材匯入...[39m[0m
[92m[ DONE ][39m [1mreimport[22m
[0m
[   0% ] [90m[1mreimport[22m | Started （重新）匯入素材 (7 steps)[39m[0m
[   0% ] [90m[1mreimport[22m | 執行重新匯入後續處理作業…[39m[0m
[92m[ DONE ][39m [1mreimport[22m
[0m
[   0% ] [90m[1mloading_editor_layout[22m | Started 正在載入編輯器 (5 steps)[39m[0m
[   0% ] [90m[1mloading_editor_layout[22m | 正在載入編輯器佈局…[39m[0m
[  16% ] [90m[1mloading_editor_layout[22m | 正在載入面板…[39m[0m
[92m[ DONE ][39m [1mloading_editor_layout[22m
[0m
