ERROR: Failed to open 'user://logs/godot2026-10-02T02.30.11.log'.
   at: copy (core/io/dir_access.cpp:429)
ERROR: Failed to open log file for writing: user://logs/godot.log
   at: rotate_file (core/io/logger.cpp:169)
Godot Engine v4.7.2.stable.official.ed1daf0bf - https://godotengine.org
OpenGL API 3.3.0 NVIDIA 610.74 - Compatibility - Using Device: NVIDIA - NVIDIA GeForce GTX 1660 Ti

ERROR: Failed to read the root certificate store.
   at: get_system_ca_certificates (platform/windows/os_windows.cpp:2582)
ABODE_LAYOUT mode=wide size=(1280.0, 720.0)
ABODE_READY: native Camera2D, home landmark and managed building catalogue, autonomous state and flying swords
ABODE_LAYOUT mode=wide size=(1280.0, 720.0)
UI_MATERIAL_CAPTURE hud-quantity-1280x720 viewport=(1280.0, 720.0)
UI_MATERIAL_CAPTURE primary-action-1280x720 viewport=(1280.0, 720.0)
ABODE_LAYOUT mode=wide size=(1280.0, 720.0)
UI_MATERIAL_CAPTURE completed-island-1280x720 viewport=(1280.0, 720.0)
ABODE_LAYOUT mode=wide size=(1280.0, 720.0)
UI_MATERIAL_CAPTURE completed-management-1280x720 viewport=(1280.0, 720.0)
ABODE_LAYOUT mode=wide size=(1280.0, 720.0)
ABODE_LAYOUT mode=wide size=(1280.0, 720.0)
ABODE_LAYOUT mode=compact size=(779.0, 360.0)
ABODE_LAYOUT mode=compact size=(779.0, 360.0)
ABODE_LAYOUT mode=compact size=(779.0, 360.0)
UI_MATERIAL_CAPTURE messages-844x390 viewport=(779.0, 360.0)
ERROR: 1 RID allocations of type 'PN18TextServerAdvanced12FontAdvancedE' were leaked at exit.
WARNING: 1 RID of type "CanvasItem" was leaked.
   at: _free_rids (servers/rendering/renderer_canvas_cull.cpp:2733)
WARNING: 6 ObjectDB instances were leaked at exit (run with `--verbose` for details).
   at: cleanup (core/object/object.cpp:2536)
